[1980-01-06 08:00:16]<6>[    0.000000] Booting Linux on physical CPU 0x0
<6>[    0.000000] Initializing cgroup subsys cpu
<6>[    0.000000] Initializing cgroup subsys cpuacct
<5>[    0.000000] Linux version 3.18.20 (dfsk516L-19@server) (gcc version 4.9.2 (GCC) ) #1 PREEMPT Thu Oct 31 14:35:40 CST 2019
<6>[    0.000000] CPU: ARMv7 Processor [410fc075] revision 5 (ARMv7), cr=10c53c7d
<6>[    0.000000] CPU: PIPT / VIPT nonaliasing data cache, VIPT aliasing instruction cache
<6>[    0.000000] Machine model: Qualcomm Technologies, Inc. MDM 9607 MTP
<6>[    0.000000] Early serial console at I/O port 0x0 (options '')
<6>[    0.000000] bootconsole [uart0] enabled
<6>[    0.000000] Reserved memory: reserved region for node 'modem_adsp_region@0': base 0x82a00000, size 80 MiB
<6>[    0.000000] Reserved memory: reserved region for node 'cnss_debug_region@0': base 0x87a00000, size 2 MiB
<6>[    0.000000] Reserved memory: reserved region for node 'external_image_region@0': base 0x87c00000, size 4 MiB
<6>[    0.000000] Removed memory: created DMA memory pool at 0x82a00000, size 80 MiB
<6>[    0.000000] Reserved memory: initialized node modem_adsp_region@0, compatible id removed-dma-pool
<6>[    0.000000] Removed memory: created DMA memory pool at 0x87a00000, size 2 MiB
<6>[    0.000000] Reserved memory: initialized node cnss_debug_region@0, compatible id removed-dma-pool
<6>[    0.000000] Removed memory: created DMA memory pool at 0x87c00000, size 4 MiB
<6>[    0.000000] Reserved memory: initialized node external_image_region@0, compatible id removed-dma-pool
<6>[    0.000000] Reserved memory: allocated memory for 'audio_region@0' node: base 0x8fc00000, size 4 MiB
<6>[    0.000000] Reserved memory: created CMA memory pool at 0x8fc00000, size 4 MiB
<6>[    0.000000] Reserved memory: initialized node audio_region@0, compatible id shared-dma-pool
<6>[    0.000000] cma: Reserved 4 MiB at 0x8f800000
<6>[    0.000000] Memory policy: Data cache writeback
<7>[    0.000000] On node 0 totalpages: 64000
<7>[    0.000000] free_area_init_node: node 0, pgdat c0d0c84c, node_mem_map cf58e000
<7>[    0.000000]   Normal zone: 576 pages used for memmap
<7>[    0.000000]   Normal zone: 0 pages reserved
<7>[    0.000000]   Normal zone: 64000 pages, LIFO batch:15
<6>[    0.000000] CPU: All CPU(s) started in SVC mode.
<7>[    0.000000] pcpu-alloc: s0 r0 d32768 u32768 alloc=1*32768
<7>[    0.000000] pcpu-alloc: [0] 0 
<4>[    0.000000] Built 1 zonelists in Zone order, mobility grouping on.  Total pages: 63424
<5>[    0.000000] Kernel command line: noinitrd ro androidboot.hardware=qcom ehci-hcd.park=3 msm_rtb.filter=0x37 lpm_levels.sleep_disabled=1  earlycon=msm_hsl_uart,0x78b3000  androidboot.serialno=5b47b7c1 androidboot.authorized_kernel=true androidboot.baseband=msm rootfstype=ubifs rootflags=bulk_read root=ubi0:rootfs ubi.mtd=13
<6>[    0.000000] PID hash table entries: 1024 (order: 0, 4096 bytes)
<6>[    0.000000] Dentry cache hash table entries: 32768 (order: 5, 131072 bytes)
<6>[    0.000000] Inode-cache hash table entries: 16384 (order: 4, 65536 bytes)
<4>[    0.000000] Memory: 147776K/256000K available (8577K kernel code, 842K rwdata, 3856K rodata, 340K init, 1406K bss, 108224K reserved)
<5>[    0.000000] Virtual kernel memory layout:
<5>[    0.000000]     vector  : 0xffff0000 - 0xffff1000   (   4 kB)
<5>[    0.000000]     fixmap  : 0xffc00000 - 0xfff00000   (3072 kB)
<5>[    0.000000]     vmalloc : 0xd0800000 - 0xff000000   ( 744 MB)
<5>[    0.000000]     lowmem  : 0xc0000000 - 0xd0000000   ( 256 MB)
<5>[    0.000000]     modules : 0xbf000000 - 0xc0000000   (  16 MB)
<5>[    0.000000]       .text : 0xc0008000 - 0xc0c2c91c   (12435 kB)
<5>[    0.000000]       .init : 0xc0c2d000 - 0xc0c82000   ( 340 kB)
<5>[    0.000000]       .data : 0xc0c82000 - 0xc0d54ba0   ( 843 kB)
<5>[    0.000000]        .bss : 0xc0d54c64 - 0xc0eb45c0   (1407 kB)
<6>[    0.000000] SLUB: HWalign=64, Order=0-3, MinObjects=0, CPUs=1, Nodes=1
<6>[    0.000000] Preemptible hierarchical RCU implementation.
<6>[    0.000000] NR_IRQS:16 nr_irqs:16 16
<2>[    0.000000] GIC CPU mask not found - kernel will fail to boot.
<2>[    0.000000] GIC CPU mask not found - kernel will fail to boot.
<4>[    0.000000] mpm_init_irq_domain(): Cannot find irq controller for qcom,gpio-parent
<3>[    0.000000] MPM 1 irq mapping errored -517
<6>[    0.000000] Architected mmio timer(s) running at 19.20MHz (virt).
<6>[    0.000010] sched_clock: 56 bits at 19MHz, resolution 52ns, wraps every 3579139424256ns
<6>[    0.007974] Switching to timer-based delay loop, resolution 52ns
<6>[    0.013969] Switched to clocksource arch_mem_counter
<6>[    0.019719] Console: colour dummy device 80x30
<6>[    0.023338] console [tty0] enabled
<6>[    0.026760] bootconsole [uart0] disabled
<6>[    0.030636] Calibrating delay loop (skipped), value calculated using timer frequency.. 38.40 BogoMIPS (lpj=192000)
<6>[    0.030675] pid_max: default: 32768 minimum: 301
<6>[    0.030896] Mount-cache hash table entries: 1024 (order: 0, 4096 bytes)
<6>[    0.030935] Mountpoint-cache hash table entries: 1024 (order: 0, 4096 bytes)
<6>[    0.031805] Initializing cgroup subsys freezer
<6>[    0.031872] CPU: Testing write buffer coherency: ok
<6>[    0.032413] Setting up static identity map for 0x8082d370 - 0x8082d3c8
<4>[    0.033693] 
<4>[    0.033693] **********************************************************
<4>[    0.033734] **   NOTICE NOTICE NOTICE NOTICE NOTICE NOTICE NOTICE   **
<4>[    0.033757] **                                                      **
<4>[    0.033778] ** trace_printk() being used. Allocating extra memory.  **
<4>[    0.033799] **                                                      **
<4>[    0.033820] ** This means that this is a DEBUG kernel and it is     **
<4>[    0.033841] ** unsafe for produciton use.                           **
<4>[    0.033862] **                                                      **
<4>[    0.033883] ** If you see this message and you are not debugging    **
<4>[    0.033904] ** the kernel, report this immediately to your vendor!  **
<4>[    0.033925] **                                                      **
<4>[    0.033947] **   NOTICE NOTICE NOTICE NOTICE NOTICE NOTICE NOTICE   **
<4>[    0.034049] **********************************************************
<6>[    0.061030] MSM Memory Dump base table set up
<6>[    0.061126] MSM Memory Dump apps data table set up
<6>[    0.071808] VFP support v0.3: implementor 41 architecture 2 part 30 variant 7 rev 5
<6>[    0.079517] pinctrl core: initialized pinctrl subsystem
<6>[    0.080076] regulator-dummy: no parameters
<6>[    0.111890] NET: Registered protocol family 16
<6>[    0.123743] DMA: preallocated 256 KiB pool for atomic coherent allocations
<6>[    0.184033] cpuidle: using governor ladder
<6>[    0.214022] cpuidle: using governor menu
<6>[    0.244024] cpuidle: using governor qcom
<6>[    0.253416] msm_watchdog b017000.qcom,wdt: wdog absent resource not present
<6>[    0.253857] msm_watchdog b017000.qcom,wdt: MSM Watchdog Initialized
<3>[    0.263404] spmi_pmic_arb 200f000.qcom,spmi: PMIC Arb Version-2 0x20010000
<6>[    0.266472] platform 4080000.qcom,mss: assigned reserved memory node modem_adsp_region@0
<4>[    0.267268] irq: no irq domain found for /soc/pinctrl@1000000 !
<6>[    0.267837] mem_acc_corner: 0 <--> 0 mV 
<6>[    0.268944] hw-breakpoint: found 5 (+1 reserved) breakpoint and 4 watchpoint registers.
<6>[    0.268984] hw-breakpoint: maximum watchpoint size is 8 bytes.
<7>[    0.269959] gpiochip_add: registered GPIOs 0 to 79 on device: 1000000.pinctrl
<7>[    0.269983] GPIO chip 1000000.pinctrl: created GPIO range 0->79 ==> 1000000.pinctrl PIN 0->79
<4>[    0.270624] __of_mpm_init(): MPM driver mapping exists
<4>[    0.271246] msm_rpm_glink_dt_parse: qcom,rpm-glink compatible not matches
<6>[    0.271285] msm_rpm_dev_probe: APSS-RPM communication over SMD
<3>[    0.271965] msm_mpm_dev_probe(): Cannot get clk resource for XO: -517
<3>[    0.274692] smd_channel_probe_now: allocation table not initialized
<6>[    0.277140] mdm9607_s1: 1050 <--> 1350 mV at 1225 mV normal idle 
<6>[    0.277393] spm_regulator_probe: name=mdm9607_s1, range=LV, voltage=1225000 uV, mode=AUTO, step rate=4800 uV/us
<6>[    0.277980] cpr_efuse_init: apc_corner: efuse_addr = 0x000a4000 (len=0x1000)
<6>[    0.278052] cpr_read_fuse_revision: apc_corner: fuse revision = 2
<6>[    0.278088] cpr_parse_speed_bin_fuse: apc_corner: [row: 37]: 0x41d15d325b47b7c1, speed_bits = 4
<6>[    0.278196] cpr_pvs_init: apc_corner: pvs voltage: [1050000 1100000 1250000] uV
<6>[    0.278232] cpr_pvs_init: apc_corner: ceiling voltage: [1050000 1225000 1350000] uV
<6>[    0.278267] cpr_pvs_init: apc_corner: floor voltage: [1050000 1050000 1150000] uV
<6>[    0.279000] i2c-msm-v2 78b8000.i2c: probing driver i2c-msm-v2
<3>[    0.279101] i2c-msm-v2 78b8000.i2c: error on clk_get(core_clk):-517
<3>[    0.279135] i2c-msm-v2 78b8000.i2c: error probe() failed with err:-517
<6>[    0.282188] msm-thermal soc:qcom,msm-thermal: msm_thermal:Failed reading node=/soc/qcom,msm-thermal, key=qcom,core-limit-temp. err=-22. KTM continues
<6>[    0.282266] msm-thermal soc:qcom,msm-thermal: probe_therm_reset:Failed reading node=/soc/qcom,msm-thermal, key=qcom,therm-reset-temp err=-22. KTM continues
<3>[    0.282314] msm_thermal:get_kernel_cluster_info CPU0 topology not initialized.
<6>[    0.282395] msm_thermal:vdd_restriction_reg_init Defer regulator vdd-dig probe
<3>[    0.282429] msm_thermal:probe_vdd_rstr Err regulator init. err:-517. KTM continues.
<6>[    0.282466] msm-thermal soc:qcom,msm-thermal: probe_vdd_rstr:Failed reading node=/soc/qcom,msm-thermal, key=qcom,max-freq-level. err=-517. KTM continues
<3>[    0.282511] msm_thermal:msm_thermal_dev_probe Failed reading node=/soc/qcom,msm-thermal, key=qcom,online-hotplug-core. err:-517
<6>[    0.284363] sps:sps is ready.
<4>[    0.286689] msm_rpm_glink_dt_parse: qcom,rpm-glink compatible not matches
<6>[    0.286735] msm_rpm_dev_probe: APSS-RPM communication over SMD
<6>[    0.287799] mdm9607_s2: 750 <--> 1275 mV at 750 mV normal idle 
<6>[    0.288764] mdm9607_s3_level: 0 <--> 0 mV at 0 mV normal idle 
<6>[    0.289390] mdm9607_s3_level_ao: 0 <--> 0 mV at 0 mV normal idle 
<6>[    0.290035] mdm9607_s3_floor_level: 0 <--> 0 mV at 0 mV normal idle 
<6>[    0.290647] mdm9607_s3_level_so: 0 <--> 0 mV at 0 mV normal idle 
<6>[    0.291482] mdm9607_s4: 1800 <--> 1950 mV at 1800 mV normal idle 
<6>[    0.292343] mdm9607_l1: 1250 mV normal idle 
<6>[    0.293209] mdm9607_l2: 1800 mV normal idle 
<6>[    0.294324] mdm9607_l3: 1800 mV normal idle 
<6>[    0.295246] mdm9607_l4: 3075 mV normal idle 
<6>[    0.296122] mdm9607_l5: 1700 <--> 3050 mV at 1700 mV normal idle 
<6>[    0.296985] mdm9607_l6: 1700 <--> 3050 mV at 1700 mV normal idle 
<6>[    0.297790] mdm9607_l7: 1700 <--> 1900 mV at 1700 mV normal idle 
<6>[    0.298597] mdm9607_l8: 1800 mV normal idle 
<6>[    0.299407] mdm9607_l9: 1200 <--> 1250 mV at 1200 mV normal idle 
<6>[    0.300234] mdm9607_l10: 1050 mV normal idle 
<6>[    0.301070] mdm9607_l11: 1800 mV normal idle 
<6>[    0.301876] mdm9607_l12_level: 0 <--> 0 mV at 0 mV normal idle 
<6>[    0.302524] mdm9607_l12_level_ao: 0 <--> 0 mV at 0 mV normal idle 
<6>[    0.303104] mdm9607_l12_level_so: 0 <--> 0 mV at 0 mV normal idle 
<6>[    0.303738] mdm9607_l12_floor_lebel: 0 <--> 0 mV at 0 mV normal idle 
<6>[    0.304796] mdm9607_l13: 1800 <--> 2850 mV at 2850 mV normal idle 
<6>[    0.305640] mdm9607_l14: 2650 <--> 3000 mV at 2650 mV normal idle 
<3>[    0.305944] msm_mpm_dev_probe(): Cannot get clk resource for XO: -517
<6>[    0.306262] cpr_efuse_init: apc_corner: efuse_addr = 0x000a4000 (len=0x1000)
<6>[    0.306333] cpr_read_fuse_revision: apc_corner: fuse revision = 2
<6>[    0.306369] cpr_parse_speed_bin_fuse: apc_corner: [row: 37]: 0x41d15d325b47b7c1, speed_bits = 4
<6>[    0.306476] cpr_pvs_init: apc_corner: pvs voltage: [1050000 1100000 1250000] uV
<6>[    0.306512] cpr_pvs_init: apc_corner: ceiling voltage: [1050000 1225000 1350000] uV
<6>[    0.306546] cpr_pvs_init: apc_corner: floor voltage: [1050000 1050000 1150000] uV
<6>[    0.306816] cpr_init_cpr_parameters: apc_corner: up threshold = 0, down threshold = 2
<6>[    0.306874] cpr_init_cpr_parameters: apc_corner: CPR is disabled by default.
<6>[    0.306925] cpr_init_cpr_efuse: apc_corner: [row:65] = 0x15400291291389
<6>[    0.306963] cpr_init_cpr_efuse: apc_corner: CPR disable fuse = 0
<6>[    0.306992] cpr_init_cpr_efuse: apc_corner: Corner[1]: ro_sel = 0, target quot = 657
<6>[    0.307026] cpr_init_cpr_efuse: apc_corner: Corner[2]: ro_sel = 0, target quot = 657
<6>[    0.307060] cpr_init_cpr_efuse: apc_corner: Corner[3]: ro_sel = 0, target quot = 905
<6>[    0.307261] cpr_config: apc_corner: Timer count: 0x17700 (for 5000 us)
<6>[    0.307845] apc_corner: 0 <--> 0 mV 
<6>[    0.308433] i2c-msm-v2 78b8000.i2c: probing driver i2c-msm-v2
<3>[    0.308543] i2c-msm-v2 78b8000.i2c: error on clk_get(core_clk):-517
<3>[    0.308578] i2c-msm-v2 78b8000.i2c: error probe() failed with err:-517
<6>[    0.309125] msm-thermal soc:qcom,msm-thermal: msm_thermal:Failed reading node=/soc/qcom,msm-thermal, key=qcom,core-limit-temp. err=-22. KTM continues
<6>[    0.309193] msm-thermal soc:qcom,msm-thermal: probe_therm_reset:Failed reading node=/soc/qcom,msm-thermal, key=qcom,therm-reset-temp err=-22. KTM continues
<3>[    0.309241] msm_thermal:get_kernel_cluster_info CPU0 topology not initialized.
<3>[    0.309719] cpu cpu0: dev_pm_opp_get_opp_count: device OPP not found (-19)
<3>[    0.309758] msm_thermal:get_cpu_freq_plan_len Error reading CPU0 freq table len. error:-19
<6>[    0.309790] msm_thermal:vdd_restriction_reg_init Defer vdd rstr freq init.
<3>[    0.310173] cpu cpu0: dev_pm_opp_get_opp_count: device OPP not found (-19)
<3>[    0.310207] msm_thermal:get_cpu_freq_plan_len Error reading CPU0 freq table len. error:-19
<3>[    0.310243] cpu cpu0: dev_pm_opp_get_opp_count: device OPP not found (-19)
<3>[    0.310269] msm_thermal:get_cpu_freq_plan_len Error reading CPU0 freq table len. error:-19
<6>[    0.320567] qcom,gcc-mdm9607 1800000.qcom,gcc: Registered GCC clocks
<6>[    0.321044] clock-a7 b010008.qcom,clock-a7: Speed bin: 4 PVS Version: 0
<6>[    0.321154] a7ssmux: set OPP pair(806400000 Hz: 2 uV) on cpu0
<6>[    0.321206] a7ssmux: set OPP pair(1305600000 Hz: 7 uV) on cpu0
<6>[    0.322842] i2c-msm-v2 78b8000.i2c: probing driver i2c-msm-v2
<3>[    0.322956] AXI: msm_bus_scale_register_client(): msm_bus_scale_register_client: Bus driver not ready.
<6>[    0.322998] i2c-msm-v2 78b8000.i2c: msm_bus_scale_register_client(mstr-id:86):0 (not a problem)
<7>[    0.385974] gpiochip_find_base: found new base at 1018
<7>[    0.386148] gpiochip_add: registered GPIOs 1018 to 1023 on device: pm8019-gpio
<7>[    0.386443] qcom,qpnp-pin qpnp-pin-6: qpnp_pin_probe: gpio_chip registered between 1018-1023
<7>[    0.386625] gpiochip_find_base: found new base at 1012
<7>[    0.386769] gpiochip_add: registered GPIOs 1012 to 1017 on device: pm8019-mpp
<7>[    0.387201] qcom,qpnp-pin qpnp-pin-7: qpnp_pin_probe: gpio_chip registered between 1012-1017
<6>[    0.387512] KPI: Bootloader start count = 21587
<6>[    0.387548] KPI: Bootloader end count = 61641
<6>[    0.387571] KPI: Bootloader display count = 1082034895
<6>[    0.387594] KPI: Bootloader load kernel count = 29218
<6>[    0.387618] KPI: Kernel MPM timestamp = 102089
<6>[    0.387640] KPI: Kernel MPM Clock frequency = 32768
<6>[    0.387686] socinfo_print: v0.10, id=290, ver=1.0, raw_id=74, raw_ver=0, hw_plat=8, hw_plat_ver=65536
<6>[    0.387686]  accessory_chip=0, hw_plat_subtype=0, pmic_model=65539, pmic_die_revision=131074 foundry_id=0 serial_number=1531426753
<7>[    0.388184] of_get_named_gpiod_flags: parsed 'gpio' property of node '/soc/sdcard_ext_vreg[0]' - status (0)
<6>[    0.388422] sdcard_ext_vreg: no parameters
<7>[    0.388680] of_get_named_gpiod_flags: parsed 'gpio' property of node '/soc/rome_vreg[0]' - status (0)
<6>[    0.388885] rome_vreg: no parameters
<7>[    0.389110] of_get_named_gpiod_flags: parsed 'gpio' property of node '/soc/emac_lan_vreg[0]' - status (0)
<6>[    0.389320] emac_lan_vreg: no parameters
<5>[    0.390635] SCSI subsystem initialized
<6>[    0.390882] usbcore: registered new interface driver usbfs
<6>[    0.391016] usbcore: registered new interface driver hub
<6>[    0.391262] usbcore: registered new device driver usb
<6>[    0.392672] cpufreq: driver msm up and running
<6>[    0.393400] platform soc:qcom,ion:qcom,ion-heap@28: assigned reserved memory node audio_region@0
<6>[    0.393907] ION heap system created
<6>[    0.394264] ION heap audio created at 0x8fc00000 with size 400000
<3>[    0.394770] msm_bus_fabric_init_driver
<6>[    0.406508] qcom,qpnp-power-on qpnp-power-on-1: PMIC@SID0 Power-on reason: Triggered from Hard Reset and 'cold' boot
<6>[    0.406581] qcom,qpnp-power-on qpnp-power-on-1: PMIC@SID0: Power-off reason: Triggered from PS_HOLD (PS_HOLD/MSM controlled shutdown)
<6>[    0.406991] input: qpnp_pon as /devices/virtual/input/input0
<6>[    0.408034] PMIC@SID0: PM8019 v2.2 options: 3, 2, 2, 2
<6>[    0.409710] Advanced Linux Sound Architecture Driver Initialized.
<6>[    0.410721] Bluetooth: Core ver 2.19
<6>[    0.410811] NET: Registered protocol family 31
<6>[    0.410837] Bluetooth: HCI device and connection manager initialized
<6>[    0.410872] Bluetooth: HCI socket layer initialized
<6>[    0.410904] Bluetooth: L2CAP socket layer initialized
<6>[    0.410958] Bluetooth: SCO socket layer initialized
<6>[    0.411382] cfg80211: Calling CRDA to update world regulatory domain
<6>[    0.411446] cfg80211: World regulatory domain updated:
<6>[    0.411474] cfg80211:  DFS Master region: unset
<6>[    0.411495] cfg80211:   (start_freq - end_freq @ bandwidth), (max_antenna_gain, max_eirp), (dfs_cac_time)
<6>[    0.411540] cfg80211:   (2402000 KHz - 2472000 KHz @ 40000 KHz), (N/A, 2000 mBm), (N/A)
<6>[    0.411575] cfg80211:   (2457000 KHz - 2482000 KHz @ 40000 KHz), (N/A, 2000 mBm), (N/A)
<6>[    0.411610] cfg80211:   (2474000 KHz - 2494000 KHz @ 20000 KHz), (N/A, 2000 mBm), (N/A)
<6>[    0.411645] cfg80211:   (5170000 KHz - 5250000 KHz @ 80000 KHz), (N/A, 2000 mBm), (N/A)
<6>[    0.411680] cfg80211:   (5250000 KHz - 5330000 KHz @ 80000 KHz), (N/A, 2000 mBm), (N/A)
<6>[    0.411714] cfg80211:   (5490000 KHz - 5710000 KHz @ 80000 KHz), (N/A, 2000 mBm), (N/A)
<6>[    0.411749] cfg80211:   (5735000 KHz - 5835000 KHz @ 80000 KHz), (N/A, 2000 mBm), (N/A)
<6>[    0.411784] cfg80211:   (57240000 KHz - 63720000 KHz @ 2160000 KHz), (N/A, 0 mBm), (N/A)
<6>[    0.413169] Switched to clocksource arch_mem_counter
<6>[    0.455738] NET: Registered protocol family 2
<6>[    0.456721] TCP established hash table entries: 2048 (order: 1, 8192 bytes)
<6>[    0.456802] TCP bind hash table entries: 2048 (order: 1, 8192 bytes)
<6>[    0.456852] TCP: Hash tables configured (established 2048 bind 2048)
<6>[    0.457000] TCP: reno registered
<6>[    0.457038] UDP hash table entries: 256 (order: 0, 4096 bytes)
<6>[    0.457084] UDP-Lite hash table entries: 256 (order: 0, 4096 bytes)
<6>[    0.457340] NET: Registered protocol family 1
<6>[    0.460308] futex hash table entries: 256 (order: -1, 3072 bytes)
<6>[    0.473698] msgmni has been set to 304
<6>[    0.477046] Block layer SCSI generic (bsg) driver version 0.4 loaded (major 251)
<6>[    0.477104] io scheduler noop registered
<6>[    0.477134] io scheduler deadline registered
<6>[    0.477404] io scheduler cfq registered (default)
<7>[    0.477553] gpiochip_find_base: found new base at 980
<7>[    0.477720] gpiochip_add: registered GPIOs 980 to 1011 on device: smp2p
<7>[    0.477966] gpiochip_find_base: found new base at 948
<7>[    0.478114] gpiochip_add: registered GPIOs 948 to 979 on device: smp2p
<7>[    0.478171] gpiochip_find_base: found new base at 916
<7>[    0.478325] gpiochip_add: registered GPIOs 916 to 947 on device: smp2p
<7>[    0.478541] gpiochip_find_base: found new base at 884
<7>[    0.478697] gpiochip_add: registered GPIOs 884 to 915 on device: smp2p
<7>[    0.478758] gpiochip_find_base: found new base at 852
<7>[    0.478900] gpiochip_add: registered GPIOs 852 to 883 on device: slave-kernel
<7>[    0.479055] gpiochip_find_base: found new base at 852
<7>[    0.479197] gpiochip_add: registered GPIOs 852 to 883 on device: master-kernel
<5>[    0.486096] msm_rpm_log_probe: OK
<7>[    0.487423] of_get_named_gpiod_flags: parsed 'qcom,gpio-proxy-unvote' property of node '/soc/qcom,mss@4080000[0]' - status (-517)
<4>[    0.488124] gsm_init: loaded as 250,0.
<6>[    0.488955] msm_serial_hs module loaded
<6>[    0.489390] msm_hsl_dt_to_pdata: read config-gpio ret=-22
<6>[    0.489425] msm_hsl_dt_to_pdata: read config-gpio =0 start.
<6>[    0.489453] msm_serial_hsl_probe: detected port #0 (ttyHSL0)
<6>[    0.489505] msm_serial_hsl_probe: two_wire   func_mode:0
<3>[    0.489536] AXI: get_pdata(): Error: Client name not found
<3>[    0.489562] AXI: msm_bus_cl_get_pdata(): client has to provide missing entry for successful registration
<3>[    0.489596] msm_serial_hsl_probe: Bus scaling is disabled
<6>[    0.489779] 78b3000.serial: ttyHSL0 at MMIO 0x78b3000 (irq = 153, base_baud = 460800) is a MSM
<6>[    0.490346] msm_hsl_dt_to_pdata: read config-gpio ret=0
<6>[    0.490382] msm_hsl_dt_to_pdata: read config-gpio =4 start.
<7>[    0.490433] of_get_named_gpiod_flags: parsed 'qcom,tx-gpio' property of node '/soc/serial@78b1000[0]' - status (0)
<7>[    0.490461] of_get_named_gpiod_flags: parsed 'qcom,rx-gpio' property of node '/soc/serial@78b1000[0]' - status (0)
<6>[    0.490472] msm_hsl_dt_to_pdata: read config-gpio= ok
<7>[    0.490512] of_get_named_gpiod_flags: parsed 'qcom,cts-gpio' property of node '/soc/serial@78b1000[0]' - status (0)
<7>[    0.490537] of_get_named_gpiod_flags: parsed 'qcom,rfr-gpio' property of node '/soc/serial@78b1000[0]' - status (0)
<6>[    0.490550] msm_serial_hsl_probe: detected port #1 (ttyHSL1)
<6>[    0.490596] msm_serial_hsl_probe: four_wire   func_mode:1
<6>[    0.490984] 78b1000.serial: ttyHSL1 at MMIO 0x78b1000 (irq = 151, base_baud = 460800) is a MSM
<6>[    0.494539] msm_serial_hsl_init: driver initialized
<4>[    0.496042] [LS_RI]ri_init!
<4>[    0.496074] [LS_RI]gpio_uart_ri_probe!
<4>[    0.496108] frist request gpio ok LS_UART_RI_GPIO
<4>[    0.496135] allocate data to r_pme strcut
<4>[    0.496157] [LS_RI]:ls_ri_init    finish!!! 
<6>[    0.510437] tbox:+power_dev_init
<6>[    0.510513] tbox:gpio mpu_wake_mcu init start
<6>[    0.510707] tbox:gpio mpu_wake_mcu init success
<6>[    0.510731] tbox:gpio mcu_wake_mpu init start
<6>[    0.511360] tbox:gpio mcu_wake_mpu init success
<6>[    0.511393] tbox:gpio mcu_notify_mpu1 init start
<6>[    0.511574] tbox:gpio mcu_notify_mpu1 init success
<6>[    0.511606] tbox:gpio mcu_notify_mpu2 init start
<6>[    0.511762] tbox:gpio mcu_notify_mpu2 init success
<6>[    0.511787] tbox:gpio bt_host_wake init start
<6>[    0.512261] tbox:gpio bt_host_wake init success
<6>[    0.512296] tbox:gpio bt_dev_wake init start
<6>[    0.512503] tbox:gpio bt_dev_wake init success
<6>[    0.512530] tbox:gpio mpu_update init start
<6>[    0.512685] tbox:gpio mpu_update init success
<6>[    0.512715] tbox:gpio wlan_en init start
<6>[    0.512864] tbox:gpio wlan_en init success
<6>[    0.512892] tbox:-power_dev_init
<6>[    0.522404] brd: module loaded
<6>[    0.526692] loop: module loaded
<4>[    0.529711] ls_netlink_init.
<7>[    0.530573] lct_gpio_utility soc:lct,gpio-utility: lct_gpios_test_probe: OK
<4>[    0.530970] i2c-core: driver [tabla-i2c-core] using legacy suspend method
<4>[    0.531008] i2c-core: driver [tabla-i2c-core] using legacy resume method
<4>[    0.531232] i2c-core: driver [wcd9xxx-i2c-core] using legacy suspend method
<4>[    0.531262] i2c-core: driver [wcd9xxx-i2c-core] using legacy resume method
<4>[    0.531464] i2c-core: driver [tasha-i2c-core] using legacy suspend method
<4>[    0.531493] i2c-core: driver [tasha-i2c-core] using legacy resume method
<6>[    0.531786] SCSI Media Changer driver v0.25 
<3>[    0.536604] sps: BAM device 0x07984000 is not registered yet.
<6>[    0.537483] sps:BAM 0x07984000 is registered.
<6>[    0.537525] msm_nand_bam_init: msm_nand_bam_init: BAM device registered: bam_handle 0xceaa0000
<6>[    0.537886] sps:BAM 0x07984000 (va:0xd09a0000) enabled: ver:0x18, number of pipes:7
<6>[    0.540101] msm_nand_parse_smem_ptable: Parsing partition table info from SMEM
<6>[    0.540188] msm_nand_parse_smem_ptable: SMEM partition table found: ver: 4 len: 17
<6>[    0.540247] msm_nand_version_check: nand_major:1, nand_minor:5, qpic_major:1, qpic_minor:5
<3>[    0.540319] msm_nand_scan: missing page size info - extract from NAND ID
<6>[    0.540351] msm_nand_scan: NAND Id: 0x1590acad Buswidth: 8Bits Density: 512 MByte
<6>[    0.540383] msm_nand_scan: pagesize: 2048 Erasesize: 131072 oobsize: 64 (in Bytes)
<6>[    0.540414] msm_nand_scan: BCH ECC: 4 Bit
<6>[    0.540447] msm_nand_scan: CFG0: 0x2a0408c0,           CFG1: 0x0804745c
<6>[    0.540447]             RAWCFG0: 0x2c8400c0,        RAWCFG1: 0x0005055d
<6>[    0.540447]           ECCBUFCFG: 0x00000203,      ECCBCHCFG: 0x42040700
<6>[    0.540447]           RAWECCCFG: 0x42000701, BAD BLOCK BYTE: 0x000001d1
<5>[    0.540542] Creating 17 MTD partitions on "7980000.nand":
<5>[    0.540577] 0x000000000000-0x000000140000 : "sbl"
<5>[    0.541853] 0x000000140000-0x000000280000 : "mibib"
<5>[    0.542902] 0x000000280000-0x000000e80000 : "efs2"
<5>[    0.543873] 0x000000e80000-0x000001000000 : "tz"
<5>[    0.545006] 0x000001000000-0x000001140000 : "rpm"
<5>[    0.546047] 0x000001140000-0x000001280000 : "aboot"
<5>[    0.547107] 0x000001280000-0x000001a60000 : "boot"
<5>[    0.548185] 0x000001a60000-0x000001aa0000 : "scrub"
<5>[    0.549281] 0x000001aa0000-0x000005260000 : "modem"
<5>[    0.550380] 0x000005260000-0x0000053a0000 : "misc"
<5>[    0.551485] 0x0000053a0000-0x000005a80000 : "recovery"
<5>[    0.552499] 0x000005a80000-0x000005c00000 : "fota"
<5>[    0.553481] 0x000005c00000-0x000007a00000 : "recoveryfs"
<5>[    0.554950] 0x000007a00000-0x00000de00000 : "system"
<5>[    0.556069] 0x00000de00000-0x00000f200000 : "oeminfo"
<5>[    0.557112] 0x00000f200000-0x000015600000 : "system_b"
<5>[    0.558169] 0x000015600000-0x000020000000 : "vendor"
<6>[    0.559332] msm_nand_probe: NANDc phys addr 0x7980000, BAM phys addr 0x7984000, BAM IRQ 164
<6>[    0.559375] msm_nand_probe: Allocated DMA buffer at virt_addr 0xcf840000, phys_addr 0x8f840000
<6>[    0.563003] PPP generic driver version 2.4.2
<6>[    0.563290] PPP BSD Compression module registered
<6>[    0.563325] PPP Deflate Compression module registered
<6>[    0.563368] PPP MPPE Compression module registered
<6>[    0.563404] NET: Registered protocol family 24
<6>[    0.569465] cnss_configure_ramdump: ramdump addr: d2c00000, phys: 0x87a00000 subsys:'AR6320'
<6>[    0.570132] cnss_sdio 87a00000.qcom,cnss-sdio: CNSS SDIO Driver registered
<6>[    0.573458] msm_otg 78d9000.usb: msm_otg probe
<7>[    0.573892] of_get_named_gpiod_flags: can't parse 'qcom,hub-reset-gpio' property of node '/soc/usb@78d9000[0]'
<7>[    0.573912] of_get_named_gpiod_flags: can't parse 'qcom,sw-sel-gpio' property of node '/soc/usb@78d9000[0]'
<7>[    0.573964] of_get_named_gpiod_flags: parsed 'qcom,usbid-gpio' property of node '/soc/usb@78d9000[0]' - status (0)
<7>[    0.574091] of_get_named_gpiod_flags: can't parse 'qcom,hsusb-otg-vddmin-gpio' property of node '/soc/usb@78d9000[0]'
<6>[    0.575795] msm_otg 78d9000.usb: OTG regs = d08ee000
<6>[    0.581812] ehci_hcd: USB 2.0 'Enhanced' Host Controller (EHCI) Driver
<6>[    0.582220] ehci-msm: Qualcomm On-Chip EHCI Host Controller
<6>[    0.582695] usbcore: registered new interface driver cdc_acm
<6>[    0.582727] cdc_acm: USB Abstract Control Model driver for USB modems and ISDN adapters
<6>[    0.582869] usbcore: registered new interface driver usb-storage
<6>[    0.582960] usbcore: registered new interface driver ums-alauda
<6>[    0.583045] usbcore: registered new interface driver ums-cypress
<6>[    0.583130] usbcore: registered new interface driver ums-datafab
<6>[    0.583219] usbcore: registered new interface driver ums-freecom
<6>[    0.583304] usbcore: registered new interface driver ums-isd200
<6>[    0.583394] usbcore: registered new interface driver ums-jumpshot
<6>[    0.583501] usbcore: registered new interface driver ums-karma
<6>[    0.583592] usbcore: registered new interface driver ums-onetouch
<6>[    0.583694] usbcore: registered new interface driver ums-sddr09
<6>[    0.583784] usbcore: registered new interface driver ums-sddr55
<6>[    0.583869] usbcore: registered new interface driver ums-usbat
<6>[    0.585728] gbridge_init: gbridge_init successs.
<6>[    0.587850] qcom,qpnp-rtc qpnp-rtc-5: rtc core: registered qpnp_rtc as rtc0
<6>[    0.588243] msm_otg 78d9000.usb: phy_reset: success
<6>[    0.588416] i2c /dev entries driver
<3>[    0.589549] unable to find DT imem DLOAD mode node
<3>[    0.589934] unable to find DT imem EDLOAD mode node
<3>[    0.590278] unable to find DT imem dload-type node
<6>[    0.613716] Bluetooth: HCI UART driver ver 2.2
<6>[    0.613758] Bluetooth: HCI H4 protocol initialized
<6>[    0.613782] Bluetooth: HCI_IBS protocol initialized
<7>[    0.614050] of_get_named_gpiod_flags: parsed 'qca,bt-reset-gpio' property of node '/bt_qca6174[0]' - status (0)
<6>[    0.614070] bt_dt_parse_vreg_info: qca,bt-vdd-core: is not provided in device tree
<4>[    0.614164] bt_power bt_qca6174: no qca,bt-vdd-pa-voltage-level property
<6>[    0.614196] bt_dt_parse_vreg_info: qca,bt-vdd-ldo: is not provided in device tree
<6>[    0.614230] bt_dt_parse_vreg_info: qca,bt-chip-pwd: is not provided in device tree
<6>[    0.615200] sdhci: Secure Digital Host Controller Interface driver
<6>[    0.615236] sdhci: Copyright(c) Pierre Ossman
<6>[    0.615269] sdhci-pltfm: SDHCI platform and OF driver helper
<4>[    0.615888] sdhci_msm 7824900.sdhci: sdhci_msm_probe: ICE device is not enabled
<7>[    0.615949] of_get_named_gpiod_flags: can't parse 'cd-gpios' property of node '/soc/sdhci@7824900[0]'
<7>[    0.615965] of_get_named_gpiod_flags: can't parse 'pwren-gpio' property of node '/soc/sdhci@7824900[0]'
<6>[    0.615977] [sdhci_msm_populate_pdata] en_gpio: -2
<6>[    0.616019] sdhci_msm 7824900.sdhci: No vreg data found for vdd
<3>[    0.616345] sdhci_msm 7824900.sdhci: sdhci_msm_pm_qos_parse_irq: error -22 reading irq cpu
<5>[    0.616388] sdhci_msm 7824900.sdhci: sdhci_msm_pm_qos_parse: PM QoS voting for IRQ will be disabled
<5>[    0.616430] sdhci_msm 7824900.sdhci: sdhci_msm_pm_qos_parse: PM QoS voting for cpu group will be disabled
<6>[    0.619346] sdhci_msm 7824900.sdhci: No vmmc regulator found
<6>[    0.619391] sdhci_msm 7824900.sdhci: No vqmmc regulator found
<6>[    0.619810] mmc0: SDHCI controller on 7824900.sdhci [7824900.sdhci] using 32-bit ADMA in legacy mode
<4>[    0.648881] sdhci_msm 7864900.sdhci: sdhci_msm_probe: ICE device is not enabled
<7>[    0.648940] of_get_named_gpiod_flags: can't parse 'cd-gpios' property of node '/soc/sdhci@07864900[0]'
<7>[    0.648956] of_get_named_gpiod_flags: can't parse 'pwren-gpio' property of node '/soc/sdhci@07864900[0]'
<6>[    0.648968] [sdhci_msm_populate_pdata] en_gpio: -2
<3>[    0.649336] sdhci_msm 7864900.sdhci: sdhci_msm_pm_qos_parse_irq: error -22 reading irq cpu
<5>[    0.649379] sdhci_msm 7864900.sdhci: sdhci_msm_pm_qos_parse: PM QoS voting for IRQ will be disabled
<5>[    0.649421] sdhci_msm 7864900.sdhci: sdhci_msm_pm_qos_parse: PM QoS voting for cpu group will be disabled
<6>[    0.656679] sdhci_msm 7864900.sdhci: No vmmc regulator found
<6>[    0.656723] sdhci_msm 7864900.sdhci: No vqmmc regulator found
<6>[    0.657246] mmc1: SDHCI controller on 7864900.sdhci [7864900.sdhci] using 32-bit ADMA in legacy mode
<6>[    0.687427] usbcore: registered new interface driver usbhid
<6>[    0.687464] usbhid: USB HID core driver
<6>[    0.689808] logger: created 1024K log 'autolink_log/tsp'
<6>[    0.692066] logger: created 1024K log 'autolink_log/mpu'
<4>[    0.694337] www===usb-dbg --ulpi_init,line=755,entry
<4>[    0.694378] www===usb-dbg --ulpi_init,line=767,use pdata->phy_init_seq
<4>[    0.694440] www===usb-dbg --ulpi_init,line=772,default usb phy para: 0x80 = 0x33,0x81 = 0x33,0x82 = 0x7,0x83 = 0x13
<4>[    0.694477] www===usb-dbg --ulpi_init,line=779,no phy init data,will return
<6>[    0.697300] logger: created 1024K log 'autolink_log/mcu'
<6>[    0.701963] logger: created 1024K log 'autolink_log/system'
<6>[    0.704460] sps:BAM 0x078c4000 is registered.
<3>[    0.704559] IPA HW is not supported on this target
<6>[    0.705586] bimc-bwmon 408000.qcom,cpu-bwmon: BW HWmon governor registered.
<3>[    0.707385] devfreq soc:qcom,cpubw: Couldn't update frequency transition information.
<6>[    0.708931] coresight-fuse a601c.fuse: QPDI fuse not specified
<6>[    0.709339] coresight-fuse a601c.fuse: Fuse initialized
<6>[    0.714909] coresight-csr 6001000.csr: CSR initialized
<6>[    0.715660] coresight-tmc 6026000.tmc: Byte Counter feature enabled
<6>[    0.716452] sps:BAM 0x06084000 is registered.
<6>[    0.716952] coresight-tmc 6026000.tmc: TMC initialized
<6>[    0.717497] coresight-tmc 6025000.tmc: TMC initialized
<6>[    0.719715] nidnt boot config: 0
<6>[    0.720971] coresight-tpiu 6020000.tpiu: NIDnT on SDCARD only mode
<6>[    0.721203] coresight-tpiu 6020000.tpiu: TPIU initialized
<6>[    0.722810] coresight-replicator 6024000.replicator: REPLICATOR initialized
<6>[    0.723628] coresight-stm 6002000.stm: STM initialized
<6>[    0.724379] coresight-hwevent 606c000.hwevent: Hardware Event driver initialized
<3>[    0.726076] i2c-msm-v2 78b8000.i2c: msm_bus_scale_register_client(mstr-id:86):0x7 (ok)
<3>[    0.726300] i2c-msm-v2 78b8000.i2c: NACK: slave not responding, ensure its powered: msgs(n:2 cur:0 tx) bc(rx:2 tx:2) mode:FIFO slv_addr:0xa MSTR_STS:0x0d1300c8 OPER:0x00000010
<4>[    0.726511] sgtl5000: probe of 4-000a failed with error -107
<7>[    0.727158] of_get_named_gpiod_flags: parsed 'gpio-reset' property of node '/soc/i2c@78b8000/tlv320aic3x@18[0]' - status (0)
<4>[    0.727226] 4-0018 supply IOVDD not found, using dummy regulator
<4>[    0.727336] 4-0018 supply DVDD not found, using dummy regulator
<4>[    0.727411] 4-0018 supply AVDD not found, using dummy regulator
<4>[    0.727481] 4-0018 supply DRVDD not found, using dummy regulator
<3>[    0.736810] mdm9607-pinctrl 1000000.pinctrl: invalid group "gpio20" for function "sec_mi2s"
<3>[    0.736882] mdm9607-pinctrl 1000000.pinctrl: invalid group "gpio23" for function "sec_mi2s"
<3>[    0.736934] mdm9607-pinctrl 1000000.pinctrl: invalid group "gpio21" for function "sec_mi2s"
<3>[    0.736984] mdm9607-pinctrl 1000000.pinctrl: invalid group "gpio22" for function "sec_mi2s"
<3>[    0.737034] mdm9607-pinctrl 1000000.pinctrl: invalid group "gpio20" for function "sec_mi2s"
<3>[    0.737084] mdm9607-pinctrl 1000000.pinctrl: invalid group "gpio23" for function "sec_mi2s"
<3>[    0.737133] mdm9607-pinctrl 1000000.pinctrl: invalid group "gpio21" for function "sec_mi2s"
<3>[    0.737182] mdm9607-pinctrl 1000000.pinctrl: invalid group "gpio22" for function "sec_mi2s"
<6>[    0.740532] msm-compr-dsp soc:qcom,msm-compr-dsp: msm_compr_probe: dev name soc:qcom,msm-compr-dsp
<6>[    0.743293] msm_pcm_probe: dev name soc:qcom,msm-voice-host-pcm
<3>[    0.752303] mdm9607-asoc-snd soc:sound: Defering mdm_asoc_machine_probe, q6_state 0
<6>[    0.752810] Netfilter messages via NETLINK v0.30.
<6>[    0.752928] nf_conntrack version 0.5.0 (2437 buckets, 9748 max)
<6>[    0.753766] ctnetlink v0.93: registering with nfnetlink.
<6>[    0.755053] ip_set: protocol 6
<6>[    0.755632] ip_tables: (C) 2000-2006 Netfilter Core Team
<6>[    0.755891] arp_tables: (C) 2002 David S. Miller
<6>[    0.755997] TCP: cubic registered
<6>[    0.756935] NET: Registered protocol family 10
<6>[    0.758286] ip6_tables: (C) 2000-2006 Netfilter Core Team
<6>[    0.758618] sit: IPv6 over IPv4 tunneling driver
<6>[    0.759525] NET: Registered protocol family 17
<6>[    0.759657] bridge: automatic filtering via arp/ip/ip6tables has been deprecated. Update your scripts to load br_netfilter if you need this.
<5>[    0.759738] Bridge firewalling registered
<6>[    0.759771] Ebtables v2.0 registered
<6>[    0.759994] lib80211: common routines for IEEE802.11 drivers
<7>[    0.760027] lib80211_crypt: registered algorithm 'NULL'
<7>[    0.760049] lib80211_crypt: registered algorithm 'WEP'
<7>[    0.760071] lib80211_crypt: registered algorithm 'CCMP'
<7>[    0.760091] lib80211_crypt: registered algorithm 'TKIP'
<6>[    0.761159] NET: Registered protocol family 27
<7>[    0.765075] gpiochip_find_base: found new base at 852
<7>[    0.765245] gpiochip_add: registered GPIOs 852 to 883 on device: slave-kernel
<7>[    0.765593] gpiochip_find_base: found new base at 820
<7>[    0.765788] gpiochip_add: registered GPIOs 820 to 851 on device: master-kernel
<7>[    0.766408] of_get_named_gpiod_flags: parsed 'qcom,gpio-proxy-unvote' property of node '/soc/qcom,mss@4080000[0]' - status (0)
<7>[    0.767359] of_get_named_gpiod_flags: parsed 'qcom,gpio-err-fatal' property of node '/soc/qcom,mss@4080000[0]' - status (0)
<7>[    0.767385] of_get_named_gpiod_flags: parsed 'qcom,gpio-err-ready' property of node '/soc/qcom,mss@4080000[0]' - status (0)
<7>[    0.767407] of_get_named_gpiod_flags: parsed 'qcom,gpio-stop-ack' property of node '/soc/qcom,mss@4080000[0]' - status (0)
<7>[    0.767428] of_get_named_gpiod_flags: parsed 'qcom,gpio-force-stop' property of node '/soc/qcom,mss@4080000[0]' - status (0)
<7>[    0.767451] of_get_named_gpiod_flags: parsed 'qcom,gpio-shutdown-ack' property of node '/soc/qcom,mss@4080000[0]' - status (0)
<7>[    0.768059] of_get_named_gpiod_flags: can't parse 'qcom,chg-valid-gpio' property of node '/soc/i2c@78b8000/smb358-charger@57[0]'
<3>[    0.769550] i2c-msm-v2 78b8000.i2c: NACK: slave not responding, ensure its powered: msgs(n:2 cur:0 tx) bc(rx:1 tx:1) mode:FIFO slv_addr:0x57 MSTR_STS:0x0d1300c8 OPER:0x00000010
<3>[    0.769676] smb358-charger 4-0057: i2c read fail: can't read from 01: -107
<3>[    0.769708] SMB358 smb358_charger_probe: Failed to detect SMB358, device absent, rc = -107
<4>[    0.769763] smb358-charger: probe of 4-0057 failed with error -107
<3>[    0.781250] mdm9607-asoc-snd soc:sound: Defering mdm_asoc_machine_probe, q6_state 0
<7>[    0.784403] of_get_named_gpiod_flags: parsed 'gpios' property of node '/soc/qcom,smp2pgpio_test_smp2p_15_in[0]' - status (0)
<7>[    0.784528] of_get_named_gpiod_flags: parsed 'gpios' property of node '/soc/qcom,smp2pgpio_test_smp2p_15_out[0]' - status (0)
<7>[    0.784613] of_get_named_gpiod_flags: parsed 'gpios' property of node '/soc/qcom,smp2pgpio_test_smp2p_1_in[0]' - status (0)
<7>[    0.784695] of_get_named_gpiod_flags: parsed 'gpios' property of node '/soc/qcom,smp2pgpio_test_smp2p_1_out[0]' - status (0)
<3>[    0.925312] mdm9607-asoc-snd soc:sound: Defering mdm_asoc_machine_probe, q6_state 0
<5>[    0.925696] ubi0: attaching mtd13
<5>[    1.404694] ubi0: scanning is finished
<5>[    1.413114] ubi0: attached mtd13 (name "system", size 100 MiB)
<5>[    1.413156] ubi0: PEB size: 131072 bytes (128 KiB), LEB size: 126976 bytes
<5>[    1.413185] ubi0: min./max. I/O unit sizes: 2048/2048, sub-page size 2048
<5>[    1.413213] ubi0: VID header offset: 2048 (aligned 2048), data offset: 4096
<5>[    1.413242] ubi0: good PEBs: 800, bad PEBs: 0, corrupted PEBs: 0
<5>[    1.413269] ubi0: user volume: 1, internal volumes: 1, max. volumes count: 128
<5>[    1.413302] ubi0: max/mean erase counter: 8/4, WL threshold: 4096, image sequence number: 35657280
<5>[    1.413337] ubi0: available PEBs: 0, total reserved PEBs: 800, PEBs reserved for bad PEB handling: 80
<6>[    1.413415] RNDIS_IPA module is loaded.
<6>[    1.414534] file system registered
<6>[    1.414690] mbim_init: initialize 1 instances
<6>[    1.414874] mbim_init: Initialized 1 ports
<5>[    1.415248] ubi0: background thread "ubi_bgt0d" started, PID 122
<6>[    1.417985] rndis_qc_init: initialize rndis QC instance
<6>[    1.418572] Number of LUNs=8
<6>[    1.418662] Mass Storage Function, version: 2009/09/11
<6>[    1.418697] LUN: removable file: (no medium)
<6>[    1.418820] Number of LUNs=1
<6>[    1.418952] LUN: removable file: (no medium)
<6>[    1.418979] Number of LUNs=1
<6>[    1.419462] android_usb gadget: android_usb ready
<6>[    1.419499] msm_hsusb msm_hsusb: [ci13xxx_start] hw_ep_max = 32
<6>[    1.419570] msm_hsusb msm_hsusb: CI13XXX_CONTROLLER_RESET_EVENT received
<6>[    1.419606] msm_hsusb msm_hsusb: CI13XXX_CONTROLLER_UDC_STARTED_EVENT received
<3>[    1.420122] mdm9607-asoc-snd soc:sound: Defering mdm_asoc_machine_probe, q6_state 0
<6>[    1.420722] qcom,qpnp-rtc qpnp-rtc-5: setting system clock to 1970-01-01 00:11:48 UTC (708)
<3>[    1.422008] mdm9607-asoc-snd soc:sound: Defering mdm_asoc_machine_probe, q6_state 0
<6>[    1.424105] parse_legacy_cluster_params(): Ignoring cluster params
<6>[    1.424180] /soc/qcom,lpm-levels/qcom,pm-cluster@0: No CPU phandle, assuming single cluster
<3>[    1.425454] mdm9607-asoc-snd soc:sound: Defering mdm_asoc_machine_probe, q6_state 0
<6>[    1.427770] qcom,cc-debug-mdm9607 1800000.qcom,debug: Registered Debug Mux successfully
<3>[    1.428256] mdm9607-asoc-snd soc:sound: Defering mdm_asoc_machine_probe, q6_state 0
<6>[    1.428785] emac_lan_vreg: disabling
<6>[    1.428843] mem_acc_corner: disabling
<6>[    1.428875] clock_late_init: Removing enables held for handed-off clocks
<6>[    1.430531] ALSA device list:
<6>[    1.430563]   No soundcards found.
<5>[    1.464739] UBIFS (ubi0:0): recovery needed
<5>[    1.525157] UBIFS (ubi0:0): recovery deferred
<5>[    1.525309] UBIFS (ubi0:0): UBIFS: mounted UBI device 0, volume 0, name "rootfs", R/O mode
<5>[    1.525350] UBIFS (ubi0:0): LEB size: 126976 bytes (124 KiB), min./max. I/O unit sizes: 2048 bytes/2048 bytes
<5>[    1.525392] UBIFS (ubi0:0): FS size: 89518080 bytes (85 MiB, 705 LEBs), journal size 9023488 bytes (8 MiB, 72 LEBs)
<5>[    1.525430] UBIFS (ubi0:0): reserved for root: 0 bytes (0 KiB)
<5>[    1.525463] UBIFS (ubi0:0): media format: w4/r0 (latest is w4/r0), UUID BD8561F1-4FB4-4FE5-941C-5AA4F7BE90D7, small LPT model
<6>[    1.527416] VFS: Mounted root (ubifs filesystem) readonly on device 0:12.
<6>[    1.528418] Freeing unused kernel memory: 340K (c0c2d000 - c0c82000)
<5>[    2.294888] UBIFS (ubi0:0): completing deferred recovery
<5>[    2.342215] UBIFS (ubi0:0): background thread "ubifs_bgt0_0" started, PID 155
<5>[    2.342284] UBIFS (ubi0:0): deferred recovery completed
<3>[    2.515265] enable_store: android_usb: already disabled
<5>[    2.613362] ubi8: attaching mtd8
<6>[    2.755008] read descriptors
<6>[    2.755066] read strings
<6>[    2.755121] rndis_function_bind_config: rndis_function_bind_config MAC: 00:00:00:00:00:00
<4>[    2.755215] android_usb gadget: using random self ethernet address
<4>[    2.755255] android_usb gadget: using random host ethernet address
<6>[    2.757099] rndis0: MAC ee:26:06:de:cd:ac
<6>[    2.757142] rndis0: HOST MAC ce:fb:ab:4c:da:7e
<6>[    2.764219] msm_hsusb msm_hsusb: CI13XXX_CONTROLLER_CONNECT_EVENT received
<6>[    2.882365] msm_otg 78d9000.usb: Avail curr from USB = 100
<6>[    2.882651] android_work: android_work: did not send uevent (0 0   (null))
<6>[    2.973023] android_work: android_work: sent uevent USB_STATE=CONNECTED
<6>[    2.976805] android_work: android_work: sent uevent USB_STATE=DISCONNECTED
<6>[    3.082849] android_work: android_work: sent uevent USB_STATE=CONNECTED
<5>[    3.141169] ubi8: scanning is finished
<5>[    3.149348] ubi8: attached mtd8 (name "modem", size 55 MiB)
<5>[    3.149392] ubi8: PEB size: 131072 bytes (128 KiB), LEB size: 126976 bytes
<5>[    3.149422] ubi8: min./max. I/O unit sizes: 2048/2048, sub-page size 2048
<5>[    3.149450] ubi8: VID header offset: 2048 (aligned 2048), data offset: 4096
<5>[    3.149479] ubi8: good PEBs: 446, bad PEBs: 0, corrupted PEBs: 0
<5>[    3.149506] ubi8: user volume: 1, internal volumes: 1, max. volumes count: 128
<5>[    3.149539] ubi8: max/mean erase counter: 4/1, WL threshold: 4096, image sequence number: 1328192
<5>[    3.149574] ubi8: available PEBs: 0, total reserved PEBs: 446, PEBs reserved for bad PEB handling: 80
<5>[    3.153212] ubi8: background thread "ubi_bgt8d" started, PID 204
<6>[    3.320065] android_usb gadget: high-speed config #1: 86000c8.android_usb
<6>[    3.320330] msm_otg 78d9000.usb: Avail curr from USB = 500
<5>[    3.343354] UBIFS (ubi8:0): recovery needed
<6>[    3.374172] android_work: android_work: sent uevent USB_STATE=CONFIGURED
<5>[    3.415062] UBIFS (ubi8:0): recovery deferred
<5>[    3.415231] UBIFS (ubi8:0): UBIFS: mounted UBI device 8, volume 0, name "modem", R/O mode
<5>[    3.415271] UBIFS (ubi8:0): LEB size: 126976 bytes (124 KiB), min./max. I/O unit sizes: 2048 bytes/2048 bytes
<5>[    3.415313] UBIFS (ubi8:0): FS size: 44695552 bytes (42 MiB, 352 LEBs), journal size 7364608 bytes (7 MiB, 58 LEBs)
<5>[    3.415351] UBIFS (ubi8:0): reserved for root: 0 bytes (0 KiB)
<5>[    3.415385] UBIFS (ubi8:0): media format: w4/r0 (latest is w4/r0), UUID DC706597-D68C-4C98-8DE6-D9F88E5CCEAD, small LPT model
<5>[    3.450572] ubi14: attaching mtd14
<5>[    3.551118] ubi14: scanning is finished
<4>[    3.557792] ubi14 warning: print_rsvd_warning: cannot reserve enough PEBs for bad PEB handling, reserved 73, need 80
<5>[    3.558872] ubi14: attached mtd14 (name "oeminfo", size 20 MiB)
<5>[    3.558912] ubi14: PEB size: 131072 bytes (128 KiB), LEB size: 126976 bytes
<5>[    3.558941] ubi14: min./max. I/O unit sizes: 2048/2048, sub-page size 2048
<5>[    3.558970] ubi14: VID header offset: 2048 (aligned 2048), data offset: 4096
<5>[    3.558999] ubi14: good PEBs: 160, bad PEBs: 0, corrupted PEBs: 0
<5>[    3.559026] ubi14: user volume: 1, internal volumes: 1, max. volumes count: 128
<5>[    3.559060] ubi14: max/mean erase counter: 6/2, WL threshold: 4096, image sequence number: 34870392
<5>[    3.559095] ubi14: available PEBs: 0, total reserved PEBs: 160, PEBs reserved for bad PEB handling: 73
<5>[    3.561066] ubi14: background thread "ubi_bgt14d" started, PID 220
<5>[    3.704178] UBIFS (ubi14:0): background thread "ubifs_bgt14_0" started, PID 225
<5>[    3.732132] UBIFS (ubi14:0): recovery needed
<5>[    3.841564] UBIFS (ubi14:0): recovery completed
<5>[    3.841731] UBIFS (ubi14:0): UBIFS: mounted UBI device 14, volume 0, name "conf"
<5>[    3.841771] UBIFS (ubi14:0): LEB size: 126976 bytes (124 KiB), min./max. I/O unit sizes: 2048 bytes/2048 bytes
<5>[    3.841813] UBIFS (ubi14:0): FS size: 9142272 bytes (8 MiB, 72 LEBs), journal size 9023488 bytes (8 MiB, 72 LEBs)
<5>[    3.841850] UBIFS (ubi14:0): reserved for root: 0 bytes (0 KiB)
<5>[    3.842081] UBIFS (ubi14:0): media format: w4/r0 (latest is w4/r0), UUID 9EDC4307-C802-4BF9-A37C-6C5FD1DD214E, small LPT model
<5>[    3.881762] ubi15: attaching mtd15
<3>[    4.021311] tbox: mcu_wake_mpu 0 1 0
<5>[    4.372885] ubi15: scanning is finished
<5>[    4.381768] ubi15: attached mtd15 (name "system_b", size 100 MiB)
<5>[    4.381814] ubi15: PEB size: 131072 bytes (128 KiB), LEB size: 126976 bytes
<5>[    4.381843] ubi15: min./max. I/O unit sizes: 2048/2048, sub-page size 2048
<5>[    4.381872] ubi15: VID header offset: 2048 (aligned 2048), data offset: 4096
<5>[    4.381900] ubi15: good PEBs: 800, bad PEBs: 0, corrupted PEBs: 0
<5>[    4.381927] ubi15: user volume: 1, internal volumes: 1, max. volumes count: 128
<5>[    4.381962] ubi15: max/mean erase counter: 1/0, WL threshold: 4096, image sequence number: 303301672
<5>[    4.381997] ubi15: available PEBs: 0, total reserved PEBs: 800, PEBs reserved for bad PEB handling: 80
<5>[    4.383950] ubi15: background thread "ubi_bgt15d" started, PID 234
<5>[    4.553109] UBIFS (ubi15:0): recovery needed
<5>[    4.572419] UBIFS (ubi15:0): recovery deferred
<5>[    4.572589] UBIFS (ubi15:0): UBIFS: mounted UBI device 15, volume 0, name "backup", R/O mode
<5>[    4.572630] UBIFS (ubi15:0): LEB size: 126976 bytes (124 KiB), min./max. I/O unit sizes: 2048 bytes/2048 bytes
<5>[    4.572672] UBIFS (ubi15:0): FS size: 89518080 bytes (85 MiB, 705 LEBs), journal size 9023488 bytes (8 MiB, 72 LEBs)
<5>[    4.572709] UBIFS (ubi15:0): reserved for root: 0 bytes (0 KiB)
<5>[    4.572743] UBIFS (ubi15:0): media format: w4/r0 (latest is w4/r0), UUID 95551405-A4F2-4FBD-9143-5732B9D92211, small LPT model
<5>[    4.607988] ubi16: attaching mtd16
<5>[    5.461252] ubi16: scanning is finished
<5>[    5.470919] ubi16: attached mtd16 (name "vendor", size 170 MiB)
<5>[    5.470965] ubi16: PEB size: 131072 bytes (128 KiB), LEB size: 126976 bytes
<5>[    5.470993] ubi16: min./max. I/O unit sizes: 2048/2048, sub-page size 2048
<5>[    5.471023] ubi16: VID header offset: 2048 (aligned 2048), data offset: 4096
<5>[    5.471051] ubi16: good PEBs: 1360, bad PEBs: 0, corrupted PEBs: 0
<5>[    5.471078] ubi16: user volume: 1, internal volumes: 1, max. volumes count: 128
<5>[    5.471112] ubi16: max/mean erase counter: 6/3, WL threshold: 4096, image sequence number: 2381328
<5>[    5.471147] ubi16: available PEBs: 0, total reserved PEBs: 1360, PEBs reserved for bad PEB handling: 80
<5>[    5.473150] ubi16: background thread "ubi_bgt16d" started, PID 247
<5>[    5.614170] UBIFS (ubi16:0): background thread "ubifs_bgt16_0" started, PID 252
<5>[    5.643493] UBIFS (ubi16:0): recovery needed
<5>[    5.744852] UBIFS (ubi16:0): recovery completed
<5>[    5.745021] UBIFS (ubi16:0): UBIFS: mounted UBI device 16, volume 0, name "data"
<5>[    5.745062] UBIFS (ubi16:0): LEB size: 126976 bytes (124 KiB), min./max. I/O unit sizes: 2048 bytes/2048 bytes
<5>[    5.745105] UBIFS (ubi16:0): FS size: 160624640 bytes (153 MiB, 1265 LEBs), journal size 9023488 bytes (8 MiB, 72 LEBs)
<5>[    5.745144] UBIFS (ubi16:0): reserved for root: 0 bytes (0 KiB)
<5>[    5.745178] UBIFS (ubi16:0): media format: w4/r0 (latest is w4/r0), UUID 667710EE-9595-4DB4-A5A8-4BC0AAFBF445, small LPT model
<6>[    6.072079] subsys-restart: __subsystem_get(): Changing subsys fw_name to modem
<6>[    6.082321] pil-q6v5-mss 4080000.qcom,mss: modem: loading from 0x82a00000 to 0x87a00000
<4>[    6.130710] pil-q6v5-mss 4080000.qcom,mss: Debug policy not present - msadp. Continue.
<6>[    6.133700] pil-q6v5-mss 4080000.qcom,mss: Loading MBA and DP (if present) from 0x8f900000 to 0x8fa00000
<6>[    6.186783] pil-q6v5-mss 4080000.qcom,mss: MBA boot done
<12>[    7.458733] QCMAP:start
<12>[    7.504295] QTI:start
<12>[    8.068596] USB QCMAP NL IOCTL Snd GETNEIGH Succ
<4>[    8.348557] ------------[ cut here ]------------
<4>[    8.348634] WARNING: CPU: 0 PID: 435 at /home/exdisk2/userhome/dfsk516L-19/.dfsk516L-19/oe-core/build/tmp-glibc/work-shared/mdm9607/kernel-source/net/netfilter/nf_queue.c:35 nf_register_queue_handler+0x28/0x38()
<4>[    8.348697] Modules linked in:
<4>[    8.348728] CPU: 0 PID: 435 Comm: sh Not tainted 3.18.20 #1
<4>[    8.348779] [<c0013e48>] (unwind_backtrace) from [<c0011e38>] (show_stack+0x10/0x14)
<4>[    8.348826] [<c0011e38>] (show_stack) from [<c001d554>] (warn_slowpath_common+0x68/0x88)
<4>[    8.348869] [<c001d554>] (warn_slowpath_common) from [<c001d604>] (warn_slowpath_null+0x18/0x20)
<4>[    8.348914] [<c001d604>] (warn_slowpath_null) from [<c06b3578>] (nf_register_queue_handler+0x28/0x38)
<4>[    8.348962] [<c06b3578>] (nf_register_queue_handler) from [<c06cf150>] (proc_sip_segment+0x58/0x9c)
<4>[    8.349012] [<c06cf150>] (proc_sip_segment) from [<c0136510>] (proc_sys_call_handler+0x98/0xb4)
<4>[    8.349060] [<c0136510>] (proc_sys_call_handler) from [<c013653c>] (proc_sys_write+0x10/0x18)
<4>[    8.349104] [<c013653c>] (proc_sys_write) from [<c00e3fd0>] (vfs_write+0xb8/0x170)
<4>[    8.349145] [<c00e3fd0>] (vfs_write) from [<c00e4440>] (SyS_write+0x40/0x80)
<4>[    8.349182] [<c00e4440>] (SyS_write) from [<c000e680>] (ret_fast_syscall+0x0/0x38)
<4>[    8.349215] ---[ end trace 4917dfb2bec363a9 ]---
<6>[   13.214428] pil-q6v5-mss 4080000.qcom,mss: modem: Brought out of reset
<3>[   13.301183] mdm9607-asoc-snd soc:sound: Defering mdm_asoc_machine_probe, q6_state 0
<6>[   13.301352] pil-q6v5-mss 4080000.qcom,mss: Subsystem error monitoring/handling services are up
<6>[   13.301459] pil-q6v5-mss 4080000.qcom,mss: modem: Power/Clock ready interrupt received
<3>[   13.301637] M-Notify: General: 7
<3>[   13.384883] diag: In diag_send_feature_mask_update, control channel is not open, p: 0, c0e0ab58
<6>[   13.399986] apr_tal:Modem Is Up
<4>[   13.471094] msm-pcm-routing soc:qcom,msm-pcm-routing: ASoC: no dapm match for VOICEMMODE1_DL --> VoiceMMode1 --> SEC_MI2S_RX_Voice Mixer
<3>[   13.471162] msm-pcm-routing soc:qcom,msm-pcm-routing: ASoC: Failed to add route VOICEMMODE1_DL -> VoiceMMode1 -> SEC_MI2S_RX_Voice Mixer
<4>[   13.471246] msm-pcm-routing soc:qcom,msm-pcm-routing: ASoC: no dapm match for VOICEMMODE2_DL --> VoiceMMode2 --> SEC_MI2S_RX_Voice Mixer
<3>[   13.471292] msm-pcm-routing soc:qcom,msm-pcm-routing: ASoC: Failed to add route VOICEMMODE2_DL -> VoiceMMode2 -> SEC_MI2S_RX_Voice Mixer
<4>[   13.572608] msm-pcm-routing soc:qcom,msm-pcm-routing: ASoC: no dapm match for VOICE2_STUB_DL --> Voice2 Stub --> INTERNAL_BT_SCO_RX_Voice Mixer
<3>[   13.572675] msm-pcm-routing soc:qcom,msm-pcm-routing: ASoC: Failed to add route VOICE2_STUB_DL -> Voice2 Stub -> INTERNAL_BT_SCO_RX_Voice Mixer
<3>[   13.627371] msm-pcm-routing soc:qcom,msm-pcm-routing: ASoC: no sink widget found for SENARY_MI2S_TX
<3>[   13.627430] msm-pcm-routing soc:qcom,msm-pcm-routing: ASoC: Failed to add route BE_IN -> direct -> SENARY_MI2S_TX
<3>[   13.752594] msm-pcm-routing soc:qcom,msm-pcm-routing: ASoC: mux SLIM_0_RX AANC MUX has no paths
<4>[   13.863934] aic3x init success
<3>[   13.870211] msm-dai-stub-dev soc:qcom,msm-dai-stub:qcom,msm-dai-stub-dtmf-tx: ASoC: no sink widget found for STUB_DTMF_TX
<3>[   13.870273] msm-dai-stub-dev soc:qcom,msm-dai-stub:qcom,msm-dai-stub-dtmf-tx: ASoC: Failed to add route DTMF TX -> direct -> STUB_DTMF_TX
<3>[   13.870389] msm-dai-stub-dev soc:qcom,msm-dai-stub:qcom,msm-dai-stub-host-rx-capture-tx: ASoC: no sink widget found for STUB_HOST_RX_CAPTURE_TX
<3>[   13.870439] msm-dai-stub-dev soc:qcom,msm-dai-stub:qcom,msm-dai-stub-host-rx-capture-tx: ASoC: Failed to add route CS-VOICE HOST RX CAPTURE -> direct -> STUB_HOST_RX_CAPTURE_TX
<3>[   13.870555] msm-dai-stub-dev soc:qcom,msm-dai-stub:qcom,msm-dai-stub-host-rx-playback-rx: ASoC: no source widget found for STUB_HOST_RX_PLAYBACK_RX
<3>[   13.870606] msm-dai-stub-dev soc:qcom,msm-dai-stub:qcom,msm-dai-stub-host-rx-playback-rx: ASoC: Failed to add route STUB_HOST_RX_PLAYBACK_RX -> direct -> CS-VOICE HOST RX PLAYBACK
<3>[   13.870717] msm-dai-stub-dev soc:qcom,msm-dai-stub:qcom,msm-dai-stub-host-tx-capture-tx: ASoC: no sink widget found for STUB_HOST_TX_CAPTURE_TX
<3>[   13.870766] msm-dai-stub-dev soc:qcom,msm-dai-stub:qcom,msm-dai-stub-host-tx-capture-tx: ASoC: Failed to add route CS-VOICE HOST TX CAPTURE -> direct -> STUB_HOST_TX_CAPTURE_TX
<3>[   13.870872] msm-dai-stub-dev soc:qcom,msm-dai-stub:qcom,msm-dai-stub-host-tx-playback-rx: ASoC: no source widget found for STUB_HOST_TX_PLAYBACK_RX
<3>[   13.870921] msm-dai-stub-dev soc:qcom,msm-dai-stub:qcom,msm-dai-stub-host-tx-playback-rx: ASoC: Failed to add route STUB_HOST_TX_PLAYBACK_RX -> direct -> CS-VOICE HOST TX PLAYBACK
<3>[   13.883738] mdm9607-asoc-snd soc:sound: ASoC: no sink widget found for MIC_IN
<3>[   13.883795] mdm9607-asoc-snd soc:sound: ASoC: Failed to add route Mic Bias -> direct -> MIC_IN
<12>[   14.366151] embms:start/load
<3>[   14.684689] diag: In diagfwd_data_read_done, unable to write to mux error: -19
<6>[   15.535780] msm_thermal:set_enabled enabled = 0
<12>[   15.757868] USB QCMAP NL IOCTL Snd GETNEIGH Succ
<5>[   15.770279] random: lighttpd urandom read with 64 bits of entropy available
<6>[   15.938891] sps:BAM 0x04044000 is registered.
<6>[   15.939179] sps:BAM 0x04044000 (va:0xd1f60000) enabled: ver:0x27, number of pipes:6
<12>[   16.978311] eMBMs Tunneling Module:start
<6>[   17.634794] device rndis0 entered promiscuous mode
<12>[   17.673198] Shortcut_FE_IPV4:start/load
<12>[   17.737374] Shortcut_FE_IPV6:start/load
<6>[   17.739160] bridge0: port 1(rndis0) entered forwarding state
<6>[   17.739263] bridge0: port 1(rndis0) entered forwarding state
<12>[   17.770800] USB QCMAP NL IOCTL Snd GETNEIGH Succ
<12>[   17.804854] Shortcut_FE_CM:start/load
<12>[   17.927972] USB QCMAP NL IOCTL Snd GETNEIGH Succ
<12>[   18.102533] USB QCMAP NL IOCTL Snd GETNEIGH Succ
<12>[   18.105813] QCMAP:Start DHCP server
<12>[   18.141293] QTI:RNDIS mode
<12>[   18.153873] QTI:LINK_UP message posted
<12>[   18.608447] QCMAP:DHCP server started
<12>[   18.622820] QCMAP:DHCP server started
<12>[   19.054502] QCMAP:Init Complete
<12>[   19.536844] USB QCMAP NL IOCTL Snd GETNEIGH Succ
<12>[   19.565461] QTI_PPP:start
<12>[   19.602535] QTI:Processing LINK_UP
<12>[   19.670483] QTI:Enable mobileap
<12>[   19.699771] QCMAP:Enable mobileap
<12>[   20.988729] QCMAP:Enable mobileap done
<12>[   21.008068] QTI:Setup TETHERED link
<12>[   21.295687] mbimd: Proc start
<6>[   21.348024] mbim_open: Open mbim driver
<6>[   21.348065] mbim_open: Lock mbim_dev->open_excl for open
<3>[   21.348089] mbim_open: USB cable not connected
<6>[   21.348110] mbim_open: Exit, mbim file opened
<12>[   22.639331] QTI:LINK_UP Processed
<6>[   23.425467] msm_hsl_set_baud_rate: setting uartclk rate 7372800
<6>[   23.425617] msm_hsl_set_baud_rate: setting uartclk rate 7372800
<6>[   23.425691] msm_hsl_set_baud_rate: setting uartclk rate 7372800
<3>[   26.867823] tbox: mcu_wake_mpu 0 2 0
<5>[   28.021055] random: nonblocking pool is initialized
[1980-01-06 08:00:16]<6>[    0.000000] Booting Linux on physical CPU 0x0
<6>[    0.000000] Initializing cgroup subsys cpu
<6>[    0.000000] Initializing cgroup subsys cpuacct
<5>[    0.000000] Linux version 3.18.20 (dfsk516L-19@server) (gcc version 4.9.2 (GCC) ) #1 PREEMPT Thu Oct 31 14:35:40 CST 2019
<6>[    0.000000] CPU: ARMv7 Processor [410fc075] revision 5 (ARMv7), cr=10c53c7d
<6>[    0.000000] CPU: PIPT / VIPT nonaliasing data cache, VIPT aliasing instruction cache
<6>[    0.000000] Machine model: Qualcomm Technologies, Inc. MDM 9607 MTP
<6>[    0.000000] Early serial console at I/O port 0x0 (options '')
<6>[    0.000000] bootconsole [uart0] enabled
<6>[    0.000000] Reserved memory: reserved region for node 'modem_adsp_region@0': base 0x82a00000, size 80 MiB
<6>[    0.000000] Reserved memory: reserved region for node 'cnss_debug_region@0': base 0x87a00000, size 2 MiB
<6>[    0.000000] Reserved memory: reserved region for node 'external_image_region@0': base 0x87c00000, size 4 MiB
<6>[    0.000000] Removed memory: created DMA memory pool at 0x82a00000, size 80 MiB
<6>[    0.000000] Reserved memory: initialized node modem_adsp_region@0, compatible id removed-dma-pool
<6>[    0.000000] Removed memory: created DMA memory pool at 0x87a00000, size 2 MiB
<6>[    0.000000] Reserved memory: initialized node cnss_debug_region@0, compatible id removed-dma-pool
<6>[    0.000000] Removed memory: created DMA memory pool at 0x87c00000, size 4 MiB
<6>[    0.000000] Reserved memory: initialized node external_image_region@0, compatible id removed-dma-pool
<6>[    0.000000] Reserved memory: allocated memory for 'audio_region@0' node: base 0x8fc00000, size 4 MiB
<6>[    0.000000] Reserved memory: created CMA memory pool at 0x8fc00000, size 4 MiB
<6>[    0.000000] Reserved memory: initialized node audio_region@0, compatible id shared-dma-pool
<6>[    0.000000] cma: Reserved 4 MiB at 0x8f800000
<6>[    0.000000] Memory policy: Data cache writeback
<7>[    0.000000] On node 0 totalpages: 64000
<7>[    0.000000] free_area_init_node: node 0, pgdat c0d0c84c, node_mem_map cf58e000
<7>[    0.000000]   Normal zone: 576 pages used for memmap
<7>[    0.000000]   Normal zone: 0 pages reserved
<7>[    0.000000]   Normal zone: 64000 pages, LIFO batch:15
<6>[    0.000000] CPU: All CPU(s) started in SVC mode.
<7>[    0.000000] pcpu-alloc: s0 r0 d32768 u32768 alloc=1*32768
<7>[    0.000000] pcpu-alloc: [0] 0 
<4>[    0.000000] Built 1 zonelists in Zone order, mobility grouping on.  Total pages: 63424
<5>[    0.000000] Kernel command line: noinitrd ro androidboot.hardware=qcom ehci-hcd.park=3 msm_rtb.filter=0x37 lpm_levels.sleep_disabled=1  earlycon=msm_hsl_uart,0x78b3000  androidboot.serialno=5b47b7c1 androidboot.authorized_kernel=true androidboot.baseband=msm rootfstype=ubifs rootflags=bulk_read root=ubi0:rootfs ubi.mtd=13
<6>[    0.000000] PID hash table entries: 1024 (order: 0, 4096 bytes)
<6>[    0.000000] Dentry cache hash table entries: 32768 (order: 5, 131072 bytes)
<6>[    0.000000] Inode-cache hash table entries: 16384 (order: 4, 65536 bytes)
<4>[    0.000000] Memory: 147776K/256000K available (8577K kernel code, 842K rwdata, 3856K rodata, 340K init, 1406K bss, 108224K reserved)
<5>[    0.000000] Virtual kernel memory layout:
<5>[    0.000000]     vector  : 0xffff0000 - 0xffff1000   (   4 kB)
<5>[    0.000000]     fixmap  : 0xffc00000 - 0xfff00000   (3072 kB)
<5>[    0.000000]     vmalloc : 0xd0800000 - 0xff000000   ( 744 MB)
<5>[    0.000000]     lowmem  : 0xc0000000 - 0xd0000000   ( 256 MB)
<5>[    0.000000]     modules : 0xbf000000 - 0xc0000000   (  16 MB)
<5>[    0.000000]       .text : 0xc0008000 - 0xc0c2c91c   (12435 kB)
<5>[    0.000000]       .init : 0xc0c2d000 - 0xc0c82000   ( 340 kB)
<5>[    0.000000]       .data : 0xc0c82000 - 0xc0d54ba0   ( 843 kB)
<5>[    0.000000]        .bss : 0xc0d54c64 - 0xc0eb45c0   (1407 kB)
<6>[    0.000000] SLUB: HWalign=64, Order=0-3, MinObjects=0, CPUs=1, Nodes=1
<6>[    0.000000] Preemptible hierarchical RCU implementation.
<6>[    0.000000] NR_IRQS:16 nr_irqs:16 16
<2>[    0.000000] GIC CPU mask not found - kernel will fail to boot.
<2>[    0.000000] GIC CPU mask not found - kernel will fail to boot.
<4>[    0.000000] mpm_init_irq_domain(): Cannot find irq controller for qcom,gpio-parent
<3>[    0.000000] MPM 1 irq mapping errored -517
<6>[    0.000000] Architected mmio timer(s) running at 19.20MHz (virt).
<6>[    0.000010] sched_clock: 56 bits at 19MHz, resolution 52ns, wraps every 3579139424256ns
<6>[    0.007974] Switching to timer-based delay loop, resolution 52ns
<6>[    0.013969] Switched to clocksource arch_mem_counter
<6>[    0.019719] Console: colour dummy device 80x30
<6>[    0.023338] console [tty0] enabled
<6>[    0.026760] bootconsole [uart0] disabled
<6>[    0.030636] Calibrating delay loop (skipped), value calculated using timer frequency.. 38.40 BogoMIPS (lpj=192000)
<6>[    0.030675] pid_max: default: 32768 minimum: 301
<6>[    0.030896] Mount-cache hash table entries: 1024 (order: 0, 4096 bytes)
<6>[    0.030935] Mountpoint-cache hash table entries: 1024 (order: 0, 4096 bytes)
<6>[    0.031805] Initializing cgroup subsys freezer
<6>[    0.031872] CPU: Testing write buffer coherency: ok
<6>[    0.032413] Setting up static identity map for 0x8082d370 - 0x8082d3c8
<4>[    0.033693] 
<4>[    0.033693] **********************************************************
<4>[    0.033734] **   NOTICE NOTICE NOTICE NOTICE NOTICE NOTICE NOTICE   **
<4>[    0.033757] **                                                      **
<4>[    0.033778] ** trace_printk() being used. Allocating extra memory.  **
<4>[    0.033799] **                                                      **
<4>[    0.033820] ** This means that this is a DEBUG kernel and it is     **
<4>[    0.033841] ** unsafe for produciton use.                           **
<4>[    0.033862] **                                                      **
<4>[    0.033883] ** If you see this message and you are not debugging    **
<4>[    0.033904] ** the kernel, report this immediately to your vendor!  **
<4>[    0.033925] **                                                      **
<4>[    0.033947] **   NOTICE NOTICE NOTICE NOTICE NOTICE NOTICE NOTICE   **
<4>[    0.034049] **********************************************************
<6>[    0.061030] MSM Memory Dump base table set up
<6>[    0.061126] MSM Memory Dump apps data table set up
<6>[    0.071808] VFP support v0.3: implementor 41 architecture 2 part 30 variant 7 rev 5
<6>[    0.079517] pinctrl core: initialized pinctrl subsystem
<6>[    0.080076] regulator-dummy: no parameters
<6>[    0.111890] NET: Registered protocol family 16
<6>[    0.123743] DMA: preallocated 256 KiB pool for atomic coherent allocations
<6>[    0.184033] cpuidle: using governor ladder
<6>[    0.214022] cpuidle: using governor menu
<6>[    0.244024] cpuidle: using governor qcom
<6>[    0.253416] msm_watchdog b017000.qcom,wdt: wdog absent resource not present
<6>[    0.253857] msm_watchdog b017000.qcom,wdt: MSM Watchdog Initialized
<3>[    0.263404] spmi_pmic_arb 200f000.qcom,spmi: PMIC Arb Version-2 0x20010000
<6>[    0.266472] platform 4080000.qcom,mss: assigned reserved memory node modem_adsp_region@0
<4>[    0.267268] irq: no irq domain found for /soc/pinctrl@1000000 !
<6>[    0.267837] mem_acc_corner: 0 <--> 0 mV 
<6>[    0.268944] hw-breakpoint: found 5 (+1 reserved) breakpoint and 4 watchpoint registers.
<6>[    0.268984] hw-breakpoint: maximum watchpoint size is 8 bytes.
<7>[    0.269959] gpiochip_add: registered GPIOs 0 to 79 on device: 1000000.pinctrl
<7>[    0.269983] GPIO chip 1000000.pinctrl: created GPIO range 0->79 ==> 1000000.pinctrl PIN 0->79
<4>[    0.270624] __of_mpm_init(): MPM driver mapping exists
<4>[    0.271246] msm_rpm_glink_dt_parse: qcom,rpm-glink compatible not matches
<6>[    0.271285] msm_rpm_dev_probe: APSS-RPM communication over SMD
<3>[    0.271965] msm_mpm_dev_probe(): Cannot get clk resource for XO: -517
<3>[    0.274692] smd_channel_probe_now: allocation table not initialized
<6>[    0.277140] mdm9607_s1: 1050 <--> 1350 mV at 1225 mV normal idle 
<6>[    0.277393] spm_regulator_probe: name=mdm9607_s1, range=LV, voltage=1225000 uV, mode=AUTO, step rate=4800 uV/us
<6>[    0.277980] cpr_efuse_init: apc_corner: efuse_addr = 0x000a4000 (len=0x1000)
<6>[    0.278052] cpr_read_fuse_revision: apc_corner: fuse revision = 2
<6>[    0.278088] cpr_parse_speed_bin_fuse: apc_corner: [row: 37]: 0x41d15d325b47b7c1, speed_bits = 4
<6>[    0.278196] cpr_pvs_init: apc_corner: pvs voltage: [1050000 1100000 1250000] uV
<6>[    0.278232] cpr_pvs_init: apc_corner: ceiling voltage: [1050000 1225000 1350000] uV
<6>[    0.278267] cpr_pvs_init: apc_corner: floor voltage: [1050000 1050000 1150000] uV
<6>[    0.279000] i2c-msm-v2 78b8000.i2c: probing driver i2c-msm-v2
<3>[    0.279101] i2c-msm-v2 78b8000.i2c: error on clk_get(core_clk):-517
<3>[    0.279135] i2c-msm-v2 78b8000.i2c: error probe() failed with err:-517
<6>[    0.282188] msm-thermal soc:qcom,msm-thermal: msm_thermal:Failed reading node=/soc/qcom,msm-thermal, key=qcom,core-limit-temp. err=-22. KTM continues
<6>[    0.282266] msm-thermal soc:qcom,msm-thermal: probe_therm_reset:Failed reading node=/soc/qcom,msm-thermal, key=qcom,therm-reset-temp err=-22. KTM continues
<3>[    0.282314] msm_thermal:get_kernel_cluster_info CPU0 topology not initialized.
<6>[    0.282395] msm_thermal:vdd_restriction_reg_init Defer regulator vdd-dig probe
<3>[    0.282429] msm_thermal:probe_vdd_rstr Err regulator init. err:-517. KTM continues.
<6>[    0.282466] msm-thermal soc:qcom,msm-thermal: probe_vdd_rstr:Failed reading node=/soc/qcom,msm-thermal, key=qcom,max-freq-level. err=-517. KTM continues
<3>[    0.282511] msm_thermal:msm_thermal_dev_probe Failed reading node=/soc/qcom,msm-thermal, key=qcom,online-hotplug-core. err:-517
<6>[    0.284363] sps:sps is ready.
<4>[    0.286689] msm_rpm_glink_dt_parse: qcom,rpm-glink compatible not matches
<6>[    0.286735] msm_rpm_dev_probe: APSS-RPM communication over SMD
<6>[    0.287799] mdm9607_s2: 750 <--> 1275 mV at 750 mV normal idle 
<6>[    0.288764] mdm9607_s3_level: 0 <--> 0 mV at 0 mV normal idle 
<6>[    0.289390] mdm9607_s3_level_ao: 0 <--> 0 mV at 0 mV normal idle 
<6>[    0.290035] mdm9607_s3_floor_level: 0 <--> 0 mV at 0 mV normal idle 
<6>[    0.290647] mdm9607_s3_level_so: 0 <--> 0 mV at 0 mV normal idle 
<6>[    0.291482] mdm9607_s4: 1800 <--> 1950 mV at 1800 mV normal idle 
<6>[    0.292343] mdm9607_l1: 1250 mV normal idle 
<6>[    0.293209] mdm9607_l2: 1800 mV normal idle 
<6>[    0.294324] mdm9607_l3: 1800 mV normal idle 
<6>[    0.295246] mdm9607_l4: 3075 mV normal idle 
<6>[    0.296122] mdm9607_l5: 1700 <--> 3050 mV at 1700 mV normal idle 
<6>[    0.296985] mdm9607_l6: 1700 <--> 3050 mV at 1700 mV normal idle 
<6>[    0.297790] mdm9607_l7: 1700 <--> 1900 mV at 1700 mV normal idle 
<6>[    0.298597] mdm9607_l8: 1800 mV normal idle 
<6>[    0.299407] mdm9607_l9: 1200 <--> 1250 mV at 1200 mV normal idle 
<6>[    0.300234] mdm9607_l10: 1050 mV normal idle 
<6>[    0.301070] mdm9607_l11: 1800 mV normal idle 
<6>[    0.301876] mdm9607_l12_level: 0 <--> 0 mV at 0 mV normal idle 
<6>[    0.302524] mdm9607_l12_level_ao: 0 <--> 0 mV at 0 mV normal idle 
<6>[    0.303104] mdm9607_l12_level_so: 0 <--> 0 mV at 0 mV normal idle 
<6>[    0.303738] mdm9607_l12_floor_lebel: 0 <--> 0 mV at 0 mV normal idle 
<6>[    0.304796] mdm9607_l13: 1800 <--> 2850 mV at 2850 mV normal idle 
<6>[    0.305640] mdm9607_l14: 2650 <--> 3000 mV at 2650 mV normal idle 
<3>[    0.305944] msm_mpm_dev_probe(): Cannot get clk resource for XO: -517
<6>[    0.306262] cpr_efuse_init: apc_corner: efuse_addr = 0x000a4000 (len=0x1000)
<6>[    0.306333] cpr_read_fuse_revision: apc_corner: fuse revision = 2
<6>[    0.306369] cpr_parse_speed_bin_fuse: apc_corner: [row: 37]: 0x41d15d325b47b7c1, speed_bits = 4
<6>[    0.306476] cpr_pvs_init: apc_corner: pvs voltage: [1050000 1100000 1250000] uV
<6>[    0.306512] cpr_pvs_init: apc_corner: ceiling voltage: [1050000 1225000 1350000] uV
<6>[    0.306546] cpr_pvs_init: apc_corner: floor voltage: [1050000 1050000 1150000] uV
<6>[    0.306816] cpr_init_cpr_parameters: apc_corner: up threshold = 0, down threshold = 2
<6>[    0.306874] cpr_init_cpr_parameters: apc_corner: CPR is disabled by default.
<6>[    0.306925] cpr_init_cpr_efuse: apc_corner: [row:65] = 0x15400291291389
<6>[    0.306963] cpr_init_cpr_efuse: apc_corner: CPR disable fuse = 0
<6>[    0.306992] cpr_init_cpr_efuse: apc_corner: Corner[1]: ro_sel = 0, target quot = 657
<6>[    0.307026] cpr_init_cpr_efuse: apc_corner: Corner[2]: ro_sel = 0, target quot = 657
<6>[    0.307060] cpr_init_cpr_efuse: apc_corner: Corner[3]: ro_sel = 0, target quot = 905
<6>[    0.307261] cpr_config: apc_corner: Timer count: 0x17700 (for 5000 us)
<6>[    0.307845] apc_corner: 0 <--> 0 mV 
<6>[    0.308433] i2c-msm-v2 78b8000.i2c: probing driver i2c-msm-v2
<3>[    0.308543] i2c-msm-v2 78b8000.i2c: error on clk_get(core_clk):-517
<3>[    0.308578] i2c-msm-v2 78b8000.i2c: error probe() failed with err:-517
<6>[    0.309125] msm-thermal soc:qcom,msm-thermal: msm_thermal:Failed reading node=/soc/qcom,msm-thermal, key=qcom,core-limit-temp. err=-22. KTM continues
<6>[    0.309193] msm-thermal soc:qcom,msm-thermal: probe_therm_reset:Failed reading node=/soc/qcom,msm-thermal, key=qcom,therm-reset-temp err=-22. KTM continues
<3>[    0.309241] msm_thermal:get_kernel_cluster_info CPU0 topology not initialized.
<3>[    0.309719] cpu cpu0: dev_pm_opp_get_opp_count: device OPP not found (-19)
<3>[    0.309758] msm_thermal:get_cpu_freq_plan_len Error reading CPU0 freq table len. error:-19
<6>[    0.309790] msm_thermal:vdd_restriction_reg_init Defer vdd rstr freq init.
<3>[    0.310173] cpu cpu0: dev_pm_opp_get_opp_count: device OPP not found (-19)
<3>[    0.310207] msm_thermal:get_cpu_freq_plan_len Error reading CPU0 freq table len. error:-19
<3>[    0.310243] cpu cpu0: dev_pm_opp_get_opp_count: device OPP not found (-19)
<3>[    0.310269] msm_thermal:get_cpu_freq_plan_len Error reading CPU0 freq table len. error:-19
<6>[    0.320567] qcom,gcc-mdm9607 1800000.qcom,gcc: Registered GCC clocks
<6>[    0.321044] clock-a7 b010008.qcom,clock-a7: Speed bin: 4 PVS Version: 0
<6>[    0.321154] a7ssmux: set OPP pair(806400000 Hz: 2 uV) on cpu0
<6>[    0.321206] a7ssmux: set OPP pair(1305600000 Hz: 7 uV) on cpu0
<6>[    0.322842] i2c-msm-v2 78b8000.i2c: probing driver i2c-msm-v2
<3>[    0.322956] AXI: msm_bus_scale_register_client(): msm_bus_scale_register_client: Bus driver not ready.
<6>[    0.322998] i2c-msm-v2 78b8000.i2c: msm_bus_scale_register_client(mstr-id:86):0 (not a problem)
<7>[    0.385974] gpiochip_find_base: found new base at 1018
<7>[    0.386148] gpiochip_add: registered GPIOs 1018 to 1023 on device: pm8019-gpio
<7>[    0.386443] qcom,qpnp-pin qpnp-pin-6: qpnp_pin_probe: gpio_chip registered between 1018-1023
<7>[    0.386625] gpiochip_find_base: found new base at 1012
<7>[    0.386769] gpiochip_add: registered GPIOs 1012 to 1017 on device: pm8019-mpp
<7>[    0.387201] qcom,qpnp-pin qpnp-pin-7: qpnp_pin_probe: gpio_chip registered between 1012-1017
<6>[    0.387512] KPI: Bootloader start count = 21587
<6>[    0.387548] KPI: Bootloader end count = 61641
<6>[    0.387571] KPI: Bootloader display count = 1082034895
<6>[    0.387594] KPI: Bootloader load kernel count = 29218
<6>[    0.387618] KPI: Kernel MPM timestamp = 102089
<6>[    0.387640] KPI: Kernel MPM Clock frequency = 32768
<6>[    0.387686] socinfo_print: v0.10, id=290, ver=1.0, raw_id=74, raw_ver=0, hw_plat=8, hw_plat_ver=65536
<6>[    0.387686]  accessory_chip=0, hw_plat_subtype=0, pmic_model=65539, pmic_die_revision=131074 foundry_id=0 serial_number=1531426753
<7>[    0.388184] of_get_named_gpiod_flags: parsed 'gpio' property of node '/soc/sdcard_ext_vreg[0]' - status (0)
<6>[    0.388422] sdcard_ext_vreg: no parameters
<7>[    0.388680] of_get_named_gpiod_flags: parsed 'gpio' property of node '/soc/rome_vreg[0]' - status (0)
<6>[    0.388885] rome_vreg: no parameters
<7>[    0.389110] of_get_named_gpiod_flags: parsed 'gpio' property of node '/soc/emac_lan_vreg[0]' - status (0)
<6>[    0.389320] emac_lan_vreg: no parameters
<5>[    0.390635] SCSI subsystem initialized
<6>[    0.390882] usbcore: registered new interface driver usbfs
<6>[    0.391016] usbcore: registered new interface driver hub
<6>[    0.391262] usbcore: registered new device driver usb
<6>[    0.392672] cpufreq: driver msm up and running
<6>[    0.393400] platform soc:qcom,ion:qcom,ion-heap@28: assigned reserved memory node audio_region@0
<6>[    0.393907] ION heap system created
<6>[    0.394264] ION heap audio created at 0x8fc00000 with size 400000
<3>[    0.394770] msm_bus_fabric_init_driver
<6>[    0.406508] qcom,qpnp-power-on qpnp-power-on-1: PMIC@SID0 Power-on reason: Triggered from Hard Reset and 'cold' boot
<6>[    0.406581] qcom,qpnp-power-on qpnp-power-on-1: PMIC@SID0: Power-off reason: Triggered from PS_HOLD (PS_HOLD/MSM controlled shutdown)
<6>[    0.406991] input: qpnp_pon as /devices/virtual/input/input0
<6>[    0.408034] PMIC@SID0: PM8019 v2.2 options: 3, 2, 2, 2
<6>[    0.409710] Advanced Linux Sound Architecture Driver Initialized.
<6>[    0.410721] Bluetooth: Core ver 2.19
<6>[    0.410811] NET: Registered protocol family 31
<6>[    0.410837] Bluetooth: HCI device and connection manager initialized
<6>[    0.410872] Bluetooth: HCI socket layer initialized
<6>[    0.410904] Bluetooth: L2CAP socket layer initialized
<6>[    0.410958] Bluetooth: SCO socket layer initialized
<6>[    0.411382] cfg80211: Calling CRDA to update world regulatory domain
<6>[    0.411446] cfg80211: World regulatory domain updated:
<6>[    0.411474] cfg80211:  DFS Master region: unset
<6>[    0.411495] cfg80211:   (start_freq - end_freq @ bandwidth), (max_antenna_gain, max_eirp), (dfs_cac_time)
<6>[    0.411540] cfg80211:   (2402000 KHz - 2472000 KHz @ 40000 KHz), (N/A, 2000 mBm), (N/A)
<6>[    0.411575] cfg80211:   (2457000 KHz - 2482000 KHz @ 40000 KHz), (N/A, 2000 mBm), (N/A)
<6>[    0.411610] cfg80211:   (2474000 KHz - 2494000 KHz @ 20000 KHz), (N/A, 2000 mBm), (N/A)
<6>[    0.411645] cfg80211:   (5170000 KHz - 5250000 KHz @ 80000 KHz), (N/A, 2000 mBm), (N/A)
<6>[    0.411680] cfg80211:   (5250000 KHz - 5330000 KHz @ 80000 KHz), (N/A, 2000 mBm), (N/A)
<6>[    0.411714] cfg80211:   (5490000 KHz - 5710000 KHz @ 80000 KHz), (N/A, 2000 mBm), (N/A)
<6>[    0.411749] cfg80211:   (5735000 KHz - 5835000 KHz @ 80000 KHz), (N/A, 2000 mBm), (N/A)
<6>[    0.411784] cfg80211:   (57240000 KHz - 63720000 KHz @ 2160000 KHz), (N/A, 0 mBm), (N/A)
<6>[    0.413169] Switched to clocksource arch_mem_counter
<6>[    0.455738] NET: Registered protocol family 2
<6>[    0.456721] TCP established hash table entries: 2048 (order: 1, 8192 bytes)
<6>[    0.456802] TCP bind hash table entries: 2048 (order: 1, 8192 bytes)
<6>[    0.456852] TCP: Hash tables configured (established 2048 bind 2048)
<6>[    0.457000] TCP: reno registered
<6>[    0.457038] UDP hash table entries: 256 (order: 0, 4096 bytes)
<6>[    0.457084] UDP-Lite hash table entries: 256 (order: 0, 4096 bytes)
<6>[    0.457340] NET: Registered protocol family 1
<6>[    0.460308] futex hash table entries: 256 (order: -1, 3072 bytes)
<6>[    0.473698] msgmni has been set to 304
<6>[    0.477046] Block layer SCSI generic (bsg) driver version 0.4 loaded (major 251)
<6>[    0.477104] io scheduler noop registered
<6>[    0.477134] io scheduler deadline registered
<6>[    0.477404] io scheduler cfq registered (default)
<7>[    0.477553] gpiochip_find_base: found new base at 980
<7>[    0.477720] gpiochip_add: registered GPIOs 980 to 1011 on device: smp2p
<7>[    0.477966] gpiochip_find_base: found new base at 948
<7>[    0.478114] gpiochip_add: registered GPIOs 948 to 979 on device: smp2p
<7>[    0.478171] gpiochip_find_base: found new base at 916
<7>[    0.478325] gpiochip_add: registered GPIOs 916 to 947 on device: smp2p
<7>[    0.478541] gpiochip_find_base: found new base at 884
<7>[    0.478697] gpiochip_add: registered GPIOs 884 to 915 on device: smp2p
<7>[    0.478758] gpiochip_find_base: found new base at 852
<7>[    0.478900] gpiochip_add: registered GPIOs 852 to 883 on device: slave-kernel
<7>[    0.479055] gpiochip_find_base: found new base at 852
<7>[    0.479197] gpiochip_add: registered GPIOs 852 to 883 on device: master-kernel
<5>[    0.486096] msm_rpm_log_probe: OK
<7>[    0.487423] of_get_named_gpiod_flags: parsed 'qcom,gpio-proxy-unvote' property of node '/soc/qcom,mss@4080000[0]' - status (-517)
<4>[    0.488124] gsm_init: loaded as 250,0.
<6>[    0.488955] msm_serial_hs module loaded
<6>[    0.489390] msm_hsl_dt_to_pdata: read config-gpio ret=-22
<6>[    0.489425] msm_hsl_dt_to_pdata: read config-gpio =0 start.
<6>[    0.489453] msm_serial_hsl_probe: detected port #0 (ttyHSL0)
<6>[    0.489505] msm_serial_hsl_probe: two_wire   func_mode:0
<3>[    0.489536] AXI: get_pdata(): Error: Client name not found
<3>[    0.489562] AXI: msm_bus_cl_get_pdata(): client has to provide missing entry for successful registration
<3>[    0.489596] msm_serial_hsl_probe: Bus scaling is disabled
<6>[    0.489779] 78b3000.serial: ttyHSL0 at MMIO 0x78b3000 (irq = 153, base_baud = 460800) is a MSM
<6>[    0.490346] msm_hsl_dt_to_pdata: read config-gpio ret=0
<6>[    0.490382] msm_hsl_dt_to_pdata: read config-gpio =4 start.
<7>[    0.490433] of_get_named_gpiod_flags: parsed 'qcom,tx-gpio' property of node '/soc/serial@78b1000[0]' - status (0)
<7>[    0.490461] of_get_named_gpiod_flags: parsed 'qcom,rx-gpio' property of node '/soc/serial@78b1000[0]' - status (0)
<6>[    0.490472] msm_hsl_dt_to_pdata: read config-gpio= ok
<7>[    0.490512] of_get_named_gpiod_flags: parsed 'qcom,cts-gpio' property of node '/soc/serial@78b1000[0]' - status (0)
<7>[    0.490537] of_get_named_gpiod_flags: parsed 'qcom,rfr-gpio' property of node '/soc/serial@78b1000[0]' - status (0)
<6>[    0.490550] msm_serial_hsl_probe: detected port #1 (ttyHSL1)
<6>[    0.490596] msm_serial_hsl_probe: four_wire   func_mode:1
<6>[    0.490984] 78b1000.serial: ttyHSL1 at MMIO 0x78b1000 (irq = 151, base_baud = 460800) is a MSM
<6>[    0.494539] msm_serial_hsl_init: driver initialized
<4>[    0.496042] [LS_RI]ri_init!
<4>[    0.496074] [LS_RI]gpio_uart_ri_probe!
<4>[    0.496108] frist request gpio ok LS_UART_RI_GPIO
<4>[    0.496135] allocate data to r_pme strcut
<4>[    0.496157] [LS_RI]:ls_ri_init    finish!!! 
<6>[    0.510437] tbox:+power_dev_init
<6>[    0.510513] tbox:gpio mpu_wake_mcu init start
<6>[    0.510707] tbox:gpio mpu_wake_mcu init success
<6>[    0.510731] tbox:gpio mcu_wake_mpu init start
<6>[    0.511360] tbox:gpio mcu_wake_mpu init success
<6>[    0.511393] tbox:gpio mcu_notify_mpu1 init start
<6>[    0.511574] tbox:gpio mcu_notify_mpu1 init success
<6>[    0.511606] tbox:gpio mcu_notify_mpu2 init start
<6>[    0.511762] tbox:gpio mcu_notify_mpu2 init success
<6>[    0.511787] tbox:gpio bt_host_wake init start
<6>[    0.512261] tbox:gpio bt_host_wake init success
<6>[    0.512296] tbox:gpio bt_dev_wake init start
<6>[    0.512503] tbox:gpio bt_dev_wake init success
<6>[    0.512530] tbox:gpio mpu_update init start
<6>[    0.512685] tbox:gpio mpu_update init success
<6>[    0.512715] tbox:gpio wlan_en init start
<6>[    0.512864] tbox:gpio wlan_en init success
<6>[    0.512892] tbox:-power_dev_init
<6>[    0.522404] brd: module loaded
<6>[    0.526692] loop: module loaded
<4>[    0.529711] ls_netlink_init.
<7>[    0.530573] lct_gpio_utility soc:lct,gpio-utility: lct_gpios_test_probe: OK
<4>[    0.530970] i2c-core: driver [tabla-i2c-core] using legacy suspend method
<4>[    0.531008] i2c-core: driver [tabla-i2c-core] using legacy resume method
<4>[    0.531232] i2c-core: driver [wcd9xxx-i2c-core] using legacy suspend method
<4>[    0.531262] i2c-core: driver [wcd9xxx-i2c-core] using legacy resume method
<4>[    0.531464] i2c-core: driver [tasha-i2c-core] using legacy suspend method
<4>[    0.531493] i2c-core: driver [tasha-i2c-core] using legacy resume method
<6>[    0.531786] SCSI Media Changer driver v0.25 
<3>[    0.536604] sps: BAM device 0x07984000 is not registered yet.
<6>[    0.537483] sps:BAM 0x07984000 is registered.
<6>[    0.537525] msm_nand_bam_init: msm_nand_bam_init: BAM device registered: bam_handle 0xceaa0000
<6>[    0.537886] sps:BAM 0x07984000 (va:0xd09a0000) enabled: ver:0x18, number of pipes:7
<6>[    0.540101] msm_nand_parse_smem_ptable: Parsing partition table info from SMEM
<6>[    0.540188] msm_nand_parse_smem_ptable: SMEM partition table found: ver: 4 len: 17
<6>[    0.540247] msm_nand_version_check: nand_major:1, nand_minor:5, qpic_major:1, qpic_minor:5
<3>[    0.540319] msm_nand_scan: missing page size info - extract from NAND ID
<6>[    0.540351] msm_nand_scan: NAND Id: 0x1590acad Buswidth: 8Bits Density: 512 MByte
<6>[    0.540383] msm_nand_scan: pagesize: 2048 Erasesize: 131072 oobsize: 64 (in Bytes)
<6>[    0.540414] msm_nand_scan: BCH ECC: 4 Bit
<6>[    0.540447] msm_nand_scan: CFG0: 0x2a0408c0,           CFG1: 0x0804745c
<6>[    0.540447]             RAWCFG0: 0x2c8400c0,        RAWCFG1: 0x0005055d
<6>[    0.540447]           ECCBUFCFG: 0x00000203,      ECCBCHCFG: 0x42040700
<6>[    0.540447]           RAWECCCFG: 0x42000701, BAD BLOCK BYTE: 0x000001d1
<5>[    0.540542] Creating 17 MTD partitions on "7980000.nand":
<5>[    0.540577] 0x000000000000-0x000000140000 : "sbl"
<5>[    0.541853] 0x000000140000-0x000000280000 : "mibib"
<5>[    0.542902] 0x000000280000-0x000000e80000 : "efs2"
<5>[    0.543873] 0x000000e80000-0x000001000000 : "tz"
<5>[    0.545006] 0x000001000000-0x000001140000 : "rpm"
<5>[    0.546047] 0x000001140000-0x000001280000 : "aboot"
<5>[    0.547107] 0x000001280000-0x000001a60000 : "boot"
<5>[    0.548185] 0x000001a60000-0x000001aa0000 : "scrub"
<5>[    0.549281] 0x000001aa0000-0x000005260000 : "modem"
<5>[    0.550380] 0x000005260000-0x0000053a0000 : "misc"
<5>[    0.551485] 0x0000053a0000-0x000005a80000 : "recovery"
<5>[    0.552499] 0x000005a80000-0x000005c00000 : "fota"
<5>[    0.553481] 0x000005c00000-0x000007a00000 : "recoveryfs"
<5>[    0.554950] 0x000007a00000-0x00000de00000 : "system"
<5>[    0.556069] 0x00000de00000-0x00000f200000 : "oeminfo"
<5>[    0.557112] 0x00000f200000-0x000015600000 : "system_b"
<5>[    0.558169] 0x000015600000-0x000020000000 : "vendor"
<6>[    0.559332] msm_nand_probe: NANDc phys addr 0x7980000, BAM phys addr 0x7984000, BAM IRQ 164
<6>[    0.559375] msm_nand_probe: Allocated DMA buffer at virt_addr 0xcf840000, phys_addr 0x8f840000
<6>[    0.563003] PPP generic driver version 2.4.2
<6>[    0.563290] PPP BSD Compression module registered
<6>[    0.563325] PPP Deflate Compression module registered
<6>[    0.563368] PPP MPPE Compression module registered
<6>[    0.563404] NET: Registered protocol family 24
<6>[    0.569465] cnss_configure_ramdump: ramdump addr: d2c00000, phys: 0x87a00000 subsys:'AR6320'
<6>[    0.570132] cnss_sdio 87a00000.qcom,cnss-sdio: CNSS SDIO Driver registered
<6>[    0.573458] msm_otg 78d9000.usb: msm_otg probe
<7>[    0.573892] of_get_named_gpiod_flags: can't parse 'qcom,hub-reset-gpio' property of node '/soc/usb@78d9000[0]'
<7>[    0.573912] of_get_named_gpiod_flags: can't parse 'qcom,sw-sel-gpio' property of node '/soc/usb@78d9000[0]'
<7>[    0.573964] of_get_named_gpiod_flags: parsed 'qcom,usbid-gpio' property of node '/soc/usb@78d9000[0]' - status (0)
<7>[    0.574091] of_get_named_gpiod_flags: can't parse 'qcom,hsusb-otg-vddmin-gpio' property of node '/soc/usb@78d9000[0]'
<6>[    0.575795] msm_otg 78d9000.usb: OTG regs = d08ee000
<6>[    0.581812] ehci_hcd: USB 2.0 'Enhanced' Host Controller (EHCI) Driver
<6>[    0.582220] ehci-msm: Qualcomm On-Chip EHCI Host Controller
<6>[    0.582695] usbcore: registered new interface driver cdc_acm
<6>[    0.582727] cdc_acm: USB Abstract Control Model driver for USB modems and ISDN adapters
<6>[    0.582869] usbcore: registered new interface driver usb-storage
<6>[    0.582960] usbcore: registered new interface driver ums-alauda
<6>[    0.583045] usbcore: registered new interface driver ums-cypress
<6>[    0.583130] usbcore: registered new interface driver ums-datafab
<6>[    0.583219] usbcore: registered new interface driver ums-freecom
<6>[    0.583304] usbcore: registered new interface driver ums-isd200
<6>[    0.583394] usbcore: registered new interface driver ums-jumpshot
<6>[    0.583501] usbcore: registered new interface driver ums-karma
<6>[    0.583592] usbcore: registered new interface driver ums-onetouch
<6>[    0.583694] usbcore: registered new interface driver ums-sddr09
<6>[    0.583784] usbcore: registered new interface driver ums-sddr55
<6>[    0.583869] usbcore: registered new interface driver ums-usbat
<6>[    0.585728] gbridge_init: gbridge_init successs.
<6>[    0.587850] qcom,qpnp-rtc qpnp-rtc-5: rtc core: registered qpnp_rtc as rtc0
<6>[    0.588243] msm_otg 78d9000.usb: phy_reset: success
<6>[    0.588416] i2c /dev entries driver
<3>[    0.589549] unable to find DT imem DLOAD mode node
<3>[    0.589934] unable to find DT imem EDLOAD mode node
<3>[    0.590278] unable to find DT imem dload-type node
<6>[    0.613716] Bluetooth: HCI UART driver ver 2.2
<6>[    0.613758] Bluetooth: HCI H4 protocol initialized
<6>[    0.613782] Bluetooth: HCI_IBS protocol initialized
<7>[    0.614050] of_get_named_gpiod_flags: parsed 'qca,bt-reset-gpio' property of node '/bt_qca6174[0]' - status (0)
<6>[    0.614070] bt_dt_parse_vreg_info: qca,bt-vdd-core: is not provided in device tree
<4>[    0.614164] bt_power bt_qca6174: no qca,bt-vdd-pa-voltage-level property
<6>[    0.614196] bt_dt_parse_vreg_info: qca,bt-vdd-ldo: is not provided in device tree
<6>[    0.614230] bt_dt_parse_vreg_info: qca,bt-chip-pwd: is not provided in device tree
<6>[    0.615200] sdhci: Secure Digital Host Controller Interface driver
<6>[    0.615236] sdhci: Copyright(c) Pierre Ossman
<6>[    0.615269] sdhci-pltfm: SDHCI platform and OF driver helper
<4>[    0.615888] sdhci_msm 7824900.sdhci: sdhci_msm_probe: ICE device is not enabled
<7>[    0.615949] of_get_named_gpiod_flags: can't parse 'cd-gpios' property of node '/soc/sdhci@7824900[0]'
<7>[    0.615965] of_get_named_gpiod_flags: can't parse 'pwren-gpio' property of node '/soc/sdhci@7824900[0]'
<6>[    0.615977] [sdhci_msm_populate_pdata] en_gpio: -2
<6>[    0.616019] sdhci_msm 7824900.sdhci: No vreg data found for vdd
<3>[    0.616345] sdhci_msm 7824900.sdhci: sdhci_msm_pm_qos_parse_irq: error -22 reading irq cpu
<5>[    0.616388] sdhci_msm 7824900.sdhci: sdhci_msm_pm_qos_parse: PM QoS voting for IRQ will be disabled
<5>[    0.616430] sdhci_msm 7824900.sdhci: sdhci_msm_pm_qos_parse: PM QoS voting for cpu group will be disabled
<6>[    0.619346] sdhci_msm 7824900.sdhci: No vmmc regulator found
<6>[    0.619391] sdhci_msm 7824900.sdhci: No vqmmc regulator found
<6>[    0.619810] mmc0: SDHCI controller on 7824900.sdhci [7824900.sdhci] using 32-bit ADMA in legacy mode
<4>[    0.648881] sdhci_msm 7864900.sdhci: sdhci_msm_probe: ICE device is not enabled
<7>[    0.648940] of_get_named_gpiod_flags: can't parse 'cd-gpios' property of node '/soc/sdhci@07864900[0]'
<7>[    0.648956] of_get_named_gpiod_flags: can't parse 'pwren-gpio' property of node '/soc/sdhci@07864900[0]'
<6>[    0.648968] [sdhci_msm_populate_pdata] en_gpio: -2
<3>[    0.649336] sdhci_msm 7864900.sdhci: sdhci_msm_pm_qos_parse_irq: error -22 reading irq cpu
<5>[    0.649379] sdhci_msm 7864900.sdhci: sdhci_msm_pm_qos_parse: PM QoS voting for IRQ will be disabled
<5>[    0.649421] sdhci_msm 7864900.sdhci: sdhci_msm_pm_qos_parse: PM QoS voting for cpu group will be disabled
<6>[    0.656679] sdhci_msm 7864900.sdhci: No vmmc regulator found
<6>[    0.656723] sdhci_msm 7864900.sdhci: No vqmmc regulator found
<6>[    0.657246] mmc1: SDHCI controller on 7864900.sdhci [7864900.sdhci] using 32-bit ADMA in legacy mode
<6>[    0.687427] usbcore: registered new interface driver usbhid
<6>[    0.687464] usbhid: USB HID core driver
<6>[    0.689808] logger: created 1024K log 'autolink_log/tsp'
<6>[    0.692066] logger: created 1024K log 'autolink_log/mpu'
<4>[    0.694337] www===usb-dbg --ulpi_init,line=755,entry
<4>[    0.694378] www===usb-dbg --ulpi_init,line=767,use pdata->phy_init_seq
<4>[    0.694440] www===usb-dbg --ulpi_init,line=772,default usb phy para: 0x80 = 0x33,0x81 = 0x33,0x82 = 0x7,0x83 = 0x13
<4>[    0.694477] www===usb-dbg --ulpi_init,line=779,no phy init data,will return
<6>[    0.697300] logger: created 1024K log 'autolink_log/mcu'
<6>[    0.701963] logger: created 1024K log 'autolink_log/system'
<6>[    0.704460] sps:BAM 0x078c4000 is registered.
<3>[    0.704559] IPA HW is not supported on this target
<6>[    0.705586] bimc-bwmon 408000.qcom,cpu-bwmon: BW HWmon governor registered.
<3>[    0.707385] devfreq soc:qcom,cpubw: Couldn't update frequency transition information.
<6>[    0.708931] coresight-fuse a601c.fuse: QPDI fuse not specified
<6>[    0.709339] coresight-fuse a601c.fuse: Fuse initialized
<6>[    0.714909] coresight-csr 6001000.csr: CSR initialized
<6>[    0.715660] coresight-tmc 6026000.tmc: Byte Counter feature enabled
<6>[    0.716452] sps:BAM 0x06084000 is registered.
<6>[    0.716952] coresight-tmc 6026000.tmc: TMC initialized
<6>[    0.717497] coresight-tmc 6025000.tmc: TMC initialized
<6>[    0.719715] nidnt boot config: 0
<6>[    0.720971] coresight-tpiu 6020000.tpiu: NIDnT on SDCARD only mode
<6>[    0.721203] coresight-tpiu 6020000.tpiu: TPIU initialized
<6>[    0.722810] coresight-replicator 6024000.replicator: REPLICATOR initialized
<6>[    0.723628] coresight-stm 6002000.stm: STM initialized
<6>[    0.724379] coresight-hwevent 606c000.hwevent: Hardware Event driver initialized
<3>[    0.726076] i2c-msm-v2 78b8000.i2c: msm_bus_scale_register_client(mstr-id:86):0x7 (ok)
<3>[    0.726300] i2c-msm-v2 78b8000.i2c: NACK: slave not responding, ensure its powered: msgs(n:2 cur:0 tx) bc(rx:2 tx:2) mode:FIFO slv_addr:0xa MSTR_STS:0x0d1300c8 OPER:0x00000010
<4>[    0.726511] sgtl5000: probe of 4-000a failed with error -107
<7>[    0.727158] of_get_named_gpiod_flags: parsed 'gpio-reset' property of node '/soc/i2c@78b8000/tlv320aic3x@18[0]' - status (0)
<4>[    0.727226] 4-0018 supply IOVDD not found, using dummy regulator
<4>[    0.727336] 4-0018 supply DVDD not found, using dummy regulator
<4>[    0.727411] 4-0018 supply AVDD not found, using dummy regulator
<4>[    0.727481] 4-0018 supply DRVDD not found, using dummy regulator
<3>[    0.736810] mdm9607-pinctrl 1000000.pinctrl: invalid group "gpio20" for function "sec_mi2s"
<3>[    0.736882] mdm9607-pinctrl 1000000.pinctrl: invalid group "gpio23" for function "sec_mi2s"
<3>[    0.736934] mdm9607-pinctrl 1000000.pinctrl: invalid group "gpio21" for function "sec_mi2s"
<3>[    0.736984] mdm9607-pinctrl 1000000.pinctrl: invalid group "gpio22" for function "sec_mi2s"
<3>[    0.737034] mdm9607-pinctrl 1000000.pinctrl: invalid group "gpio20" for function "sec_mi2s"
<3>[    0.737084] mdm9607-pinctrl 1000000.pinctrl: invalid group "gpio23" for function "sec_mi2s"
<3>[    0.737133] mdm9607-pinctrl 1000000.pinctrl: invalid group "gpio21" for function "sec_mi2s"
<3>[    0.737182] mdm9607-pinctrl 1000000.pinctrl: invalid group "gpio22" for function "sec_mi2s"
<6>[    0.740532] msm-compr-dsp soc:qcom,msm-compr-dsp: msm_compr_probe: dev name soc:qcom,msm-compr-dsp
<6>[    0.743293] msm_pcm_probe: dev name soc:qcom,msm-voice-host-pcm
<3>[    0.752303] mdm9607-asoc-snd soc:sound: Defering mdm_asoc_machine_probe, q6_state 0
<6>[    0.752810] Netfilter messages via NETLINK v0.30.
<6>[    0.752928] nf_conntrack version 0.5.0 (2437 buckets, 9748 max)
<6>[    0.753766] ctnetlink v0.93: registering with nfnetlink.
<6>[    0.755053] ip_set: protocol 6
<6>[    0.755632] ip_tables: (C) 2000-2006 Netfilter Core Team
<6>[    0.755891] arp_tables: (C) 2002 David S. Miller
<6>[    0.755997] TCP: cubic registered
<6>[    0.756935] NET: Registered protocol family 10
<6>[    0.758286] ip6_tables: (C) 2000-2006 Netfilter Core Team
<6>[    0.758618] sit: IPv6 over IPv4 tunneling driver
<6>[    0.759525] NET: Registered protocol family 17
<6>[    0.759657] bridge: automatic filtering via arp/ip/ip6tables has been deprecated. Update your scripts to load br_netfilter if you need this.
<5>[    0.759738] Bridge firewalling registered
<6>[    0.759771] Ebtables v2.0 registered
<6>[    0.759994] lib80211: common routines for IEEE802.11 drivers
<7>[    0.760027] lib80211_crypt: registered algorithm 'NULL'
<7>[    0.760049] lib80211_crypt: registered algorithm 'WEP'
<7>[    0.760071] lib80211_crypt: registered algorithm 'CCMP'
<7>[    0.760091] lib80211_crypt: registered algorithm 'TKIP'
<6>[    0.761159] NET: Registered protocol family 27
<7>[    0.765075] gpiochip_find_base: found new base at 852
<7>[    0.765245] gpiochip_add: registered GPIOs 852 to 883 on device: slave-kernel
<7>[    0.765593] gpiochip_find_base: found new base at 820
<7>[    0.765788] gpiochip_add: registered GPIOs 820 to 851 on device: master-kernel
<7>[    0.766408] of_get_named_gpiod_flags: parsed 'qcom,gpio-proxy-unvote' property of node '/soc/qcom,mss@4080000[0]' - status (0)
<7>[    0.767359] of_get_named_gpiod_flags: parsed 'qcom,gpio-err-fatal' property of node '/soc/qcom,mss@4080000[0]' - status (0)
<7>[    0.767385] of_get_named_gpiod_flags: parsed 'qcom,gpio-err-ready' property of node '/soc/qcom,mss@4080000[0]' - status (0)
<7>[    0.767407] of_get_named_gpiod_flags: parsed 'qcom,gpio-stop-ack' property of node '/soc/qcom,mss@4080000[0]' - status (0)
<7>[    0.767428] of_get_named_gpiod_flags: parsed 'qcom,gpio-force-stop' property of node '/soc/qcom,mss@4080000[0]' - status (0)
<7>[    0.767451] of_get_named_gpiod_flags: parsed 'qcom,gpio-shutdown-ack' property of node '/soc/qcom,mss@4080000[0]' - status (0)
<7>[    0.768059] of_get_named_gpiod_flags: can't parse 'qcom,chg-valid-gpio' property of node '/soc/i2c@78b8000/smb358-charger@57[0]'
<3>[    0.769550] i2c-msm-v2 78b8000.i2c: NACK: slave not responding, ensure its powered: msgs(n:2 cur:0 tx) bc(rx:1 tx:1) mode:FIFO slv_addr:0x57 MSTR_STS:0x0d1300c8 OPER:0x00000010
<3>[    0.769676] smb358-charger 4-0057: i2c read fail: can't read from 01: -107
<3>[    0.769708] SMB358 smb358_charger_probe: Failed to detect SMB358, device absent, rc = -107
<4>[    0.769763] smb358-charger: probe of 4-0057 failed with error -107
<3>[    0.781250] mdm9607-asoc-snd soc:sound: Defering mdm_asoc_machine_probe, q6_state 0
<7>[    0.784403] of_get_named_gpiod_flags: parsed 'gpios' property of node '/soc/qcom,smp2pgpio_test_smp2p_15_in[0]' - status (0)
<7>[    0.784528] of_get_named_gpiod_flags: parsed 'gpios' property of node '/soc/qcom,smp2pgpio_test_smp2p_15_out[0]' - status (0)
<7>[    0.784613] of_get_named_gpiod_flags: parsed 'gpios' property of node '/soc/qcom,smp2pgpio_test_smp2p_1_in[0]' - status (0)
<7>[    0.784695] of_get_named_gpiod_flags: parsed 'gpios' property of node '/soc/qcom,smp2pgpio_test_smp2p_1_out[0]' - status (0)
<3>[    0.925312] mdm9607-asoc-snd soc:sound: Defering mdm_asoc_machine_probe, q6_state 0
<5>[    0.925696] ubi0: attaching mtd13
<5>[    1.404694] ubi0: scanning is finished
<5>[    1.413114] ubi0: attached mtd13 (name "system", size 100 MiB)
<5>[    1.413156] ubi0: PEB size: 131072 bytes (128 KiB), LEB size: 126976 bytes
<5>[    1.413185] ubi0: min./max. I/O unit sizes: 2048/2048, sub-page size 2048
<5>[    1.413213] ubi0: VID header offset: 2048 (aligned 2048), data offset: 4096
<5>[    1.413242] ubi0: good PEBs: 800, bad PEBs: 0, corrupted PEBs: 0
<5>[    1.413269] ubi0: user volume: 1, internal volumes: 1, max. volumes count: 128
<5>[    1.413302] ubi0: max/mean erase counter: 8/4, WL threshold: 4096, image sequence number: 35657280
<5>[    1.413337] ubi0: available PEBs: 0, total reserved PEBs: 800, PEBs reserved for bad PEB handling: 80
<6>[    1.413415] RNDIS_IPA module is loaded.
<6>[    1.414534] file system registered
<6>[    1.414690] mbim_init: initialize 1 instances
<6>[    1.414874] mbim_init: Initialized 1 ports
<5>[    1.415248] ubi0: background thread "ubi_bgt0d" started, PID 122
<6>[    1.417985] rndis_qc_init: initialize rndis QC instance
<6>[    1.418572] Number of LUNs=8
<6>[    1.418662] Mass Storage Function, version: 2009/09/11
<6>[    1.418697] LUN: removable file: (no medium)
<6>[    1.418820] Number of LUNs=1
<6>[    1.418952] LUN: removable file: (no medium)
<6>[    1.418979] Number of LUNs=1
<6>[    1.419462] android_usb gadget: android_usb ready
<6>[    1.419499] msm_hsusb msm_hsusb: [ci13xxx_start] hw_ep_max = 32
<6>[    1.419570] msm_hsusb msm_hsusb: CI13XXX_CONTROLLER_RESET_EVENT received
<6>[    1.419606] msm_hsusb msm_hsusb: CI13XXX_CONTROLLER_UDC_STARTED_EVENT received
<3>[    1.420122] mdm9607-asoc-snd soc:sound: Defering mdm_asoc_machine_probe, q6_state 0
<6>[    1.420722] qcom,qpnp-rtc qpnp-rtc-5: setting system clock to 1970-01-01 00:11:48 UTC (708)
<3>[    1.422008] mdm9607-asoc-snd soc:sound: Defering mdm_asoc_machine_probe, q6_state 0
<6>[    1.424105] parse_legacy_cluster_params(): Ignoring cluster params
<6>[    1.424180] /soc/qcom,lpm-levels/qcom,pm-cluster@0: No CPU phandle, assuming single cluster
<3>[    1.425454] mdm9607-asoc-snd soc:sound: Defering mdm_asoc_machine_probe, q6_state 0
<6>[    1.427770] qcom,cc-debug-mdm9607 1800000.qcom,debug: Registered Debug Mux successfully
<3>[    1.428256] mdm9607-asoc-snd soc:sound: Defering mdm_asoc_machine_probe, q6_state 0
<6>[    1.428785] emac_lan_vreg: disabling
<6>[    1.428843] mem_acc_corner: disabling
<6>[    1.428875] clock_late_init: Removing enables held for handed-off clocks
<6>[    1.430531] ALSA device list:
<6>[    1.430563]   No soundcards found.
<5>[    1.464739] UBIFS (ubi0:0): recovery needed
<5>[    1.525157] UBIFS (ubi0:0): recovery deferred
<5>[    1.525309] UBIFS (ubi0:0): UBIFS: mounted UBI device 0, volume 0, name "rootfs", R/O mode
<5>[    1.525350] UBIFS (ubi0:0): LEB size: 126976 bytes (124 KiB), min./max. I/O unit sizes: 2048 bytes/2048 bytes
