[1980-01-06 08:00:17]<6>[    0.000000] Booting Linux on physical CPU 0x0
<6>[    0.000000] Initializing cgroup subsys cpu
<6>[    0.000000] Initializing cgroup subsys cpuacct
<5>[    0.000000] Linux version 3.18.20 (dfsk516L-19@server) (gcc version 4.9.2 (GCC) ) #1 PREEMPT Thu Oct 31 14:35:40 CST 2019
<6>[    0.000000] CPU: ARMv7 Processor [410fc075] revision 5 (ARMv7), cr=10c53c7d
<6>[    0.000000] CPU: PIPT / VIPT nonaliasing data cache, VIPT aliasing instruction cache
<6>[    0.000000] Machine model: Qualcomm Technologies, Inc. MDM 9607 MTP
<6>[    0.000000] Early serial console at I/O port 0x0 (options '')
<6>[    0.000000] bootconsole [uart0] enabled
<6>[    0.000000] Reserved memory: reserved region for node 'modem_adsp_region@0': base 0x82a00000, size 80 MiB
<6>[    0.000000] Reserved memory: reserved region for node 'cnss_debug_region@0': base 0x87a00000, size 2 MiB
<6>[    0.000000] Reserved memory: reserved region for node 'external_image_region@0': base 0x87c00000, size 4 MiB
<6>[    0.000000] Removed memory: created DMA memory pool at 0x82a00000, size 80 MiB
<6>[    0.000000] Reserved memory: initialized node modem_adsp_region@0, compatible id removed-dma-pool
<6>[    0.000000] Removed memory: created DMA memory pool at 0x87a00000, size 2 MiB
<6>[    0.000000] Reserved memory: initialized node cnss_debug_region@0, compatible id removed-dma-pool
<6>[    0.000000] Removed memory: created DMA memory pool at 0x87c00000, size 4 MiB
<6>[    0.000000] Reserved memory: initialized node external_image_region@0, compatible id removed-dma-pool
<6>[    0.000000] Reserved memory: allocated memory for 'audio_region@0' node: base 0x8fc00000, size 4 MiB
<6>[    0.000000] Reserved memory: created CMA memory pool at 0x8fc00000, size 4 MiB
<6>[    0.000000] Reserved memory: initialized node audio_region@0, compatible id shared-dma-pool
<6>[    0.000000] cma: Reserved 4 MiB at 0x8f800000
<6>[    0.000000] Memory policy: Data cache writeback
<7>[    0.000000] On node 0 totalpages: 64000
<7>[    0.000000] free_area_init_node: node 0, pgdat c0d0c84c, node_mem_map cf58e000
<7>[    0.000000]   Normal zone: 576 pages used for memmap
<7>[    0.000000]   Normal zone: 0 pages reserved
<7>[    0.000000]   Normal zone: 64000 pages, LIFO batch:15
<6>[    0.000000] CPU: All CPU(s) started in SVC mode.
<7>[    0.000000] pcpu-alloc: s0 r0 d32768 u32768 alloc=1*32768
<7>[    0.000000] pcpu-alloc: [0] 0 
<4>[    0.000000] Built 1 zonelists in Zone order, mobility grouping on.  Total pages: 63424
<5>[    0.000000] Kernel command line: noinitrd ro androidboot.hardware=qcom ehci-hcd.park=3 msm_rtb.filter=0x37 lpm_levels.sleep_disabled=1  earlycon=msm_hsl_uart,0x78b3000  androidboot.serialno=5b47b7c1 androidboot.authorized_kernel=true androidboot.baseband=msm rootfstype=ubifs rootflags=bulk_read root=ubi0:rootfs ubi.mtd=13
<6>[    0.000000] PID hash table entries: 1024 (order: 0, 4096 bytes)
<6>[    0.000000] Dentry cache hash table entries: 32768 (order: 5, 131072 bytes)
<6>[    0.000000] Inode-cache hash table entries: 16384 (order: 4, 65536 bytes)
<4>[    0.000000] Memory: 147776K/256000K available (8577K kernel code, 842K rwdata, 3856K rodata, 340K init, 1406K bss, 108224K reserved)
<5>[    0.000000] Virtual kernel memory layout:
<5>[    0.000000]     vector  : 0xffff0000 - 0xffff1000   (   4 kB)
<5>[    0.000000]     fixmap  : 0xffc00000 - 0xfff00000   (3072 kB)
<5>[    0.000000]     vmalloc : 0xd0800000 - 0xff000000   ( 744 MB)
<5>[    0.000000]     lowmem  : 0xc0000000 - 0xd0000000   ( 256 MB)
<5>[    0.000000]     modules : 0xbf000000 - 0xc0000000   (  16 MB)
<5>[    0.000000]       .text : 0xc0008000 - 0xc0c2c91c   (12435 kB)
<5>[    0.000000]       .init : 0xc0c2d000 - 0xc0c82000   ( 340 kB)
<5>[    0.000000]       .data : 0xc0c82000 - 0xc0d54ba0   ( 843 kB)
<5>[    0.000000]        .bss : 0xc0d54c64 - 0xc0eb45c0   (1407 kB)
<6>[    0.000000] SLUB: HWalign=64, Order=0-3, MinObjects=0, CPUs=1, Nodes=1
<6>[    0.000000] Preemptible hierarchical RCU implementation.
<6>[    0.000000] NR_IRQS:16 nr_irqs:16 16
<2>[    0.000000] GIC CPU mask not found - kernel will fail to boot.
<2>[    0.000000] GIC CPU mask not found - kernel will fail to boot.
<4>[    0.000000] mpm_init_irq_domain(): Cannot find irq controller for qcom,gpio-parent
<3>[    0.000000] MPM 1 irq mapping errored -517
<6>[    0.000000] Architected mmio timer(s) running at 19.20MHz (virt).
<6>[    0.000010] sched_clock: 56 bits at 19MHz, resolution 52ns, wraps every 3579139424256ns
<6>[    0.007975] Switching to timer-based delay loop, resolution 52ns
<6>[    0.013968] Switched to clocksource arch_mem_counter
<6>[    0.019724] Console: colour dummy device 80x30
<6>[    0.023338] console [tty0] enabled
<6>[    0.026762] bootconsole [uart0] disabled
<6>[    0.030636] Calibrating delay loop (skipped), value calculated using timer frequency.. 38.40 BogoMIPS (lpj=192000)
<6>[    0.030674] pid_max: default: 32768 minimum: 301
<6>[    0.030892] Mount-cache hash table entries: 1024 (order: 0, 4096 bytes)
<6>[    0.030931] Mountpoint-cache hash table entries: 1024 (order: 0, 4096 bytes)
<6>[    0.031796] Initializing cgroup subsys freezer
<6>[    0.031862] CPU: Testing write buffer coherency: ok
<6>[    0.032405] Setting up static identity map for 0x8082d370 - 0x8082d3c8
<4>[    0.033672] 
<4>[    0.033672] **********************************************************
<4>[    0.033714] **   NOTICE NOTICE NOTICE NOTICE NOTICE NOTICE NOTICE   **
<4>[    0.033735] **                                                      **
<4>[    0.033757] ** trace_printk() being used. Allocating extra memory.  **
<4>[    0.033778] **                                                      **
<4>[    0.033799] ** This means that this is a DEBUG kernel and it is     **
<4>[    0.033821] ** unsafe for produciton use.                           **
<4>[    0.033842] **                                                      **
<4>[    0.033863] ** If you see this message and you are not debugging    **
<4>[    0.033884] ** the kernel, report this immediately to your vendor!  **
<4>[    0.033905] **                                                      **
<4>[    0.033926] **   NOTICE NOTICE NOTICE NOTICE NOTICE NOTICE NOTICE   **
<4>[    0.033947] **********************************************************
<6>[    0.061009] MSM Memory Dump base table set up
<6>[    0.061107] MSM Memory Dump apps data table set up
<6>[    0.071782] VFP support v0.3: implementor 41 architecture 2 part 30 variant 7 rev 5
<6>[    0.079273] pinctrl core: initialized pinctrl subsystem
<6>[    0.079837] regulator-dummy: no parameters
<6>[    0.111636] NET: Registered protocol family 16
<6>[    0.123496] DMA: preallocated 256 KiB pool for atomic coherent allocations
<6>[    0.184033] cpuidle: using governor ladder
<6>[    0.214022] cpuidle: using governor menu
<6>[    0.244024] cpuidle: using governor qcom
<6>[    0.253432] msm_watchdog b017000.qcom,wdt: wdog absent resource not present
<6>[    0.253862] msm_watchdog b017000.qcom,wdt: MSM Watchdog Initialized
<3>[    0.263413] spmi_pmic_arb 200f000.qcom,spmi: PMIC Arb Version-2 0x20010000
<6>[    0.266481] platform 4080000.qcom,mss: assigned reserved memory node modem_adsp_region@0
<4>[    0.267286] irq: no irq domain found for /soc/pinctrl@1000000 !
<6>[    0.267858] mem_acc_corner: 0 <--> 0 mV 
<6>[    0.268964] hw-breakpoint: found 5 (+1 reserved) breakpoint and 4 watchpoint registers.
<6>[    0.269006] hw-breakpoint: maximum watchpoint size is 8 bytes.
<7>[    0.269985] gpiochip_add: registered GPIOs 0 to 79 on device: 1000000.pinctrl
<7>[    0.270011] GPIO chip 1000000.pinctrl: created GPIO range 0->79 ==> 1000000.pinctrl PIN 0->79
<4>[    0.270644] __of_mpm_init(): MPM driver mapping exists
<4>[    0.271270] msm_rpm_glink_dt_parse: qcom,rpm-glink compatible not matches
<6>[    0.271317] msm_rpm_dev_probe: APSS-RPM communication over SMD
<3>[    0.272009] msm_mpm_dev_probe(): Cannot get clk resource for XO: -517
<3>[    0.274725] smd_channel_probe_now: allocation table not initialized
<6>[    0.277164] mdm9607_s1: 1050 <--> 1350 mV at 1225 mV normal idle 
<6>[    0.277419] spm_regulator_probe: name=mdm9607_s1, range=LV, voltage=1225000 uV, mode=AUTO, step rate=4800 uV/us
<6>[    0.278004] cpr_efuse_init: apc_corner: efuse_addr = 0x000a4000 (len=0x1000)
<6>[    0.278077] cpr_read_fuse_revision: apc_corner: fuse revision = 2
<6>[    0.278113] cpr_parse_speed_bin_fuse: apc_corner: [row: 37]: 0x41d15d325b47b7c1, speed_bits = 4
<6>[    0.278220] cpr_pvs_init: apc_corner: pvs voltage: [1050000 1100000 1250000] uV
<6>[    0.278257] cpr_pvs_init: apc_corner: ceiling voltage: [1050000 1225000 1350000] uV
<6>[    0.278291] cpr_pvs_init: apc_corner: floor voltage: [1050000 1050000 1150000] uV
<6>[    0.279023] i2c-msm-v2 78b8000.i2c: probing driver i2c-msm-v2
<3>[    0.279125] i2c-msm-v2 78b8000.i2c: error on clk_get(core_clk):-517
<3>[    0.279160] i2c-msm-v2 78b8000.i2c: error probe() failed with err:-517
<6>[    0.282220] msm-thermal soc:qcom,msm-thermal: msm_thermal:Failed reading node=/soc/qcom,msm-thermal, key=qcom,core-limit-temp. err=-22. KTM continues
<6>[    0.282295] msm-thermal soc:qcom,msm-thermal: probe_therm_reset:Failed reading node=/soc/qcom,msm-thermal, key=qcom,therm-reset-temp err=-22. KTM continues
<3>[    0.282344] msm_thermal:get_kernel_cluster_info CPU0 topology not initialized.
<6>[    0.282424] msm_thermal:vdd_restriction_reg_init Defer regulator vdd-dig probe
<3>[    0.282457] msm_thermal:probe_vdd_rstr Err regulator init. err:-517. KTM continues.
<6>[    0.282494] msm-thermal soc:qcom,msm-thermal: probe_vdd_rstr:Failed reading node=/soc/qcom,msm-thermal, key=qcom,max-freq-level. err=-517. KTM continues
<3>[    0.282540] msm_thermal:msm_thermal_dev_probe Failed reading node=/soc/qcom,msm-thermal, key=qcom,online-hotplug-core. err:-517
<6>[    0.284403] sps:sps is ready.
<4>[    0.286722] msm_rpm_glink_dt_parse: qcom,rpm-glink compatible not matches
<6>[    0.286768] msm_rpm_dev_probe: APSS-RPM communication over SMD
<6>[    0.287835] mdm9607_s2: 750 <--> 1275 mV at 750 mV normal idle 
<6>[    0.288792] mdm9607_s3_level: 0 <--> 0 mV at 0 mV normal idle 
<6>[    0.289420] mdm9607_s3_level_ao: 0 <--> 0 mV at 0 mV normal idle 
<6>[    0.290069] mdm9607_s3_floor_level: 0 <--> 0 mV at 0 mV normal idle 
<6>[    0.290680] mdm9607_s3_level_so: 0 <--> 0 mV at 0 mV normal idle 
<6>[    0.291510] mdm9607_s4: 1800 <--> 1950 mV at 1800 mV normal idle 
<6>[    0.292362] mdm9607_l1: 1250 mV normal idle 
<6>[    0.293226] mdm9607_l2: 1800 mV normal idle 
<6>[    0.294340] mdm9607_l3: 1800 mV normal idle 
<6>[    0.295269] mdm9607_l4: 3075 mV normal idle 
<6>[    0.296151] mdm9607_l5: 1700 <--> 3050 mV at 1700 mV normal idle 
<6>[    0.297018] mdm9607_l6: 1700 <--> 3050 mV at 1700 mV normal idle 
<6>[    0.297828] mdm9607_l7: 1700 <--> 1900 mV at 1700 mV normal idle 
<6>[    0.298632] mdm9607_l8: 1800 mV normal idle 
<6>[    0.299444] mdm9607_l9: 1200 <--> 1250 mV at 1200 mV normal idle 
<6>[    0.300279] mdm9607_l10: 1050 mV normal idle 
<6>[    0.301110] mdm9607_l11: 1800 mV normal idle 
<6>[    0.301921] mdm9607_l12_level: 0 <--> 0 mV at 0 mV normal idle 
<6>[    0.302563] mdm9607_l12_level_ao: 0 <--> 0 mV at 0 mV normal idle 
<6>[    0.303142] mdm9607_l12_level_so: 0 <--> 0 mV at 0 mV normal idle 
<6>[    0.303776] mdm9607_l12_floor_lebel: 0 <--> 0 mV at 0 mV normal idle 
<6>[    0.304838] mdm9607_l13: 1800 <--> 2850 mV at 2850 mV normal idle 
<6>[    0.305685] mdm9607_l14: 2650 <--> 3000 mV at 2650 mV normal idle 
<3>[    0.305988] msm_mpm_dev_probe(): Cannot get clk resource for XO: -517
<6>[    0.306316] cpr_efuse_init: apc_corner: efuse_addr = 0x000a4000 (len=0x1000)
<6>[    0.306389] cpr_read_fuse_revision: apc_corner: fuse revision = 2
<6>[    0.306423] cpr_parse_speed_bin_fuse: apc_corner: [row: 37]: 0x41d15d325b47b7c1, speed_bits = 4
<6>[    0.306532] cpr_pvs_init: apc_corner: pvs voltage: [1050000 1100000 1250000] uV
<6>[    0.306568] cpr_pvs_init: apc_corner: ceiling voltage: [1050000 1225000 1350000] uV
<6>[    0.306602] cpr_pvs_init: apc_corner: floor voltage: [1050000 1050000 1150000] uV
<6>[    0.306863] cpr_init_cpr_parameters: apc_corner: up threshold = 0, down threshold = 2
<6>[    0.306921] cpr_init_cpr_parameters: apc_corner: CPR is disabled by default.
<6>[    0.306971] cpr_init_cpr_efuse: apc_corner: [row:65] = 0x15400291291389
<6>[    0.307010] cpr_init_cpr_efuse: apc_corner: CPR disable fuse = 0
<6>[    0.307039] cpr_init_cpr_efuse: apc_corner: Corner[1]: ro_sel = 0, target quot = 657
<6>[    0.307073] cpr_init_cpr_efuse: apc_corner: Corner[2]: ro_sel = 0, target quot = 657
<6>[    0.307106] cpr_init_cpr_efuse: apc_corner: Corner[3]: ro_sel = 0, target quot = 905
<6>[    0.307307] cpr_config: apc_corner: Timer count: 0x17700 (for 5000 us)
<6>[    0.307891] apc_corner: 0 <--> 0 mV 
<6>[    0.308479] i2c-msm-v2 78b8000.i2c: probing driver i2c-msm-v2
<3>[    0.308582] i2c-msm-v2 78b8000.i2c: error on clk_get(core_clk):-517
<3>[    0.308619] i2c-msm-v2 78b8000.i2c: error probe() failed with err:-517
<6>[    0.309165] msm-thermal soc:qcom,msm-thermal: msm_thermal:Failed reading node=/soc/qcom,msm-thermal, key=qcom,core-limit-temp. err=-22. KTM continues
<6>[    0.309233] msm-thermal soc:qcom,msm-thermal: probe_therm_reset:Failed reading node=/soc/qcom,msm-thermal, key=qcom,therm-reset-temp err=-22. KTM continues
<3>[    0.309281] msm_thermal:get_kernel_cluster_info CPU0 topology not initialized.
<3>[    0.309760] cpu cpu0: dev_pm_opp_get_opp_count: device OPP not found (-19)
<3>[    0.309798] msm_thermal:get_cpu_freq_plan_len Error reading CPU0 freq table len. error:-19
<6>[    0.309830] msm_thermal:vdd_restriction_reg_init Defer vdd rstr freq init.
<3>[    0.310212] cpu cpu0: dev_pm_opp_get_opp_count: device OPP not found (-19)
<3>[    0.310247] msm_thermal:get_cpu_freq_plan_len Error reading CPU0 freq table len. error:-19
<3>[    0.310282] cpu cpu0: dev_pm_opp_get_opp_count: device OPP not found (-19)
<3>[    0.310308] msm_thermal:get_cpu_freq_plan_len Error reading CPU0 freq table len. error:-19
<6>[    0.320591] qcom,gcc-mdm9607 1800000.qcom,gcc: Registered GCC clocks
<6>[    0.321068] clock-a7 b010008.qcom,clock-a7: Speed bin: 4 PVS Version: 0
<6>[    0.321180] a7ssmux: set OPP pair(806400000 Hz: 2 uV) on cpu0
<6>[    0.321233] a7ssmux: set OPP pair(1305600000 Hz: 7 uV) on cpu0
<6>[    0.322877] i2c-msm-v2 78b8000.i2c: probing driver i2c-msm-v2
<3>[    0.322995] AXI: msm_bus_scale_register_client(): msm_bus_scale_register_client: Bus driver not ready.
<6>[    0.323037] i2c-msm-v2 78b8000.i2c: msm_bus_scale_register_client(mstr-id:86):0 (not a problem)
<7>[    0.385955] gpiochip_find_base: found new base at 1018
<7>[    0.386127] gpiochip_add: registered GPIOs 1018 to 1023 on device: pm8019-gpio
<7>[    0.386423] qcom,qpnp-pin qpnp-pin-6: qpnp_pin_probe: gpio_chip registered between 1018-1023
<7>[    0.386601] gpiochip_find_base: found new base at 1012
<7>[    0.386744] gpiochip_add: registered GPIOs 1012 to 1017 on device: pm8019-mpp
<7>[    0.387177] qcom,qpnp-pin qpnp-pin-7: qpnp_pin_probe: gpio_chip registered between 1012-1017
<6>[    0.387485] KPI: Bootloader start count = 20737
<6>[    0.387521] KPI: Bootloader end count = 60791
<6>[    0.387544] KPI: Bootloader display count = 8301263
<6>[    0.387567] KPI: Bootloader load kernel count = 29220
<6>[    0.387590] KPI: Kernel MPM timestamp = 101241
<6>[    0.387612] KPI: Kernel MPM Clock frequency = 32768
<6>[    0.387659] socinfo_print: v0.10, id=290, ver=1.0, raw_id=74, raw_ver=0, hw_plat=8, hw_plat_ver=65536
<6>[    0.387659]  accessory_chip=0, hw_plat_subtype=0, pmic_model=65539, pmic_die_revision=131074 foundry_id=0 serial_number=1531426753
<7>[    0.388159] of_get_named_gpiod_flags: parsed 'gpio' property of node '/soc/sdcard_ext_vreg[0]' - status (0)
<6>[    0.388397] sdcard_ext_vreg: no parameters
<7>[    0.388657] of_get_named_gpiod_flags: parsed 'gpio' property of node '/soc/rome_vreg[0]' - status (0)
<6>[    0.388859] rome_vreg: no parameters
<7>[    0.389080] of_get_named_gpiod_flags: parsed 'gpio' property of node '/soc/emac_lan_vreg[0]' - status (0)
<6>[    0.389289] emac_lan_vreg: no parameters
<5>[    0.390606] SCSI subsystem initialized
<6>[    0.390858] usbcore: registered new interface driver usbfs
<6>[    0.390991] usbcore: registered new interface driver hub
<6>[    0.391240] usbcore: registered new device driver usb
<6>[    0.392652] cpufreq: driver msm up and running
<6>[    0.393380] platform soc:qcom,ion:qcom,ion-heap@28: assigned reserved memory node audio_region@0
<6>[    0.393891] ION heap system created
<6>[    0.394249] ION heap audio created at 0x8fc00000 with size 400000
<3>[    0.394753] msm_bus_fabric_init_driver
<6>[    0.406487] qcom,qpnp-power-on qpnp-power-on-1: PMIC@SID0 Power-on reason: Triggered from Hard Reset and 'cold' boot
<6>[    0.406560] qcom,qpnp-power-on qpnp-power-on-1: PMIC@SID0: Power-off reason: Triggered from PS_HOLD (PS_HOLD/MSM controlled shutdown)
<6>[    0.406980] input: qpnp_pon as /devices/virtual/input/input0
<6>[    0.408021] PMIC@SID0: PM8019 v2.2 options: 3, 2, 2, 2
<6>[    0.409694] Advanced Linux Sound Architecture Driver Initialized.
<6>[    0.410701] Bluetooth: Core ver 2.19
<6>[    0.410793] NET: Registered protocol family 31
<6>[    0.410821] Bluetooth: HCI device and connection manager initialized
<6>[    0.410860] Bluetooth: HCI socket layer initialized
<6>[    0.410893] Bluetooth: L2CAP socket layer initialized
<6>[    0.410948] Bluetooth: SCO socket layer initialized
<6>[    0.411375] cfg80211: Calling CRDA to update world regulatory domain
<6>[    0.411439] cfg80211: World regulatory domain updated:
<6>[    0.411465] cfg80211:  DFS Master region: unset
<6>[    0.411485] cfg80211:   (start_freq - end_freq @ bandwidth), (max_antenna_gain, max_eirp), (dfs_cac_time)
<6>[    0.411529] cfg80211:   (2402000 KHz - 2472000 KHz @ 40000 KHz), (N/A, 2000 mBm), (N/A)
<6>[    0.411565] cfg80211:   (2457000 KHz - 2482000 KHz @ 40000 KHz), (N/A, 2000 mBm), (N/A)
<6>[    0.411599] cfg80211:   (2474000 KHz - 2494000 KHz @ 20000 KHz), (N/A, 2000 mBm), (N/A)
<6>[    0.411634] cfg80211:   (5170000 KHz - 5250000 KHz @ 80000 KHz), (N/A, 2000 mBm), (N/A)
<6>[    0.411669] cfg80211:   (5250000 KHz - 5330000 KHz @ 80000 KHz), (N/A, 2000 mBm), (N/A)
<6>[    0.411704] cfg80211:   (5490000 KHz - 5710000 KHz @ 80000 KHz), (N/A, 2000 mBm), (N/A)
<6>[    0.411738] cfg80211:   (5735000 KHz - 5835000 KHz @ 80000 KHz), (N/A, 2000 mBm), (N/A)
<6>[    0.411774] cfg80211:   (57240000 KHz - 63720000 KHz @ 2160000 KHz), (N/A, 0 mBm), (N/A)
<6>[    0.413154] Switched to clocksource arch_mem_counter
<6>[    0.455777] NET: Registered protocol family 2
<6>[    0.456754] TCP established hash table entries: 2048 (order: 1, 8192 bytes)
<6>[    0.456835] TCP bind hash table entries: 2048 (order: 1, 8192 bytes)
<6>[    0.456884] TCP: Hash tables configured (established 2048 bind 2048)
<6>[    0.457035] TCP: reno registered
<6>[    0.457074] UDP hash table entries: 256 (order: 0, 4096 bytes)
<6>[    0.457119] UDP-Lite hash table entries: 256 (order: 0, 4096 bytes)
<6>[    0.457377] NET: Registered protocol family 1
<6>[    0.460335] futex hash table entries: 256 (order: -1, 3072 bytes)
<6>[    0.473774] msgmni has been set to 304
<6>[    0.477113] Block layer SCSI generic (bsg) driver version 0.4 loaded (major 251)
<6>[    0.477171] io scheduler noop registered
<6>[    0.477201] io scheduler deadline registered
<6>[    0.477474] io scheduler cfq registered (default)
<7>[    0.477623] gpiochip_find_base: found new base at 980
<7>[    0.477787] gpiochip_add: registered GPIOs 980 to 1011 on device: smp2p
<7>[    0.478029] gpiochip_find_base: found new base at 948
<7>[    0.478177] gpiochip_add: registered GPIOs 948 to 979 on device: smp2p
<7>[    0.478234] gpiochip_find_base: found new base at 916
<7>[    0.478390] gpiochip_add: registered GPIOs 916 to 947 on device: smp2p
<7>[    0.478603] gpiochip_find_base: found new base at 884
<7>[    0.478760] gpiochip_add: registered GPIOs 884 to 915 on device: smp2p
<7>[    0.478819] gpiochip_find_base: found new base at 852
<7>[    0.478959] gpiochip_add: registered GPIOs 852 to 883 on device: slave-kernel
<7>[    0.479112] gpiochip_find_base: found new base at 852
<7>[    0.479256] gpiochip_add: registered GPIOs 852 to 883 on device: master-kernel
<5>[    0.486174] msm_rpm_log_probe: OK
<7>[    0.487505] of_get_named_gpiod_flags: parsed 'qcom,gpio-proxy-unvote' property of node '/soc/qcom,mss@4080000[0]' - status (-517)
<4>[    0.488209] gsm_init: loaded as 250,0.
<6>[    0.489029] msm_serial_hs module loaded
<6>[    0.489455] msm_hsl_dt_to_pdata: read config-gpio ret=-22
<6>[    0.489489] msm_hsl_dt_to_pdata: read config-gpio =0 start.
<6>[    0.489516] msm_serial_hsl_probe: detected port #0 (ttyHSL0)
<6>[    0.489569] msm_serial_hsl_probe: two_wire   func_mode:0
<3>[    0.489600] AXI: get_pdata(): Error: Client name not found
<3>[    0.489626] AXI: msm_bus_cl_get_pdata(): client has to provide missing entry for successful registration
<3>[    0.489660] msm_serial_hsl_probe: Bus scaling is disabled
<6>[    0.489843] 78b3000.serial: ttyHSL0 at MMIO 0x78b3000 (irq = 153, base_baud = 460800) is a MSM
<6>[    0.490408] msm_hsl_dt_to_pdata: read config-gpio ret=0
<6>[    0.490442] msm_hsl_dt_to_pdata: read config-gpio =4 start.
<7>[    0.490494] of_get_named_gpiod_flags: parsed 'qcom,tx-gpio' property of node '/soc/serial@78b1000[0]' - status (0)
<7>[    0.490521] of_get_named_gpiod_flags: parsed 'qcom,rx-gpio' property of node '/soc/serial@78b1000[0]' - status (0)
<6>[    0.490532] msm_hsl_dt_to_pdata: read config-gpio= ok
<7>[    0.490573] of_get_named_gpiod_flags: parsed 'qcom,cts-gpio' property of node '/soc/serial@78b1000[0]' - status (0)
<7>[    0.490598] of_get_named_gpiod_flags: parsed 'qcom,rfr-gpio' property of node '/soc/serial@78b1000[0]' - status (0)
<6>[    0.490612] msm_serial_hsl_probe: detected port #1 (ttyHSL1)
<6>[    0.490657] msm_serial_hsl_probe: four_wire   func_mode:1
<6>[    0.491046] 78b1000.serial: ttyHSL1 at MMIO 0x78b1000 (irq = 151, base_baud = 460800) is a MSM
<6>[    0.494611] msm_serial_hsl_init: driver initialized
<4>[    0.496115] [LS_RI]ri_init!
<4>[    0.496148] [LS_RI]gpio_uart_ri_probe!
<4>[    0.496182] frist request gpio ok LS_UART_RI_GPIO
<4>[    0.496208] allocate data to r_pme strcut
<4>[    0.496230] [LS_RI]:ls_ri_init    finish!!! 
<6>[    0.510512] tbox:+power_dev_init
<6>[    0.510588] tbox:gpio mpu_wake_mcu init start
<6>[    0.510778] tbox:gpio mpu_wake_mcu init success
<6>[    0.510807] tbox:gpio mcu_wake_mpu init start
<6>[    0.511437] tbox:gpio mcu_wake_mpu init success
<6>[    0.511470] tbox:gpio mcu_notify_mpu1 init start
<6>[    0.511651] tbox:gpio mcu_notify_mpu1 init success
<6>[    0.511678] tbox:gpio mcu_notify_mpu2 init start
<6>[    0.511830] tbox:gpio mcu_notify_mpu2 init success
<6>[    0.511860] tbox:gpio bt_host_wake init start
<6>[    0.512337] tbox:gpio bt_host_wake init success
<6>[    0.512371] tbox:gpio bt_dev_wake init start
<6>[    0.512578] tbox:gpio bt_dev_wake init success
<6>[    0.512610] tbox:gpio mpu_update init start
<6>[    0.512765] tbox:gpio mpu_update init success
<6>[    0.512793] tbox:gpio wlan_en init start
<6>[    0.512942] tbox:gpio wlan_en init success
<6>[    0.512970] tbox:-power_dev_init
<6>[    0.522518] brd: module loaded
<6>[    0.526844] loop: module loaded
<4>[    0.529831] ls_netlink_init.
<7>[    0.530694] lct_gpio_utility soc:lct,gpio-utility: lct_gpios_test_probe: OK
<4>[    0.531089] i2c-core: driver [tabla-i2c-core] using legacy suspend method
<4>[    0.531125] i2c-core: driver [tabla-i2c-core] using legacy resume method
<4>[    0.531346] i2c-core: driver [wcd9xxx-i2c-core] using legacy suspend method
<4>[    0.531377] i2c-core: driver [wcd9xxx-i2c-core] using legacy resume method
<4>[    0.531575] i2c-core: driver [tasha-i2c-core] using legacy suspend method
<4>[    0.531609] i2c-core: driver [tasha-i2c-core] using legacy resume method
<6>[    0.531906] SCSI Media Changer driver v0.25 
<3>[    0.536704] sps: BAM device 0x07984000 is not registered yet.
<6>[    0.537584] sps:BAM 0x07984000 is registered.
<6>[    0.537626] msm_nand_bam_init: msm_nand_bam_init: BAM device registered: bam_handle 0xceaa0000
<6>[    0.537989] sps:BAM 0x07984000 (va:0xd09a0000) enabled: ver:0x18, number of pipes:7
<6>[    0.540209] msm_nand_parse_smem_ptable: Parsing partition table info from SMEM
<6>[    0.540296] msm_nand_parse_smem_ptable: SMEM partition table found: ver: 4 len: 17
<6>[    0.540354] msm_nand_version_check: nand_major:1, nand_minor:5, qpic_major:1, qpic_minor:5
<3>[    0.540426] msm_nand_scan: missing page size info - extract from NAND ID
<6>[    0.540457] msm_nand_scan: NAND Id: 0x1590acad Buswidth: 8Bits Density: 512 MByte
<6>[    0.540491] msm_nand_scan: pagesize: 2048 Erasesize: 131072 oobsize: 64 (in Bytes)
<6>[    0.540521] msm_nand_scan: BCH ECC: 4 Bit
<6>[    0.540553] msm_nand_scan: CFG0: 0x2a0408c0,           CFG1: 0x0804745c
<6>[    0.540553]             RAWCFG0: 0x2c8400c0,        RAWCFG1: 0x0005055d
<6>[    0.540553]           ECCBUFCFG: 0x00000203,      ECCBCHCFG: 0x42040700
<6>[    0.540553]           RAWECCCFG: 0x42000701, BAD BLOCK BYTE: 0x000001d1
<5>[    0.540649] Creating 17 MTD partitions on "7980000.nand":
<5>[    0.540682] 0x000000000000-0x000000140000 : "sbl"
<5>[    0.541980] 0x000000140000-0x000000280000 : "mibib"
<5>[    0.543047] 0x000000280000-0x000000e80000 : "efs2"
<5>[    0.544129] 0x000000e80000-0x000001000000 : "tz"
<5>[    0.545166] 0x000001000000-0x000001140000 : "rpm"
<5>[    0.546207] 0x000001140000-0x000001280000 : "aboot"
<5>[    0.547247] 0x000001280000-0x000001a60000 : "boot"
<5>[    0.548322] 0x000001a60000-0x000001aa0000 : "scrub"
<5>[    0.549432] 0x000001aa0000-0x000005260000 : "modem"
<5>[    0.550531] 0x000005260000-0x0000053a0000 : "misc"
<5>[    0.551634] 0x0000053a0000-0x000005a80000 : "recovery"
<5>[    0.552651] 0x000005a80000-0x000005c00000 : "fota"
<5>[    0.553614] 0x000005c00000-0x000007a00000 : "recoveryfs"
<5>[    0.555074] 0x000007a00000-0x00000de00000 : "system"
<5>[    0.556173] 0x00000de00000-0x00000f200000 : "oeminfo"
<5>[    0.557213] 0x00000f200000-0x000015600000 : "system_b"
<5>[    0.558279] 0x000015600000-0x000020000000 : "vendor"
<6>[    0.559424] msm_nand_probe: NANDc phys addr 0x7980000, BAM phys addr 0x7984000, BAM IRQ 164
<6>[    0.559467] msm_nand_probe: Allocated DMA buffer at virt_addr 0xcf840000, phys_addr 0x8f840000
<6>[    0.563107] PPP generic driver version 2.4.2
<6>[    0.563398] PPP BSD Compression module registered
<6>[    0.563434] PPP Deflate Compression module registered
<6>[    0.563477] PPP MPPE Compression module registered
<6>[    0.563514] NET: Registered protocol family 24
<6>[    0.569562] cnss_configure_ramdump: ramdump addr: d2c00000, phys: 0x87a00000 subsys:'AR6320'
<6>[    0.570223] cnss_sdio 87a00000.qcom,cnss-sdio: CNSS SDIO Driver registered
<6>[    0.573545] msm_otg 78d9000.usb: msm_otg probe
<7>[    0.573977] of_get_named_gpiod_flags: can't parse 'qcom,hub-reset-gpio' property of node '/soc/usb@78d9000[0]'
<7>[    0.574094] of_get_named_gpiod_flags: can't parse 'qcom,sw-sel-gpio' property of node '/soc/usb@78d9000[0]'
<7>[    0.574149] of_get_named_gpiod_flags: parsed 'qcom,usbid-gpio' property of node '/soc/usb@78d9000[0]' - status (0)
<7>[    0.574179] of_get_named_gpiod_flags: can't parse 'qcom,hsusb-otg-vddmin-gpio' property of node '/soc/usb@78d9000[0]'
<6>[    0.575867] msm_otg 78d9000.usb: OTG regs = d08ee000
<6>[    0.581882] ehci_hcd: USB 2.0 'Enhanced' Host Controller (EHCI) Driver
<6>[    0.582290] ehci-msm: Qualcomm On-Chip EHCI Host Controller
<6>[    0.582761] usbcore: registered new interface driver cdc_acm
<6>[    0.582793] cdc_acm: USB Abstract Control Model driver for USB modems and ISDN adapters
<6>[    0.582933] usbcore: registered new interface driver usb-storage
<6>[    0.583026] usbcore: registered new interface driver ums-alauda
<6>[    0.583111] usbcore: registered new interface driver ums-cypress
<6>[    0.583200] usbcore: registered new interface driver ums-datafab
<6>[    0.583289] usbcore: registered new interface driver ums-freecom
<6>[    0.583376] usbcore: registered new interface driver ums-isd200
<6>[    0.583465] usbcore: registered new interface driver ums-jumpshot
<6>[    0.583571] usbcore: registered new interface driver ums-karma
<6>[    0.583664] usbcore: registered new interface driver ums-onetouch
<6>[    0.583767] usbcore: registered new interface driver ums-sddr09
<6>[    0.583856] usbcore: registered new interface driver ums-sddr55
<6>[    0.583941] usbcore: registered new interface driver ums-usbat
<6>[    0.585797] gbridge_init: gbridge_init successs.
<6>[    0.587915] qcom,qpnp-rtc qpnp-rtc-5: rtc core: registered qpnp_rtc as rtc0
<6>[    0.588310] msm_otg 78d9000.usb: phy_reset: success
<6>[    0.588475] i2c /dev entries driver
<3>[    0.589610] unable to find DT imem DLOAD mode node
<3>[    0.589994] unable to find DT imem EDLOAD mode node
<3>[    0.590336] unable to find DT imem dload-type node
<6>[    0.613780] Bluetooth: HCI UART driver ver 2.2
<6>[    0.613823] Bluetooth: HCI H4 protocol initialized
<6>[    0.613847] Bluetooth: HCI_IBS protocol initialized
<7>[    0.614113] of_get_named_gpiod_flags: parsed 'qca,bt-reset-gpio' property of node '/bt_qca6174[0]' - status (0)
<6>[    0.614133] bt_dt_parse_vreg_info: qca,bt-vdd-core: is not provided in device tree
<4>[    0.614224] bt_power bt_qca6174: no qca,bt-vdd-pa-voltage-level property
<6>[    0.614256] bt_dt_parse_vreg_info: qca,bt-vdd-ldo: is not provided in device tree
<6>[    0.614290] bt_dt_parse_vreg_info: qca,bt-chip-pwd: is not provided in device tree
<6>[    0.615259] sdhci: Secure Digital Host Controller Interface driver
<6>[    0.615296] sdhci: Copyright(c) Pierre Ossman
<6>[    0.615328] sdhci-pltfm: SDHCI platform and OF driver helper
<4>[    0.615943] sdhci_msm 7824900.sdhci: sdhci_msm_probe: ICE device is not enabled
<7>[    0.616008] of_get_named_gpiod_flags: can't parse 'cd-gpios' property of node '/soc/sdhci@7824900[0]'
<7>[    0.616024] of_get_named_gpiod_flags: can't parse 'pwren-gpio' property of node '/soc/sdhci@7824900[0]'
<6>[    0.616036] [sdhci_msm_populate_pdata] en_gpio: -2
<6>[    0.616080] sdhci_msm 7824900.sdhci: No vreg data found for vdd
<3>[    0.616408] sdhci_msm 7824900.sdhci: sdhci_msm_pm_qos_parse_irq: error -22 reading irq cpu
<5>[    0.616452] sdhci_msm 7824900.sdhci: sdhci_msm_pm_qos_parse: PM QoS voting for IRQ will be disabled
<5>[    0.616494] sdhci_msm 7824900.sdhci: sdhci_msm_pm_qos_parse: PM QoS voting for cpu group will be disabled
<6>[    0.619413] sdhci_msm 7824900.sdhci: No vmmc regulator found
<6>[    0.619457] sdhci_msm 7824900.sdhci: No vqmmc regulator found
<6>[    0.619879] mmc0: SDHCI controller on 7824900.sdhci [7824900.sdhci] using 32-bit ADMA in legacy mode
<4>[    0.648952] sdhci_msm 7864900.sdhci: sdhci_msm_probe: ICE device is not enabled
<7>[    0.649012] of_get_named_gpiod_flags: can't parse 'cd-gpios' property of node '/soc/sdhci@07864900[0]'
<7>[    0.649028] of_get_named_gpiod_flags: can't parse 'pwren-gpio' property of node '/soc/sdhci@07864900[0]'
<6>[    0.649040] [sdhci_msm_populate_pdata] en_gpio: -2
<3>[    0.649417] sdhci_msm 7864900.sdhci: sdhci_msm_pm_qos_parse_irq: error -22 reading irq cpu
<5>[    0.649461] sdhci_msm 7864900.sdhci: sdhci_msm_pm_qos_parse: PM QoS voting for IRQ will be disabled
<5>[    0.649502] sdhci_msm 7864900.sdhci: sdhci_msm_pm_qos_parse: PM QoS voting for cpu group will be disabled
<6>[    0.656797] sdhci_msm 7864900.sdhci: No vmmc regulator found
<6>[    0.656842] sdhci_msm 7864900.sdhci: No vqmmc regulator found
<6>[    0.657368] mmc1: SDHCI controller on 7864900.sdhci [7864900.sdhci] using 32-bit ADMA in legacy mode
<6>[    0.687554] usbcore: registered new interface driver usbhid
<6>[    0.687591] usbhid: USB HID core driver
<6>[    0.689936] logger: created 1024K log 'autolink_log/tsp'
<6>[    0.692191] logger: created 1024K log 'autolink_log/mpu'
<4>[    0.694334] www===usb-dbg --ulpi_init,line=755,entry
<4>[    0.694375] www===usb-dbg --ulpi_init,line=767,use pdata->phy_init_seq
<4>[    0.694437] www===usb-dbg --ulpi_init,line=772,default usb phy para: 0x80 = 0x33,0x81 = 0x33,0x82 = 0x7,0x83 = 0x13
<4>[    0.694474] www===usb-dbg --ulpi_init,line=779,no phy init data,will return
<6>[    0.699626] logger: created 1024K log 'autolink_log/mcu'
<6>[    0.702106] logger: created 1024K log 'autolink_log/system'
<6>[    0.704383] sps:BAM 0x078c4000 is registered.
<3>[    0.704695] IPA HW is not supported on this target
<6>[    0.705484] bimc-bwmon 408000.qcom,cpu-bwmon: BW HWmon governor registered.
<3>[    0.707531] devfreq soc:qcom,cpubw: Couldn't update frequency transition information.
<6>[    0.709067] coresight-fuse a601c.fuse: QPDI fuse not specified
<6>[    0.709479] coresight-fuse a601c.fuse: Fuse initialized
<6>[    0.715051] coresight-csr 6001000.csr: CSR initialized
<6>[    0.715804] coresight-tmc 6026000.tmc: Byte Counter feature enabled
<6>[    0.716599] sps:BAM 0x06084000 is registered.
<6>[    0.717101] coresight-tmc 6026000.tmc: TMC initialized
<6>[    0.717646] coresight-tmc 6025000.tmc: TMC initialized
<6>[    0.719864] nidnt boot config: 0
<6>[    0.721123] coresight-tpiu 6020000.tpiu: NIDnT on SDCARD only mode
<6>[    0.721356] coresight-tpiu 6020000.tpiu: TPIU initialized
<6>[    0.722958] coresight-replicator 6024000.replicator: REPLICATOR initialized
<6>[    0.723781] coresight-stm 6002000.stm: STM initialized
<6>[    0.724554] coresight-hwevent 606c000.hwevent: Hardware Event driver initialized
<3>[    0.726253] i2c-msm-v2 78b8000.i2c: msm_bus_scale_register_client(mstr-id:86):0x7 (ok)
<3>[    0.726475] i2c-msm-v2 78b8000.i2c: NACK: slave not responding, ensure its powered: msgs(n:2 cur:0 tx) bc(rx:2 tx:2) mode:FIFO slv_addr:0xa MSTR_STS:0x0d1300c8 OPER:0x00000010
<4>[    0.726685] sgtl5000: probe of 4-000a failed with error -107
<7>[    0.727329] of_get_named_gpiod_flags: parsed 'gpio-reset' property of node '/soc/i2c@78b8000/tlv320aic3x@18[0]' - status (0)
<4>[    0.727396] 4-0018 supply IOVDD not found, using dummy regulator
<4>[    0.727507] 4-0018 supply DVDD not found, using dummy regulator
<4>[    0.727581] 4-0018 supply AVDD not found, using dummy regulator
<4>[    0.727650] 4-0018 supply DRVDD not found, using dummy regulator
<3>[    0.736983] mdm9607-pinctrl 1000000.pinctrl: invalid group "gpio20" for function "sec_mi2s"
<3>[    0.737055] mdm9607-pinctrl 1000000.pinctrl: invalid group "gpio23" for function "sec_mi2s"
<3>[    0.737108] mdm9607-pinctrl 1000000.pinctrl: invalid group "gpio21" for function "sec_mi2s"
<3>[    0.737158] mdm9607-pinctrl 1000000.pinctrl: invalid group "gpio22" for function "sec_mi2s"
<3>[    0.737208] mdm9607-pinctrl 1000000.pinctrl: invalid group "gpio20" for function "sec_mi2s"
<3>[    0.737258] mdm9607-pinctrl 1000000.pinctrl: invalid group "gpio23" for function "sec_mi2s"
<3>[    0.737308] mdm9607-pinctrl 1000000.pinctrl: invalid group "gpio21" for function "sec_mi2s"
<3>[    0.737357] mdm9607-pinctrl 1000000.pinctrl: invalid group "gpio22" for function "sec_mi2s"
<6>[    0.740702] msm-compr-dsp soc:qcom,msm-compr-dsp: msm_compr_probe: dev name soc:qcom,msm-compr-dsp
<6>[    0.743460] msm_pcm_probe: dev name soc:qcom,msm-voice-host-pcm
<3>[    0.752441] mdm9607-asoc-snd soc:sound: Defering mdm_asoc_machine_probe, q6_state 0
<6>[    0.752950] Netfilter messages via NETLINK v0.30.
<6>[    0.753070] nf_conntrack version 0.5.0 (2437 buckets, 9748 max)
<6>[    0.753925] ctnetlink v0.93: registering with nfnetlink.
<6>[    0.755206] ip_set: protocol 6
<6>[    0.755788] ip_tables: (C) 2000-2006 Netfilter Core Team
<6>[    0.756046] arp_tables: (C) 2002 David S. Miller
<6>[    0.756148] TCP: cubic registered
<6>[    0.757107] NET: Registered protocol family 10
<6>[    0.758454] ip6_tables: (C) 2000-2006 Netfilter Core Team
<6>[    0.758788] sit: IPv6 over IPv4 tunneling driver
<6>[    0.759695] NET: Registered protocol family 17
<6>[    0.759827] bridge: automatic filtering via arp/ip/ip6tables has been deprecated. Update your scripts to load br_netfilter if you need this.
<5>[    0.759909] Bridge firewalling registered
<6>[    0.759942] Ebtables v2.0 registered
<6>[    0.760170] lib80211: common routines for IEEE802.11 drivers
<7>[    0.760201] lib80211_crypt: registered algorithm 'NULL'
<7>[    0.760224] lib80211_crypt: registered algorithm 'WEP'
<7>[    0.760245] lib80211_crypt: registered algorithm 'CCMP'
<7>[    0.760266] lib80211_crypt: registered algorithm 'TKIP'
<6>[    0.761324] NET: Registered protocol family 27
<7>[    0.765072] gpiochip_find_base: found new base at 852
<7>[    0.765246] gpiochip_add: registered GPIOs 852 to 883 on device: slave-kernel
<7>[    0.765615] gpiochip_find_base: found new base at 820
<7>[    0.765801] gpiochip_add: registered GPIOs 820 to 851 on device: master-kernel
<7>[    0.766433] of_get_named_gpiod_flags: parsed 'qcom,gpio-proxy-unvote' property of node '/soc/qcom,mss@4080000[0]' - status (0)
<7>[    0.767325] of_get_named_gpiod_flags: parsed 'qcom,gpio-err-fatal' property of node '/soc/qcom,mss@4080000[0]' - status (0)
<7>[    0.767351] of_get_named_gpiod_flags: parsed 'qcom,gpio-err-ready' property of node '/soc/qcom,mss@4080000[0]' - status (0)
<7>[    0.767372] of_get_named_gpiod_flags: parsed 'qcom,gpio-stop-ack' property of node '/soc/qcom,mss@4080000[0]' - status (0)
<7>[    0.767394] of_get_named_gpiod_flags: parsed 'qcom,gpio-force-stop' property of node '/soc/qcom,mss@4080000[0]' - status (0)
<7>[    0.767417] of_get_named_gpiod_flags: parsed 'qcom,gpio-shutdown-ack' property of node '/soc/qcom,mss@4080000[0]' - status (0)
<7>[    0.768005] of_get_named_gpiod_flags: can't parse 'qcom,chg-valid-gpio' property of node '/soc/i2c@78b8000/smb358-charger@57[0]'
<3>[    0.769500] i2c-msm-v2 78b8000.i2c: NACK: slave not responding, ensure its powered: msgs(n:2 cur:0 tx) bc(rx:1 tx:1) mode:FIFO slv_addr:0x57 MSTR_STS:0x0d1300c8 OPER:0x00000010
<3>[    0.769627] smb358-charger 4-0057: i2c read fail: can't read from 01: -107
<3>[    0.769658] SMB358 smb358_charger_probe: Failed to detect SMB358, device absent, rc = -107
<4>[    0.769708] smb358-charger: probe of 4-0057 failed with error -107
<3>[    0.781225] mdm9607-asoc-snd soc:sound: Defering mdm_asoc_machine_probe, q6_state 0
<7>[    0.784362] of_get_named_gpiod_flags: parsed 'gpios' property of node '/soc/qcom,smp2pgpio_test_smp2p_15_in[0]' - status (0)
<7>[    0.784485] of_get_named_gpiod_flags: parsed 'gpios' property of node '/soc/qcom,smp2pgpio_test_smp2p_15_out[0]' - status (0)
<7>[    0.784571] of_get_named_gpiod_flags: parsed 'gpios' property of node '/soc/qcom,smp2pgpio_test_smp2p_1_in[0]' - status (0)
<7>[    0.784652] of_get_named_gpiod_flags: parsed 'gpios' property of node '/soc/qcom,smp2pgpio_test_smp2p_1_out[0]' - status (0)
<3>[    0.925308] mdm9607-asoc-snd soc:sound: Defering mdm_asoc_machine_probe, q6_state 0
<5>[    0.925693] ubi0: attaching mtd13
<5>[    1.404963] ubi0: scanning is finished
<5>[    1.413375] ubi0: attached mtd13 (name "system", size 100 MiB)
<5>[    1.413418] ubi0: PEB size: 131072 bytes (128 KiB), LEB size: 126976 bytes
<5>[    1.413448] ubi0: min./max. I/O unit sizes: 2048/2048, sub-page size 2048
<5>[    1.413477] ubi0: VID header offset: 2048 (aligned 2048), data offset: 4096
<5>[    1.413505] ubi0: good PEBs: 800, bad PEBs: 0, corrupted PEBs: 0
<5>[    1.413531] ubi0: user volume: 1, internal volumes: 1, max. volumes count: 128
<5>[    1.413565] ubi0: max/mean erase counter: 9/4, WL threshold: 4096, image sequence number: 35657280
<5>[    1.413600] ubi0: available PEBs: 0, total reserved PEBs: 800, PEBs reserved for bad PEB handling: 80
<6>[    1.413675] RNDIS_IPA module is loaded.
<6>[    1.414801] file system registered
<6>[    1.414959] mbim_init: initialize 1 instances
<6>[    1.415137] mbim_init: Initialized 1 ports
<5>[    1.415511] ubi0: background thread "ubi_bgt0d" started, PID 121
<6>[    1.418245] rndis_qc_init: initialize rndis QC instance
<6>[    1.418814] Number of LUNs=8
<6>[    1.418904] Mass Storage Function, version: 2009/09/11
<6>[    1.418937] LUN: removable file: (no medium)
<6>[    1.419058] Number of LUNs=1
<6>[    1.419209] LUN: removable file: (no medium)
<6>[    1.419237] Number of LUNs=1
<6>[    1.419712] android_usb gadget: android_usb ready
<6>[    1.419750] msm_hsusb msm_hsusb: [ci13xxx_start] hw_ep_max = 32
<6>[    1.419821] msm_hsusb msm_hsusb: CI13XXX_CONTROLLER_RESET_EVENT received
<6>[    1.419857] msm_hsusb msm_hsusb: CI13XXX_CONTROLLER_UDC_STARTED_EVENT received
<3>[    1.420372] mdm9607-asoc-snd soc:sound: Defering mdm_asoc_machine_probe, q6_state 0
<6>[    1.420971] qcom,qpnp-rtc qpnp-rtc-5: setting system clock to 1970-01-01 00:14:54 UTC (894)
<3>[    1.422262] mdm9607-asoc-snd soc:sound: Defering mdm_asoc_machine_probe, q6_state 0
<6>[    1.424309] parse_legacy_cluster_params(): Ignoring cluster params
<6>[    1.424376] /soc/qcom,lpm-levels/qcom,pm-cluster@0: No CPU phandle, assuming single cluster
<3>[    1.425645] mdm9607-asoc-snd soc:sound: Defering mdm_asoc_machine_probe, q6_state 0
<6>[    1.427962] qcom,cc-debug-mdm9607 1800000.qcom,debug: Registered Debug Mux successfully
<3>[    1.428445] mdm9607-asoc-snd soc:sound: Defering mdm_asoc_machine_probe, q6_state 0
<6>[    1.428974] emac_lan_vreg: disabling
<6>[    1.429030] mem_acc_corner: disabling
<6>[    1.429063] clock_late_init: Removing enables held for handed-off clocks
<6>[    1.430697] ALSA device list:
<6>[    1.430729]   No soundcards found.
<5>[    1.464746] UBIFS (ubi0:0): recovery needed
<5>[    1.521692] UBIFS (ubi0:0): recovery deferred
<5>[    1.521845] UBIFS (ubi0:0): UBIFS: mounted UBI device 0, volume 0, name "rootfs", R/O mode
<5>[    1.521884] UBIFS (ubi0:0): LEB size: 126976 bytes (124 KiB), min./max. I/O unit sizes: 2048 bytes/2048 bytes
<5>[    1.521927] UBIFS (ubi0:0): FS size: 89518080 bytes (85 MiB, 705 LEBs), journal size 9023488 bytes (8 MiB, 72 LEBs)
<5>[    1.521965] UBIFS (ubi0:0): reserved for root: 0 bytes (0 KiB)
<5>[    1.521998] UBIFS (ubi0:0): media format: w4/r0 (latest is w4/r0), UUID BD8561F1-4FB4-4FE5-941C-5AA4F7BE90D7, small LPT model
<6>[    1.524215] VFS: Mounted root (ubifs filesystem) readonly on device 0:12.
<6>[    1.525221] Freeing unused kernel memory: 340K (c0c2d000 - c0c82000)
<5>[    2.293851] UBIFS (ubi0:0): completing deferred recovery
<5>[    2.352162] UBIFS (ubi0:0): background thread "ubifs_bgt0_0" started, PID 154
<5>[    2.352230] UBIFS (ubi0:0): deferred recovery completed
<3>[    2.525271] enable_store: android_usb: already disabled
<5>[    2.623343] ubi8: attaching mtd8
<6>[    2.750993] read descriptors
<6>[    2.751051] read strings
<6>[    2.751105] rndis_function_bind_config: rndis_function_bind_config MAC: 00:00:00:00:00:00
<4>[    2.751199] android_usb gadget: using random self ethernet address
<4>[    2.751239] android_usb gadget: using random host ethernet address
<6>[    2.752638] rndis0: MAC 16:6e:29:7c:ba:80
<6>[    2.752678] rndis0: HOST MAC 3e:ed:d1:63:ab:40
<6>[    2.763207] msm_hsusb msm_hsusb: CI13XXX_CONTROLLER_CONNECT_EVENT received
<6>[    2.881665] msm_otg 78d9000.usb: Avail curr from USB = 100
<6>[    2.881969] android_work: android_work: did not send uevent (0 0   (null))
<6>[    2.972826] android_work: android_work: sent uevent USB_STATE=CONNECTED
<6>[    2.976772] android_work: android_work: sent uevent USB_STATE=DISCONNECTED
<6>[    3.082579] android_work: android_work: sent uevent USB_STATE=CONNECTED
<5>[    3.151360] ubi8: scanning is finished
<5>[    3.159597] ubi8: attached mtd8 (name "modem", size 55 MiB)
<5>[    3.159640] ubi8: PEB size: 131072 bytes (128 KiB), LEB size: 126976 bytes
<5>[    3.159669] ubi8: min./max. I/O unit sizes: 2048/2048, sub-page size 2048
<5>[    3.159697] ubi8: VID header offset: 2048 (aligned 2048), data offset: 4096
<5>[    3.159725] ubi8: good PEBs: 446, bad PEBs: 0, corrupted PEBs: 0
<5>[    3.159751] ubi8: user volume: 1, internal volumes: 1, max. volumes count: 128
<5>[    3.159784] ubi8: max/mean erase counter: 4/1, WL threshold: 4096, image sequence number: 1328192
<5>[    3.159820] ubi8: available PEBs: 0, total reserved PEBs: 446, PEBs reserved for bad PEB handling: 80
<5>[    3.163424] ubi8: background thread "ubi_bgt8d" started, PID 203
<6>[    3.225314] android_usb gadget: high-speed config #1: 86000c8.android_usb
<6>[    3.225552] msm_otg 78d9000.usb: Avail curr from USB = 500
<6>[    3.284115] android_work: android_work: sent uevent USB_STATE=CONFIGURED
<5>[    3.353855] UBIFS (ubi8:0): recovery needed
<5>[    3.406759] UBIFS (ubi8:0): recovery deferred
<5>[    3.406941] UBIFS (ubi8:0): UBIFS: mounted UBI device 8, volume 0, name "modem", R/O mode
<5>[    3.406982] UBIFS (ubi8:0): LEB size: 126976 bytes (124 KiB), min./max. I/O unit sizes: 2048 bytes/2048 bytes
<5>[    3.407023] UBIFS (ubi8:0): FS size: 44695552 bytes (42 MiB, 352 LEBs), journal size 7364608 bytes (7 MiB, 58 LEBs)
<5>[    3.407061] UBIFS (ubi8:0): reserved for root: 0 bytes (0 KiB)
<5>[    3.407094] UBIFS (ubi8:0): media format: w4/r0 (latest is w4/r0), UUID DC706597-D68C-4C98-8DE6-D9F88E5CCEAD, small LPT model
<5>[    3.442724] ubi14: attaching mtd14
<5>[    3.543076] ubi14: scanning is finished
<4>[    3.549756] ubi14 warning: print_rsvd_warning: cannot reserve enough PEBs for bad PEB handling, reserved 73, need 80
<5>[    3.550832] ubi14: attached mtd14 (name "oeminfo", size 20 MiB)
<5>[    3.550874] ubi14: PEB size: 131072 bytes (128 KiB), LEB size: 126976 bytes
<5>[    3.550904] ubi14: min./max. I/O unit sizes: 2048/2048, sub-page size 2048
<5>[    3.550933] ubi14: VID header offset: 2048 (aligned 2048), data offset: 4096
<5>[    3.550962] ubi14: good PEBs: 160, bad PEBs: 0, corrupted PEBs: 0
<5>[    3.550988] ubi14: user volume: 1, internal volumes: 1, max. volumes count: 128
<5>[    3.551023] ubi14: max/mean erase counter: 6/2, WL threshold: 4096, image sequence number: 34870392
<5>[    3.551058] ubi14: available PEBs: 0, total reserved PEBs: 160, PEBs reserved for bad PEB handling: 73
<5>[    3.552999] ubi14: background thread "ubi_bgt14d" started, PID 219
<5>[    3.683829] UBIFS (ubi14:0): background thread "ubifs_bgt14_0" started, PID 224
<5>[    3.721789] UBIFS (ubi14:0): recovery needed
<5>[    3.831083] UBIFS (ubi14:0): recovery completed
<5>[    3.831254] UBIFS (ubi14:0): UBIFS: mounted UBI device 14, volume 0, name "conf"
<5>[    3.831294] UBIFS (ubi14:0): LEB size: 126976 bytes (124 KiB), min./max. I/O unit sizes: 2048 bytes/2048 bytes
<5>[    3.831336] UBIFS (ubi14:0): FS size: 9142272 bytes (8 MiB, 72 LEBs), journal size 9023488 bytes (8 MiB, 72 LEBs)
<5>[    3.831373] UBIFS (ubi14:0): reserved for root: 0 bytes (0 KiB)
<5>[    3.831901] UBIFS (ubi14:0): media format: w4/r0 (latest is w4/r0), UUID 9EDC4307-C802-4BF9-A37C-6C5FD1DD214E, small LPT model
<5>[    3.868685] ubi15: attaching mtd15
<5>[    4.366222] ubi15: scanning is finished
<5>[    4.375212] ubi15: attached mtd15 (name "system_b", size 100 MiB)
<5>[    4.375258] ubi15: PEB size: 131072 bytes (128 KiB), LEB size: 126976 bytes
<5>[    4.375287] ubi15: min./max. I/O unit sizes: 2048/2048, sub-page size 2048
<5>[    4.375316] ubi15: VID header offset: 2048 (aligned 2048), data offset: 4096
<5>[    4.375344] ubi15: good PEBs: 800, bad PEBs: 0, corrupted PEBs: 0
<5>[    4.375371] ubi15: user volume: 1, internal volumes: 1, max. volumes count: 128
<5>[    4.375406] ubi15: max/mean erase counter: 1/0, WL threshold: 4096, image sequence number: 303301672
<5>[    4.375442] ubi15: available PEBs: 0, total reserved PEBs: 800, PEBs reserved for bad PEB handling: 80
<5>[    4.377380] ubi15: background thread "ubi_bgt15d" started, PID 233
<5>[    4.542816] UBIFS (ubi15:0): recovery needed
<5>[    4.562151] UBIFS (ubi15:0): recovery deferred
<5>[    4.562321] UBIFS (ubi15:0): UBIFS: mounted UBI device 15, volume 0, name "backup", R/O mode
<5>[    4.562362] UBIFS (ubi15:0): LEB size: 126976 bytes (124 KiB), min./max. I/O unit sizes: 2048 bytes/2048 bytes
<5>[    4.562404] UBIFS (ubi15:0): FS size: 89518080 bytes (85 MiB, 705 LEBs), journal size 9023488 bytes (8 MiB, 72 LEBs)
<5>[    4.562441] UBIFS (ubi15:0): reserved for root: 0 bytes (0 KiB)
<5>[    4.562475] UBIFS (ubi15:0): media format: w4/r0 (latest is w4/r0), UUID 95551405-A4F2-4FBD-9143-5732B9D92211, small LPT model
<5>[    4.597571] ubi16: attaching mtd16
<5>[    5.452078] ubi16: scanning is finished
<5>[    5.461771] ubi16: attached mtd16 (name "vendor", size 170 MiB)
<5>[    5.461818] ubi16: PEB size: 131072 bytes (128 KiB), LEB size: 126976 bytes
<5>[    5.461848] ubi16: min./max. I/O unit sizes: 2048/2048, sub-page size 2048
<5>[    5.461877] ubi16: VID header offset: 2048 (aligned 2048), data offset: 4096
<5>[    5.461906] ubi16: good PEBs: 1360, bad PEBs: 0, corrupted PEBs: 0
<5>[    5.461932] ubi16: user volume: 1, internal volumes: 1, max. volumes count: 128
<5>[    5.461966] ubi16: max/mean erase counter: 6/3, WL threshold: 4096, image sequence number: 2381328
<5>[    5.462001] ubi16: available PEBs: 0, total reserved PEBs: 1360, PEBs reserved for bad PEB handling: 80
<5>[    5.464130] ubi16: background thread "ubi_bgt16d" started, PID 246
<5>[    5.604174] UBIFS (ubi16:0): background thread "ubifs_bgt16_0" started, PID 251
<5>[    5.633018] UBIFS (ubi16:0): recovery needed
<5>[    5.734245] UBIFS (ubi16:0): recovery completed
<5>[    5.734415] UBIFS (ubi16:0): UBIFS: mounted UBI device 16, volume 0, name "data"
<5>[    5.734455] UBIFS (ubi16:0): LEB size: 126976 bytes (124 KiB), min./max. I/O unit sizes: 2048 bytes/2048 bytes
<5>[    5.734497] UBIFS (ubi16:0): FS size: 160624640 bytes (153 MiB, 1265 LEBs), journal size 9023488 bytes (8 MiB, 72 LEBs)
<5>[    5.734536] UBIFS (ubi16:0): reserved for root: 0 bytes (0 KiB)
<5>[    5.734569] UBIFS (ubi16:0): media format: w4/r0 (latest is w4/r0), UUID 667710EE-9595-4DB4-A5A8-4BC0AAFBF445, small LPT model
<6>[    6.059498] subsys-restart: __subsystem_get(): Changing subsys fw_name to modem
<6>[    6.075966] pil-q6v5-mss 4080000.qcom,mss: modem: loading from 0x82a00000 to 0x87a00000
<4>[    6.117832] pil-q6v5-mss 4080000.qcom,mss: Debug policy not present - msadp. Continue.
<6>[    6.120822] pil-q6v5-mss 4080000.qcom,mss: Loading MBA and DP (if present) from 0x8f900000 to 0x8fa00000
<6>[    6.168737] pil-q6v5-mss 4080000.qcom,mss: MBA boot done
<12>[    7.464467] QCMAP:start
<12>[    7.514518] QTI:start
<12>[    8.133154] USB QCMAP NL IOCTL Snd GETNEIGH Succ
<4>[    8.352057] ------------[ cut here ]------------
<4>[    8.352132] WARNING: CPU: 0 PID: 434 at /home/exdisk2/userhome/dfsk516L-19/.dfsk516L-19/oe-core/build/tmp-glibc/work-shared/mdm9607/kernel-source/net/netfilter/nf_queue.c:35 nf_register_queue_handler+0x28/0x38()
<4>[    8.352187] Modules linked in:
<4>[    8.352218] CPU: 0 PID: 434 Comm: sh Not tainted 3.18.20 #1
<4>[    8.352269] [<c0013e48>] (unwind_backtrace) from [<c0011e38>] (show_stack+0x10/0x14)
<4>[    8.352316] [<c0011e38>] (show_stack) from [<c001d554>] (warn_slowpath_common+0x68/0x88)
<4>[    8.352359] [<c001d554>] (warn_slowpath_common) from [<c001d604>] (warn_slowpath_null+0x18/0x20)
<4>[    8.352402] [<c001d604>] (warn_slowpath_null) from [<c06b3578>] (nf_register_queue_handler+0x28/0x38)
<4>[    8.352451] [<c06b3578>] (nf_register_queue_handler) from [<c06cf150>] (proc_sip_segment+0x58/0x9c)
<4>[    8.352500] [<c06cf150>] (proc_sip_segment) from [<c0136510>] (proc_sys_call_handler+0x98/0xb4)
<4>[    8.352547] [<c0136510>] (proc_sys_call_handler) from [<c013653c>] (proc_sys_write+0x10/0x18)
<4>[    8.352591] [<c013653c>] (proc_sys_write) from [<c00e3fd0>] (vfs_write+0xb8/0x170)
<4>[    8.352632] [<c00e3fd0>] (vfs_write) from [<c00e4440>] (SyS_write+0x40/0x80)
<4>[    8.352669] [<c00e4440>] (SyS_write) from [<c000e680>] (ret_fast_syscall+0x0/0x38)
<4>[    8.352703] ---[ end trace ed09b0969b5fb291 ]---
<6>[   13.196152] pil-q6v5-mss 4080000.qcom,mss: modem: Brought out of reset
<3>[   13.281836] mdm9607-asoc-snd soc:sound: Defering mdm_asoc_machine_probe, q6_state 0
<6>[   13.281963] pil-q6v5-mss 4080000.qcom,mss: Subsystem error monitoring/handling services are up
<6>[   13.282111] pil-q6v5-mss 4080000.qcom,mss: modem: Power/Clock ready interrupt received
<3>[   13.282295] M-Notify: General: 7
<3>[   13.359504] diag: In diag_send_feature_mask_update, control channel is not open, p: 0, c0e0ab58
<6>[   13.363933] apr_tal:Modem Is Up
<4>[   13.501641] msm-pcm-routing soc:qcom,msm-pcm-routing: ASoC: no dapm match for VOICEMMODE1_DL --> VoiceMMode1 --> SEC_MI2S_RX_Voice Mixer
<3>[   13.501707] msm-pcm-routing soc:qcom,msm-pcm-routing: ASoC: Failed to add route VOICEMMODE1_DL -> VoiceMMode1 -> SEC_MI2S_RX_Voice Mixer
<4>[   13.501791] msm-pcm-routing soc:qcom,msm-pcm-routing: ASoC: no dapm match for VOICEMMODE2_DL --> VoiceMMode2 --> SEC_MI2S_RX_Voice Mixer
<3>[   13.501838] msm-pcm-routing soc:qcom,msm-pcm-routing: ASoC: Failed to add route VOICEMMODE2_DL -> VoiceMMode2 -> SEC_MI2S_RX_Voice Mixer
<4>[   13.584226] msm-pcm-routing soc:qcom,msm-pcm-routing: ASoC: no dapm match for VOICE2_STUB_DL --> Voice2 Stub --> INTERNAL_BT_SCO_RX_Voice Mixer
<3>[   13.584295] msm-pcm-routing soc:qcom,msm-pcm-routing: ASoC: Failed to add route VOICE2_STUB_DL -> Voice2 Stub -> INTERNAL_BT_SCO_RX_Voice Mixer
<3>[   13.585946] msm-pcm-routing soc:qcom,msm-pcm-routing: ASoC: no sink widget found for SENARY_MI2S_TX
<3>[   13.585993] msm-pcm-routing soc:qcom,msm-pcm-routing: ASoC: Failed to add route BE_IN -> direct -> SENARY_MI2S_TX
<3>[   13.720595] msm-pcm-routing soc:qcom,msm-pcm-routing: ASoC: mux SLIM_0_RX AANC MUX has no paths
<4>[   13.832405] aic3x init success
<3>[   13.838948] msm-dai-stub-dev soc:qcom,msm-dai-stub:qcom,msm-dai-stub-dtmf-tx: ASoC: no sink widget found for STUB_DTMF_TX
<3>[   13.839010] msm-dai-stub-dev soc:qcom,msm-dai-stub:qcom,msm-dai-stub-dtmf-tx: ASoC: Failed to add route DTMF TX -> direct -> STUB_DTMF_TX
<3>[   13.839121] msm-dai-stub-dev soc:qcom,msm-dai-stub:qcom,msm-dai-stub-host-rx-capture-tx: ASoC: no sink widget found for STUB_HOST_RX_CAPTURE_TX
<3>[   13.839171] msm-dai-stub-dev soc:qcom,msm-dai-stub:qcom,msm-dai-stub-host-rx-capture-tx: ASoC: Failed to add route CS-VOICE HOST RX CAPTURE -> direct -> STUB_HOST_RX_CAPTURE_TX
<3>[   13.839280] msm-dai-stub-dev soc:qcom,msm-dai-stub:qcom,msm-dai-stub-host-rx-playback-rx: ASoC: no source widget found for STUB_HOST_RX_PLAYBACK_RX
<3>[   13.839331] msm-dai-stub-dev soc:qcom,msm-dai-stub:qcom,msm-dai-stub-host-rx-playback-rx: ASoC: Failed to add route STUB_HOST_RX_PLAYBACK_RX -> direct -> CS-VOICE HOST RX PLAYBACK
<3>[   13.839441] msm-dai-stub-dev soc:qcom,msm-dai-stub:qcom,msm-dai-stub-host-tx-capture-tx: ASoC: no sink widget found for STUB_HOST_TX_CAPTURE_TX
<3>[   13.839491] msm-dai-stub-dev soc:qcom,msm-dai-stub:qcom,msm-dai-stub-host-tx-capture-tx: ASoC: Failed to add route CS-VOICE HOST TX CAPTURE -> direct -> STUB_HOST_TX_CAPTURE_TX
<3>[   13.839598] msm-dai-stub-dev soc:qcom,msm-dai-stub:qcom,msm-dai-stub-host-tx-playback-rx: ASoC: no source widget found for STUB_HOST_TX_PLAYBACK_RX
<3>[   13.839648] msm-dai-stub-dev soc:qcom,msm-dai-stub:qcom,msm-dai-stub-host-tx-playback-rx: ASoC: Failed to add route STUB_HOST_TX_PLAYBACK_RX -> direct -> CS-VOICE HOST TX PLAYBACK
<3>[   13.853028] mdm9607-asoc-snd soc:sound: ASoC: no sink widget found for MIC_IN
<3>[   13.853078] mdm9607-asoc-snd soc:sound: ASoC: Failed to add route Mic Bias -> direct -> MIC_IN
<12>[   14.363556] embms:start/load
<6>[   15.586868] msm_thermal:set_enabled enabled = 0
<12>[   15.720084] USB QCMAP NL IOCTL Snd GETNEIGH Succ
<5>[   15.871927] random: lighttpd urandom read with 65 bits of entropy available
<6>[   15.914818] sps:BAM 0x04044000 is registered.
<6>[   15.915094] sps:BAM 0x04044000 (va:0xd1f60000) enabled: ver:0x27, number of pipes:6
<12>[   17.000254] eMBMs Tunneling Module:start
<6>[   17.165191] msm_otg 78d9000.usb: Avail curr from USB = 2
<6>[   17.165267] msm_hsusb msm_hsusb: CI13XXX_CONTROLLER_SUSPEND_EVENT received
<6>[   17.165362] android_work: android_work: sent uevent USB_STATE=SUSPENDED
<3>[   17.204311] [RMNET:HI] rmnet_config_notify_cb(): Kernel is trying to unregister rndis0
<3>[   17.284828] [RMNET:HI] rmnet_config_notify_cb(): Kernel is trying to unregister rndis0
<6>[   17.285295] read descriptors
<6>[   17.285335] read strings
<6>[   17.285394] rndis_function_bind_config: rndis_function_bind_config MAC: 3E:ED:D1:63:AB:40
<4>[   17.285492] android_usb gadget: using random self ethernet address
<4>[   17.285523] android_usb gadget: using previous host ethernet address
<6>[   17.287891] rndis0: MAC 16:ba:0b:a7:78:e5
<6>[   17.287933] rndis0: HOST MAC 3e:ed:d1:63:ab:40
<6>[   17.288119] msm_hsusb msm_hsusb: CI13XXX_CONTROLLER_CONNECT_EVENT received
<6>[   17.516349] IPv6: ADDRCONF(NETDEV_UP): rndis0: link is not ready
<12>[   17.543285] USB QCMAP NL IOCTL Snd GETNEIGH Succ
<6>[   17.672724] device rndis0 entered promiscuous mode
<6>[   17.673536] bridge0: port 1(rndis0) entered forwarding state
<6>[   17.673634] bridge0: port 1(rndis0) entered forwarding state
<12>[   17.991550] QCMAP:Start DHCP server
<12>[   18.001955] Shortcut_FE_IPV4:start/load
<12>[   18.060190] Shortcut_FE_IPV6:start/load
<12>[   18.145205] Shortcut_FE_CM:start/load
<6>[   18.186402] bridge0: port 1(rndis0) entered disabled state
<12>[   18.568724] QCMAP:DHCP server started
<12>[   18.579285] QCMAP:DHCP server started
<12>[   18.892860] QCMAP:Init Complete
<12>[   19.198986] USB QCMAP NL IOCTL Snd GETNEIGH Succ
<6>[   19.289426] msm_otg 78d9000.usb: USB in low power mode
<12>[   19.788720] QTI_PPP:start
<12>[   20.913025] mbimd: Proc start
<6>[   20.964126] mbim_open: Open mbim driver
<6>[   20.964168] mbim_open: Lock mbim_dev->open_excl for open
<3>[   20.964192] mbim_open: USB cable not connected
<6>[   20.964214] mbim_open: Exit, mbim file opened
<6>[   22.407548] msm_otg 78d9000.usb: USB exited from low power mode
<4>[   22.407599] double_line usb sending USB_RESUME_ message to netlink_app
<6>[   22.524086] msm_hsusb msm_hsusb: CI13XXX_CONTROLLER_RESUME_EVENT received
<6>[   22.524205] msm_otg 78d9000.usb: Avail curr from USB = 100
<6>[   22.524579] android_work: android_work: sent uevent USB_STATE=DISCONNECTED
<6>[   22.615450] android_work: android_work: sent uevent USB_STATE=CONNECTED
<6>[   22.619819] android_work: android_work: sent uevent USB_STATE=DISCONNECTED
<6>[   22.725763] android_work: android_work: sent uevent USB_STATE=CONNECTED
<6>[   22.868313] android_usb gadget: high-speed config #1: 86000c8.android_usb
<6>[   22.868857] msm_otg 78d9000.usb: Avail curr from USB = 500
<6>[   22.868996] IPv6: ADDRCONF(NETDEV_CHANGE): rndis0: link becomes ready
<6>[   22.869247] bridge0: port 1(rndis0) entered forwarding state
<6>[   22.869337] bridge0: port 1(rndis0) entered forwarding state
<6>[   22.924317] android_work: android_work: sent uevent USB_STATE=CONFIGURED
<12>[   22.928768] QTI:Processing LINK_UP
<12>[   22.958036] QTI:Enable mobileap
<12>[   22.962010] QTI:RNDIS mode
<12>[   22.968389] QCMAP:Enable mobileap
<12>[   22.980947] QTI:LINK_UP message posted
<6>[   23.312332] msm_hsl_set_baud_rate: setting uartclk rate 7372800
<6>[   23.312503] msm_hsl_set_baud_rate: setting uartclk rate 7372800
<6>[   23.312589] msm_hsl_set_baud_rate: setting uartclk rate 7372800
<12>[   23.572650] QCMAP:Enable mobileap done
<12>[   23.585682] QTI:Setup TETHERED link
<12>[   24.956387] QTI:LINK_UP Processed
<5>[   27.745241] random: nonblocking pool is initialized
<6>[   29.119537] msm_otg 78d9000.usb: Avail curr from USB = 2
<6>[   29.119610] msm_hsusb msm_hsusb: CI13XXX_CONTROLLER_SUSPEND_EVENT received
<6>[   29.119758] android_work: android_work: sent uevent USB_STATE=SUSPENDED
<6>[   29.119835] bridge0: port 1(rndis0) entered disabled state
<6>[   29.125297] bridge0: port 1(rndis0) entered disabled state
<6>[   29.128511] device rndis0 left promiscuous mode
<6>[   29.130436] bridge0: port 1(rndis0) entered disabled state
<3>[   29.134215] [RMNET:HI] rmnet_config_notify_cb(): Kernel is trying to unregister rndis0
<3>[   29.174356] [RMNET:HI] rmnet_config_notify_cb(): Kernel is trying to unregister rndis0
<6>[   29.174865] read descriptors
<6>[   29.174908] read strings
<6>[   29.174966] rndis_function_bind_config: rndis_function_bind_config MAC: 3E:ED:D1:63:AB:40
<4>[   29.175061] android_usb gadget: using random self ethernet address
<4>[   29.175093] android_usb gadget: using previous host ethernet address
<6>[   29.177332] rndis0: MAC c2:d8:ae:cd:02:a8
<6>[   29.177375] rndis0: HOST MAC 3e:ed:d1:63:ab:40
<6>[   29.177583] msm_hsusb msm_hsusb: CI13XXX_CONTROLLER_CONNECT_EVENT received
<12>[   29.285020] QTI:Processing LINK_DOWN
<12>[   29.288243] QTI:LINK_DOWN message posted
<12>[   29.320567] QTI:TETHERED link down
<6>[   29.504186] msm_hsusb msm_hsusb: CI13XXX_CONTROLLER_RESUME_EVENT received
<6>[   29.504320] msm_otg 78d9000.usb: Avail curr from USB = 100
<6>[   29.504703] android_work: android_work: sent uevent USB_STATE=DISCONNECTED
<6>[   29.595069] android_work: android_work: sent uevent USB_STATE=CONNECTED
<6>[   29.599908] android_work: android_work: sent uevent USB_STATE=DISCONNECTED
<6>[   29.704980] android_work: android_work: sent uevent USB_STATE=CONNECTED
<6>[   29.771257] android_usb gadget: high-speed config #1: 86000c8.android_usb
<6>[   29.771513] msm_otg 78d9000.usb: Avail curr from USB = 500
<6>[   29.824276] android_work: android_work: sent uevent USB_STATE=CONFIGURED
<12>[   30.063859] QCMAP:Start DHCP server
[1980-01-06 08:00:17]<6>[    0.000000] Booting Linux on physical CPU 0x0
<6>[    0.000000] Initializing cgroup subsys cpu
<6>[    0.000000] Initializing cgroup subsys cpuacct
<5>[    0.000000] Linux version 3.18.20 (dfsk516L-19@server) (gcc version 4.9.2 (GCC) ) #1 PREEMPT Thu Oct 31 14:35:40 CST 2019
<6>[    0.000000] CPU: ARMv7 Processor [410fc075] revision 5 (ARMv7), cr=10c53c7d
<6>[    0.000000] CPU: PIPT / VIPT nonaliasing data cache, VIPT aliasing instruction cache
<6>[    0.000000] Machine model: Qualcomm Technologies, Inc. MDM 9607 MTP
<6>[    0.000000] Early serial console at I/O port 0x0 (options '')
<6>[    0.000000] bootconsole [uart0] enabled
<6>[    0.000000] Reserved memory: reserved region for node 'modem_adsp_region@0': base 0x82a00000, size 80 MiB
<6>[    0.000000] Reserved memory: reserved region for node 'cnss_debug_region@0': base 0x87a00000, size 2 MiB
<6>[    0.000000] Reserved memory: reserved region for node 'external_image_region@0': base 0x87c00000, size 4 MiB
<6>[    0.000000] Removed memory: created DMA memory pool at 0x82a00000, size 80 MiB
<6>[    0.000000] Reserved memory: initialized node modem_adsp_region@0, compatible id removed-dma-pool
<6>[    0.000000] Removed memory: created DMA memory pool at 0x87a00000, size 2 MiB
<6>[    0.000000] Reserved memory: initialized node cnss_debug_region@0, compatible id removed-dma-pool
<6>[    0.000000] Removed memory: created DMA memory pool at 0x87c00000, size 4 MiB
<6>[    0.000000] Reserved memory: initialized node external_image_region@0, compatible id removed-dma-pool
<6>[    0.000000] Reserved memory: allocated memory for 'audio_region@0' node: base 0x8fc00000, size 4 MiB
<6>[    0.000000] Reserved memory: created CMA memory pool at 0x8fc00000, size 4 MiB
<6>[    0.000000] Reserved memory: initialized node audio_region@0, compatible id shared-dma-pool
<6>[    0.000000] cma: Reserved 4 MiB at 0x8f800000
<6>[    0.000000] Memory policy: Data cache writeback
<7>[    0.000000] On node 0 totalpages: 64000
<7>[    0.000000] free_area_init_node: node 0, pgdat c0d0c84c, node_mem_map cf58e000
<7>[    0.000000]   Normal zone: 576 pages used for memmap
<7>[    0.000000]   Normal zone: 0 pages reserved
<7>[    0.000000]   Normal zone: 64000 pages, LIFO batch:15
<6>[    0.000000] CPU: All CPU(s) started in SVC mode.
<7>[    0.000000] pcpu-alloc: s0 r0 d32768 u32768 alloc=1*32768
<7>[    0.000000] pcpu-alloc: [0] 0 
<4>[    0.000000] Built 1 zonelists in Zone order, mobility grouping on.  Total pages: 63424
<5>[    0.000000] Kernel command line: noinitrd ro androidboot.hardware=qcom ehci-hcd.park=3 msm_rtb.filter=0x37 lpm_levels.sleep_disabled=1  earlycon=msm_hsl_uart,0x78b3000  androidboot.serialno=5b47b7c1 androidboot.authorized_kernel=true androidboot.baseband=msm rootfstype=ubifs rootflags=bulk_read root=ubi0:rootfs ubi.mtd=13
<6>[    0.000000] PID hash table entries: 1024 (order: 0, 4096 bytes)
<6>[    0.000000] Dentry cache hash table entries: 32768 (order: 5, 131072 bytes)
<6>[    0.000000] Inode-cache hash table entries: 16384 (order: 4, 65536 bytes)
<4>[    0.000000] Memory: 147776K/256000K available (8577K kernel code, 842K rwdata, 3856K rodata, 340K init, 1406K bss, 108224K reserved)
<5>[    0.000000] Virtual kernel memory layout:
<5>[    0.000000]     vector  : 0xffff0000 - 0xffff1000   (   4 kB)
<5>[    0.000000]     fixmap  : 0xffc00000 - 0xfff00000   (3072 kB)
<5>[    0.000000]     vmalloc : 0xd0800000 - 0xff000000   ( 744 MB)
<5>[    0.000000]     lowmem  : 0xc0000000 - 0xd0000000   ( 256 MB)
<5>[    0.000000]     modules : 0xbf000000 - 0xc0000000   (  16 MB)
<5>[    0.000000]       .text : 0xc0008000 - 0xc0c2c91c   (12435 kB)
<5>[    0.000000]       .init : 0xc0c2d000 - 0xc0c82000   ( 340 kB)
<5>[    0.000000]       .data : 0xc0c82000 - 0xc0d54ba0   ( 843 kB)
<5>[    0.000000]        .bss : 0xc0d54c64 - 0xc0eb45c0   (1407 kB)
<6>[    0.000000] SLUB: HWalign=64, Order=0-3, MinObjects=0, CPUs=1, Nodes=1
<6>[    0.000000] Preemptible hierarchical RCU implementation.
<6>[    0.000000] NR_IRQS:16 nr_irqs:16 16
<2>[    0.000000] GIC CPU mask not found - kernel will fail to boot.
<2>[    0.000000] GIC CPU mask not found - kernel will fail to boot.
<4>[    0.000000] mpm_init_irq_domain(): Cannot find irq controller for qcom,gpio-parent
<3>[    0.000000] MPM 1 irq mapping errored -517
<6>[    0.000000] Architected mmio timer(s) running at 19.20MHz (virt).
<6>[    0.000010] sched_clock: 56 bits at 19MHz, resolution 52ns, wraps every 3579139424256ns
<6>[    0.007975] Switching to timer-based delay loop, resolution 52ns
<6>[    0.013968] Switched to clocksource arch_mem_counter
<6>[    0.019724] Console: colour dummy device 80x30
<6>[    0.023338] console [tty0] enabled
<6>[    0.026762] bootconsole [uart0] disabled
<6>[    0.030636] Calibrating delay loop (skipped), value calculated using timer frequency.. 38.40 BogoMIPS (lpj=192000)
<6>[    0.030674] pid_max: default: 32768 minimum: 301
<6>[    0.030892] Mount-cache hash table entries: 1024 (order: 0, 4096 bytes)
<6>[    0.030931] Mountpoint-cache hash table entries: 1024 (order: 0, 4096 bytes)
<6>[    0.031796] Initializing cgroup subsys freezer
<6>[    0.031862] CPU: Testing write buffer coherency: ok
<6>[    0.032405] Setting up static identity map for 0x8082d370 - 0x8082d3c8
<4>[    0.033672] 
<4>[    0.033672] **********************************************************
<4>[    0.033714] **   NOTICE NOTICE NOTICE NOTICE NOTICE NOTICE NOTICE   **
<4>[    0.033735] **                                                      **
<4>[    0.033757] ** trace_printk() being used. Allocating extra memory.  **
<4>[    0.033778] **                                                      **
<4>[    0.033799] ** This means that this is a DEBUG kernel and it is     **
<4>[    0.033821] ** unsafe for produciton use.                           **
<4>[    0.033842] **                                                      **
<4>[    0.033863] ** If you see this message and you are not debugging    **
<4>[    0.033884] ** the kernel, report this immediately to your vendor!  **
<4>[    0.033905] **                                                      **
<4>[    0.033926] **   NOTICE NOTICE NOTICE NOTICE NOTICE NOTICE NOTICE   **
<4>[    0.033947] **********************************************************
<6>[    0.061009] MSM Memory Dump base table set up
<6>[    0.061107] MSM Memory Dump apps data table set up
<6>[    0.071782] VFP support v0.3: implementor 41 architecture 2 part 30 variant 7 rev 5
<6>[    0.079273] pinctrl core: initialized pinctrl subsystem
<6>[    0.079837] regulator-dummy: no parameters
<6>[    0.111636] NET: Registered protocol family 16
<6>[    0.123496] DMA: preallocated 256 KiB pool for atomic coherent allocations
<6>[    0.184033] cpuidle: using governor ladder
<6>[    0.214022] cpuidle: using governor menu
<6>[    0.244024] cpuidle: using governor qcom
<6>[    0.253432] msm_watchdog b017000.qcom,wdt: wdog absent resource not present
<6>[    0.253862] msm_watchdog b017000.qcom,wdt: MSM Watchdog Initialized
<3>[    0.263413] spmi_pmic_arb 200f000.qcom,spmi: PMIC Arb Version-2 0x20010000
<6>[    0.266481] platform 4080000.qcom,mss: assigned reserved memory node modem_adsp_region@0
<4>[    0.267286] irq: no irq domain found for /soc/pinctrl@1000000 !
<6>[    0.267858] mem_acc_corner: 0 <--> 0 mV 
<6>[    0.268964] hw-breakpoint: found 5 (+1 reserved) breakpoint and 4 watchpoint registers.
<6>[    0.269006] hw-breakpoint: maximum watchpoint size is 8 bytes.
<7>[    0.269985] gpiochip_add: registered GPIOs 0 to 79 on device: 1000000.pinctrl
<7>[    0.270011] GPIO chip 1000000.pinctrl: created GPIO range 0->79 ==> 1000000.pinctrl PIN 0->79
<4>[    0.270644] __of_mpm_init(): MPM driver mapping exists
<4>[    0.271270] msm_rpm_glink_dt_parse: qcom,rpm-glink compatible not matches
<6>[    0.271317] msm_rpm_dev_probe: APSS-RPM communication over SMD
<3>[    0.272009] msm_mpm_dev_probe(): Cannot get clk resource for XO: -517
<3>[    0.274725] smd_channel_probe_now: allocation table not initialized
<6>[    0.277164] mdm9607_s1: 1050 <--> 1350 mV at 1225 mV normal idle 
<6>[    0.277419] spm_regulator_probe: name=mdm9607_s1, range=LV, voltage=1225000 uV, mode=AUTO, step rate=4800 uV/us
<6>[    0.278004] cpr_efuse_init: apc_corner: efuse_addr = 0x000a4000 (len=0x1000)
<6>[    0.278077] cpr_read_fuse_revision: apc_corner: fuse revision = 2
<6>[    0.278113] cpr_parse_speed_bin_fuse: apc_corner: [row: 37]: 0x41d15d325b47b7c1, speed_bits = 4
<6>[    0.278220] cpr_pvs_init: apc_corner: pvs voltage: [1050000 1100000 1250000] uV
<6>[    0.278257] cpr_pvs_init: apc_corner: ceiling voltage: [1050000 1225000 1350000] uV
<6>[    0.278291] cpr_pvs_init: apc_corner: floor voltage: [1050000 1050000 1150000] uV
<6>[    0.279023] i2c-msm-v2 78b8000.i2c: probing driver i2c-msm-v2
<3>[    0.279125] i2c-msm-v2 78b8000.i2c: error on clk_get(core_clk):-517
<3>[    0.279160] i2c-msm-v2 78b8000.i2c: error probe() failed with err:-517
<6>[    0.282220] msm-thermal soc:qcom,msm-thermal: msm_thermal:Failed reading node=/soc/qcom,msm-thermal, key=qcom,core-limit-temp. err=-22. KTM continues
<6>[    0.282295] msm-thermal soc:qcom,msm-thermal: probe_therm_reset:Failed reading node=/soc/qcom,msm-thermal, key=qcom,therm-reset-temp err=-22. KTM continues
<3>[    0.282344] msm_thermal:get_kernel_cluster_info CPU0 topology not initialized.
<6>[    0.282424] msm_thermal:vdd_restriction_reg_init Defer regulator vdd-dig probe
<3>[    0.282457] msm_thermal:probe_vdd_rstr Err regulator init. err:-517. KTM continues.
<6>[    0.282494] msm-thermal soc:qcom,msm-thermal: probe_vdd_rstr:Failed reading node=/soc/qcom,msm-thermal, key=qcom,max-freq-level. err=-517. KTM continues
<3>[    0.282540] msm_thermal:msm_thermal_dev_probe Failed reading node=/soc/qcom,msm-thermal, key=qcom,online-hotplug-core. err:-517
<6>[    0.284403] sps:sps is ready.
<4>[    0.286722] msm_rpm_glink_dt_parse: qcom,rpm-glink compatible not matches
<6>[    0.286768] msm_rpm_dev_probe: APSS-RPM communication over SMD
<6>[    0.287835] mdm9607_s2: 750 <--> 1275 mV at 750 mV normal idle 
<6>[    0.288792] mdm9607_s3_level: 0 <--> 0 mV at 0 mV normal idle 
<6>[    0.289420] mdm9607_s3_level_ao: 0 <--> 0 mV at 0 mV normal idle 
<6>[    0.290069] mdm9607_s3_floor_level: 0 <--> 0 mV at 0 mV normal idle 
<6>[    0.290680] mdm9607_s3_level_so: 0 <--> 0 mV at 0 mV normal idle 
<6>[    0.291510] mdm9607_s4: 1800 <--> 1950 mV at 1800 mV normal idle 
<6>[    0.292362] mdm9607_l1: 1250 mV normal idle 
<6>[    0.293226] mdm9607_l2: 1800 mV normal idle 
<6>[    0.294340] mdm9607_l3: 1800 mV normal idle 
<6>[    0.295269] mdm9607_l4: 3075 mV normal idle 
<6>[    0.296151] mdm9607_l5: 1700 <--> 3050 mV at 1700 mV normal idle 
<6>[    0.297018] mdm9607_l6: 1700 <--> 3050 mV at 1700 mV normal idle 
<6>[    0.297828] mdm9607_l7: 1700 <--> 1900 mV at 1700 mV normal idle 
<6>[    0.298632] mdm9607_l8: 1800 mV normal idle 
<6>[    0.299444] mdm9607_l9: 1200 <--> 1250 mV at 1200 mV normal idle 
<6>[    0.300279] mdm9607_l10: 1050 mV normal idle 
<6>[    0.301110] mdm9607_l11: 1800 mV normal idle 
<6>[    0.301921] mdm9607_l12_level: 0 <--> 0 mV at 0 mV normal idle 
<6>[    0.302563] mdm9607_l12_level_ao: 0 <--> 0 mV at 0 mV normal idle 
<6>[    0.303142] mdm9607_l12_level_so: 0 <--> 0 mV at 0 mV normal idle 
<6>[    0.303776] mdm9607_l12_floor_lebel: 0 <--> 0 mV at 0 mV normal idle 
<6>[    0.304838] mdm9607_l13: 1800 <--> 2850 mV at 2850 mV normal idle 
<6>[    0.305685] mdm9607_l14: 2650 <--> 3000 mV at 2650 mV normal idle 
<3>[    0.305988] msm_mpm_dev_probe(): Cannot get clk resource for XO: -517
<6>[    0.306316] cpr_efuse_init: apc_corner: efuse_addr = 0x000a4000 (len=0x1000)
<6>[    0.306389] cpr_read_fuse_revision: apc_corner: fuse revision = 2
<6>[    0.306423] cpr_parse_speed_bin_fuse: apc_corner: [row: 37]: 0x41d15d325b47b7c1, speed_bits = 4
<6>[    0.306532] cpr_pvs_init: apc_corner: pvs voltage: [1050000 1100000 1250000] uV
<6>[    0.306568] cpr_pvs_init: apc_corner: ceiling voltage: [1050000 1225000 1350000] uV
<6>[    0.306602] cpr_pvs_init: apc_corner: floor voltage: [1050000 1050000 1150000] uV
<6>[    0.306863] cpr_init_cpr_parameters: apc_corner: up threshold = 0, down threshold = 2
<6>[    0.306921] cpr_init_cpr_parameters: apc_corner: CPR is disabled by default.
<6>[    0.306971] cpr_init_cpr_efuse: apc_corner: [row:65] = 0x15400291291389
<6>[    0.307010] cpr_init_cpr_efuse: apc_corner: CPR disable fuse = 0
<6>[    0.307039] cpr_init_cpr_efuse: apc_corner: Corner[1]: ro_sel = 0, target quot = 657
<6>[    0.307073] cpr_init_cpr_efuse: apc_corner: Corner[2]: ro_sel = 0, target quot = 657
<6>[    0.307106] cpr_init_cpr_efuse: apc_corner: Corner[3]: ro_sel = 0, target quot = 905
<6>[    0.307307] cpr_config: apc_corner: Timer count: 0x17700 (for 5000 us)
<6>[    0.307891] apc_corner: 0 <--> 0 mV 
<6>[    0.308479] i2c-msm-v2 78b8000.i2c: probing driver i2c-msm-v2
<3>[    0.308582] i2c-msm-v2 78b8000.i2c: error on clk_get(core_clk):-517
<3>[    0.308619] i2c-msm-v2 78b8000.i2c: error probe() failed with err:-517
<6>[    0.309165] msm-thermal soc:qcom,msm-thermal: msm_thermal:Failed reading node=/soc/qcom,msm-thermal, key=qcom,core-limit-temp. err=-22. KTM continues
<6>[    0.309233] msm-thermal soc:qcom,msm-thermal: probe_therm_reset:Failed reading node=/soc/qcom,msm-thermal, key=qcom,therm-reset-temp err=-22. KTM continues
<3>[    0.309281] msm_thermal:get_kernel_cluster_info CPU0 topology not initialized.
<3>[    0.309760] cpu cpu0: dev_pm_opp_get_opp_count: device OPP not found (-19)
<3>[    0.309798] msm_thermal:get_cpu_freq_plan_len Error reading CPU0 freq table len. error:-19
<6>[    0.309830] msm_thermal:vdd_restriction_reg_init Defer vdd rstr freq init.
<3>[    0.310212] cpu cpu0: dev_pm_opp_get_opp_count: device OPP not found (-19)
<3>[    0.310247] msm_thermal:get_cpu_freq_plan_len Error reading CPU0 freq table len. error:-19
<3>[    0.310282] cpu cpu0: dev_pm_opp_get_opp_count: device OPP not found (-19)
<3>[    0.310308] msm_thermal:get_cpu_freq_plan_len Error reading CPU0 freq table len. error:-19
<6>[    0.320591] qcom,gcc-mdm9607 1800000.qcom,gcc: Registered GCC clocks
<6>[    0.321068] clock-a7 b010008.qcom,clock-a7: Speed bin: 4 PVS Version: 0
<6>[    0.321180] a7ssmux: set OPP pair(806400000 Hz: 2 uV) on cpu0
<6>[    0.321233] a7ssmux: set OPP pair(1305600000 Hz: 7 uV) on cpu0
<6>[    0.322877] i2c-msm-v2 78b8000.i2c: probing driver i2c-msm-v2
<3>[    0.322995] AXI: msm_bus_scale_register_client(): msm_bus_scale_register_client: Bus driver not ready.
<6>[    0.323037] i2c-msm-v2 78b8000.i2c: msm_bus_scale_register_client(mstr-id:86):0 (not a problem)
<7>[    0.385955] gpiochip_find_base: found new base at 1018
<7>[    0.386127] gpiochip_add: registered GPIOs 1018 to 1023 on device: pm8019-gpio
<7>[    0.386423] qcom,qpnp-pin qpnp-pin-6: qpnp_pin_probe: gpio_chip registered between 1018-1023
<7>[    0.386601] gpiochip_find_base: found new base at 1012
<7>[    0.386744] gpiochip_add: registered GPIOs 1012 to 1017 on device: pm8019-mpp
<7>[    0.387177] qcom,qpnp-pin qpnp-pin-7: qpnp_pin_probe: gpio_chip registered between 1012-1017
<6>[    0.387485] KPI: Bootloader start count = 20737
<6>[    0.387521] KPI: Bootloader end count = 60791
<6>[    0.387544] KPI: Bootloader display count = 8301263
<6>[    0.387567] KPI: Bootloader load kernel count = 29220
<6>[    0.387590] KPI: Kernel MPM timestamp = 101241
<6>[    0.387612] KPI: Kernel MPM Clock frequency = 32768
<6>[    0.387659] socinfo_print: v0.10, id=290, ver=1.0, raw_id=74, raw_ver=0, hw_plat=8, hw_plat_ver=65536
<6>[    0.387659]  accessory_chip=0, hw_plat_subtype=0, pmic_model=65539, pmic_die_revision=131074 foundry_id=0 serial_number=1531426753
<7>[    0.388159] of_get_named_gpiod_flags: parsed 'gpio' property of node '/soc/sdcard_ext_vreg[0]' - status (0)
<6>[    0.388397] sdcard_ext_vreg: no parameters
<7>[    0.388657] of_get_named_gpiod_flags: parsed 'gpio' property of node '/soc/rome_vreg[0]' - status (0)
<6>[    0.388859] rome_vreg: no parameters
<7>[    0.389080] of_get_named_gpiod_flags: parsed 'gpio' property of node '/soc/emac_lan_vreg[0]' - status (0)
<6>[    0.389289] emac_lan_vreg: no parameters
<5>[    0.390606] SCSI subsystem initialized
<6>[    0.390858] usbcore: registered new interface driver usbfs
<6>[    0.390991] usbcore: registered new interface driver hub
<6>[    0.391240] usbcore: registered new device driver usb
<6>[    0.392652] cpufreq: driver msm up and running
<6>[    0.393380] platform soc:qcom,ion:qcom,ion-heap@28: assigned reserved memory node audio_region@0
<6>[    0.393891] ION heap system created
<6>[    0.394249] ION heap audio created at 0x8fc00000 with size 400000
<3>[    0.394753] msm_bus_fabric_init_driver
<6>[    0.406487] qcom,qpnp-power-on qpnp-power-on-1: PMIC@SID0 Power-on reason: Triggered from Hard Reset and 'cold' boot
<6>[    0.406560] qcom,qpnp-power-on qpnp-power-on-1: PMIC@SID0: Power-off reason: Triggered from PS_HOLD (PS_HOLD/MSM controlled shutdown)
<6>[    0.406980] input: qpnp_pon as /devices/virtual/input/input0
<6>[    0.408021] PMIC@SID0: PM8019 v2.2 options: 3, 2, 2, 2
<6>[    0.409694] Advanced Linux Sound Architecture Driver Initialized.
<6>[    0.410701] Bluetooth: Core ver 2.19
<6>[    0.410793] NET: Registered protocol family 31
<6>[    0.410821] Bluetooth: HCI device and connection manager initialized
<6>[    0.410860] Bluetooth: HCI socket layer initialized
<6>[    0.410893] Bluetooth: L2CAP socket layer initialized
<6>[    0.410948] Bluetooth: SCO socket layer initialized
<6>[    0.411375] cfg80211: Calling CRDA to update world regulatory domain
<6>[    0.411439] cfg80211: World regulatory domain updated:
<6>[    0.411465] cfg80211:  DFS Master region: unset
<6>[    0.411485] cfg80211:   (start_freq - end_freq @ bandwidth), (max_antenna_gain, max_eirp), (dfs_cac_time)
<6>[    0.411529] cfg80211:   (2402000 KHz - 2472000 KHz @ 40000 KHz), (N/A, 2000 mBm), (N/A)
<6>[    0.411565] cfg80211:   (2457000 KHz - 2482000 KHz @ 40000 KHz), (N/A, 2000 mBm), (N/A)
<6>[    0.411599] cfg80211:   (2474000 KHz - 2494000 KHz @ 20000 KHz), (N/A, 2000 mBm), (N/A)
<6>[    0.411634] cfg80211:   (5170000 KHz - 5250000 KHz @ 80000 KHz), (N/A, 2000 mBm), (N/A)
<6>[    0.411669] cfg80211:   (5250000 KHz - 5330000 KHz @ 80000 KHz), (N/A, 2000 mBm), (N/A)
<6>[    0.411704] cfg80211:   (5490000 KHz - 5710000 KHz @ 80000 KHz), (N/A, 2000 mBm), (N/A)
<6>[    0.411738] cfg80211:   (5735000 KHz - 5835000 KHz @ 80000 KHz), (N/A, 2000 mBm), (N/A)
<6>[    0.411774] cfg80211:   (57240000 KHz - 63720000 KHz @ 2160000 KHz), (N/A, 0 mBm), (N/A)
<6>[    0.413154] Switched to clocksource arch_mem_counter
<6>[    0.455777] NET: Registered protocol family 2
<6>[    0.456754] TCP established hash table entries: 2048 (order: 1, 8192 bytes)
<6>[    0.456835] TCP bind hash table entries: 2048 (order: 1, 8192 bytes)
<6>[    0.456884] TCP: Hash tables configured (established 2048 bind 2048)
<6>[    0.457035] TCP: reno registered
<6>[    0.457074] UDP hash table entries: 256 (order: 0, 4096 bytes)
<6>[    0.457119] UDP-Lite hash table entries: 256 (order: 0, 4096 bytes)
<6>[    0.457377] NET: Registered protocol family 1
<6>[    0.460335] futex hash table entries: 256 (order: -1, 3072 bytes)
<6>[    0.473774] msgmni has been set to 304
<6>[    0.477113] Block layer SCSI generic (bsg) driver version 0.4 loaded (major 251)
<6>[    0.477171] io scheduler noop registered
<6>[    0.477201] io scheduler deadline registered
<6>[    0.477474] io scheduler cfq registered (default)
<7>[    0.477623] gpiochip_find_base: found new base at 980
<7>[    0.477787] gpiochip_add: registered GPIOs 980 to 1011 on device: smp2p
<7>[    0.478029] gpiochip_find_base: found new base at 948
<7>[    0.478177] gpiochip_add: registered GPIOs 948 to 979 on device: smp2p
<7>[    0.478234] gpiochip_find_base: found new base at 916
<7>[    0.478390] gpiochip_add: registered GPIOs 916 to 947 on device: smp2p
<7>[    0.478603] gpiochip_find_base: found new base at 884
<7>[    0.478760] gpiochip_add: registered GPIOs 884 to 915 on device: smp2p
<7>[    0.478819] gpiochip_find_base: found new base at 852
<7>[    0.478959] gpiochip_add: registered GPIOs 852 to 883 on device: slave-kernel
<7>[    0.479112] gpiochip_find_base: found new base at 852
<7>[    0.479256] gpiochip_add: registered GPIOs 852 to 883 on device: master-kernel
<5>[    0.486174] msm_rpm_log_probe: OK
<7>[    0.487505] of_get_named_gpiod_flags: parsed 'qcom,gpio-proxy-unvote' property of node '/soc/qcom,mss@4080000[0]' - status (-517)
<4>[    0.488209] gsm_init: loaded as 250,0.
<6>[    0.489029] msm_serial_hs module loaded
<6>[    0.489455] msm_hsl_dt_to_pdata: read config-gpio ret=-22
<6>[    0.489489] msm_hsl_dt_to_pdata: read config-gpio =0 start.
<6>[    0.489516] msm_serial_hsl_probe: detected port #0 (ttyHSL0)
<6>[    0.489569] msm_serial_hsl_probe: two_wire   func_mode:0
<3>[    0.489600] AXI: get_pdata(): Error: Client name not found
<3>[    0.489626] AXI: msm_bus_cl_get_pdata(): client has to provide missing entry for successful registration
<3>[    0.489660] msm_serial_hsl_probe: Bus scaling is disabled
<6>[    0.489843] 78b3000.serial: ttyHSL0 at MMIO 0x78b3000 (irq = 153, base_baud = 460800) is a MSM
<6>[    0.490408] msm_hsl_dt_to_pdata: read config-gpio ret=0
<6>[    0.490442] msm_hsl_dt_to_pdata: read config-gpio =4 start.
<7>[    0.490494] of_get_named_gpiod_flags: parsed 'qcom,tx-gpio' property of node '/soc/serial@78b1000[0]' - status (0)
<7>[    0.490521] of_get_named_gpiod_flags: parsed 'qcom,rx-gpio' property of node '/soc/serial@78b1000[0]' - status (0)
<6>[    0.490532] msm_hsl_dt_to_pdata: read config-gpio= ok
<7>[    0.490573] of_get_named_gpiod_flags: parsed 'qcom,cts-gpio' property of node '/soc/serial@78b1000[0]' - status (0)
<7>[    0.490598] of_get_named_gpiod_flags: parsed 'qcom,rfr-gpio' property of node '/soc/serial@78b1000[0]' - status (0)
<6>[    0.490612] msm_serial_hsl_probe: detected port #1 (ttyHSL1)
<6>[    0.490657] msm_serial_hsl_probe: four_wire   func_mode:1
<6>[    0.491046] 78b1000.serial: ttyHSL1 at MMIO 0x78b1000 (irq = 151, base_baud = 460800) is a MSM
<6>[    0.494611] msm_serial_hsl_init: driver initialized
<4>[    0.496115] [LS_RI]ri_init!
<4>[    0.496148] [LS_RI]gpio_uart_ri_probe!
<4>[    0.496182] frist request gpio ok LS_UART_RI_GPIO
<4>[    0.496208] allocate data to r_pme strcut
<4>[    0.496230] [LS_RI]:ls_ri_init    finish!!! 
<6>[    0.510512] tbox:+power_dev_init
<6>[    0.510588] tbox:gpio mpu_wake_mcu init start
<6>[    0.510778] tbox:gpio mpu_wake_mcu init success
<6>[    0.510807] tbox:gpio mcu_wake_mpu init start
<6>[    0.511437] tbox:gpio mcu_wake_mpu init success
<6>[    0.511470] tbox:gpio mcu_notify_mpu1 init start
<6>[    0.511651] tbox:gpio mcu_notify_mpu1 init success
<6>[    0.511678] tbox:gpio mcu_notify_mpu2 init start
<6>[    0.511830] tbox:gpio mcu_notify_mpu2 init success
<6>[    0.511860] tbox:gpio bt_host_wake init start
<6>[    0.512337] tbox:gpio bt_host_wake init success
<6>[    0.512371] tbox:gpio bt_dev_wake init start
<6>[    0.512578] tbox:gpio bt_dev_wake init success
<6>[    0.512610] tbox:gpio mpu_update init start
<6>[    0.512765] tbox:gpio mpu_update init success
<6>[    0.512793] tbox:gpio wlan_en init start
<6>[    0.512942] tbox:gpio wlan_en init success
<6>[    0.512970] tbox:-power_dev_init
<6>[    0.522518] brd: module loaded
<6>[    0.526844] loop: module loaded
<4>[    0.529831] ls_netlink_init.
<7>[    0.530694] lct_gpio_utility soc:lct,gpio-utility: lct_gpios_test_probe: OK
<4>[    0.531089] i2c-core: driver [tabla-i2c-core] using legacy suspend method
<4>[    0.531125] i2c-core: driver [tabla-i2c-core] using legacy resume method
<4>[    0.531346] i2c-core: driver [wcd9xxx-i2c-core] using legacy suspend method
<4>[    0.531377] i2c-core: driver [wcd9xxx-i2c-core] using legacy resume method
<4>[    0.531575] i2c-core: driver [tasha-i2c-core] using legacy suspend method
<4>[    0.531609] i2c-core: driver [tasha-i2c-core] using legacy resume method
<6>[    0.531906] SCSI Media Changer driver v0.25 
<3>[    0.536704] sps: BAM device 0x07984000 is not registered yet.
<6>[    0.537584] sps:BAM 0x07984000 is registered.
<6>[    0.537626] msm_nand_bam_init: msm_nand_bam_init: BAM device registered: bam_handle 0xceaa0000
<6>[    0.537989] sps:BAM 0x07984000 (va:0xd09a0000) enabled: ver:0x18, number of pipes:7
<6>[    0.540209] msm_nand_parse_smem_ptable: Parsing partition table info from SMEM
<6>[    0.540296] msm_nand_parse_smem_ptable: SMEM partition table found: ver: 4 len: 17
<6>[    0.540354] msm_nand_version_check: nand_major:1, nand_minor:5, qpic_major:1, qpic_minor:5
<3>[    0.540426] msm_nand_scan: missing page size info - extract from NAND ID
<6>[    0.540457] msm_nand_scan: NAND Id: 0x1590acad Buswidth: 8Bits Density: 512 MByte
<6>[    0.540491] msm_nand_scan: pagesize: 2048 Erasesize: 131072 oobsize: 64 (in Bytes)
<6>[    0.540521] msm_nand_scan: BCH ECC: 4 Bit
<6>[    0.540553] msm_nand_scan: CFG0: 0x2a0408c0,           CFG1: 0x0804745c
<6>[    0.540553]             RAWCFG0: 0x2c8400c0,        RAWCFG1: 0x0005055d
<6>[    0.540553]           ECCBUFCFG: 0x00000203,      ECCBCHCFG: 0x42040700
<6>[    0.540553]           RAWECCCFG: 0x42000701, BAD BLOCK BYTE: 0x000001d1
<5>[    0.540649] Creating 17 MTD partitions on "7980000.nand":
<5>[    0.540682] 0x000000000000-0x000000140000 : "sbl"
<5>[    0.541980] 0x000000140000-0x000000280000 : "mibib"
<5>[    0.543047] 0x000000280000-0x000000e80000 : "efs2"
<5>[    0.544129] 0x000000e80000-0x000001000000 : "tz"
<5>[    0.545166] 0x000001000000-0x000001140000 : "rpm"
<5>[    0.546207] 0x000001140000-0x000001280000 : "aboot"
<5>[    0.547247] 0x000001280000-0x000001a60000 : "boot"
<5>[    0.548322] 0x000001a60000-0x000001aa0000 : "scrub"
<5>[    0.549432] 0x000001aa0000-0x000005260000 : "modem"
<5>[    0.550531] 0x000005260000-0x0000053a0000 : "misc"
<5>[    0.551634] 0x0000053a0000-0x000005a80000 : "recovery"
<5>[    0.552651] 0x000005a80000-0x000005c00000 : "fota"
<5>[    0.553614] 0x000005c00000-0x000007a00000 : "recoveryfs"
<5>[    0.555074] 0x000007a00000-0x00000de00000 : "system"
<5>[    0.556173] 0x00000de00000-0x00000f200000 : "oeminfo"
<5>[    0.557213] 0x00000f200000-0x000015600000 : "system_b"
<5>[    0.558279] 0x000015600000-0x000020000000 : "vendor"
<6>[    0.559424] msm_nand_probe: NANDc phys addr 0x7980000, BAM phys addr 0x7984000, BAM IRQ 164
<6>[    0.559467] msm_nand_probe: Allocated DMA buffer at virt_addr 0xcf840000, phys_addr 0x8f840000
<6>[    0.563107] PPP generic driver version 2.4.2
<6>[    0.563398] PPP BSD Compression module registered
<6>[    0.563434] PPP Deflate Compression module registered
<6>[    0.563477] PPP MPPE Compression module registered
<6>[    0.563514] NET: Registered protocol family 24
<6>[    0.569562] cnss_configure_ramdump: ramdump addr: d2c00000, phys: 0x87a00000 subsys:'AR6320'
<6>[    0.570223] cnss_sdio 87a00000.qcom,cnss-sdio: CNSS SDIO Driver registered
<6>[    0.573545] msm_otg 78d9000.usb: msm_otg probe
<7>[    0.573977] of_get_named_gpiod_flags: can't parse 'qcom,hub-reset-gpio' property of node '/soc/usb@78d9000[0]'
<7>[    0.574094] of_get_named_gpiod_flags: can't parse 'qcom,sw-sel-gpio' property of node '/soc/usb@78d9000[0]'
<7>[    0.574149] of_get_named_gpiod_flags: parsed 'qcom,usbid-gpio' property of node '/soc/usb@78d9000[0]' - status (0)
<7>[    0.574179] of_get_named_gpiod_flags: can't parse 'qcom,hsusb-otg-vddmin-gpio' property of node '/soc/usb@78d9000[0]'
<6>[    0.575867] msm_otg 78d9000.usb: OTG regs = d08ee000
<6>[    0.581882] ehci_hcd: USB 2.0 'Enhanced' Host Controller (EHCI) Driver
<6>[    0.582290] ehci-msm: Qualcomm On-Chip EHCI Host Controller
<6>[    0.582761] usbcore: registered new interface driver cdc_acm
<6>[    0.582793] cdc_acm: USB Abstract Control Model driver for USB modems and ISDN adapters
<6>[    0.582933] usbcore: registered new interface driver usb-storage
<6>[    0.583026] usbcore: registered new interface driver ums-alauda
<6>[    0.583111] usbcore: registered new interface driver ums-cypress
<6>[    0.583200] usbcore: registered new interface driver ums-datafab
<6>[    0.583289] usbcore: registered new interface driver ums-freecom
<6>[    0.583376] usbcore: registered new interface driver ums-isd200
<6>[    0.583465] usbcore: registered new interface driver ums-jumpshot
<6>[    0.583571] usbcore: registered new interface driver ums-karma
<6>[    0.583664] usbcore: registered new interface driver ums-onetouch
<6>[    0.583767] usbcore: registered new interface driver ums-sddr09
<6>[    0.583856] usbcore: registered new interface driver ums-sddr55
<6>[    0.583941] usbcore: registered new interface driver ums-usbat
<6>[    0.585797] gbridge_init: gbridge_init successs.
<6>[    0.587915] qcom,qpnp-rtc qpnp-rtc-5: rtc core: registered qpnp_rtc as rtc0
<6>[    0.588310] msm_otg 78d9000.usb: phy_reset: success
<6>[    0.588475] i2c /dev entries driver
<3>[    0.589610] unable to find DT imem DLOAD mode node
<3>[    0.589994] unable to find DT imem EDLOAD mode node
<3>[    0.590336] unable to find DT imem dload-type node
<6>[    0.613780] Bluetooth: HCI UART driver ver 2.2
<6>[    0.613823] Bluetooth: HCI H4 protocol initialized
<6>[    0.613847] Bluetooth: HCI_IBS protocol initialized
<7>[    0.614113] of_get_named_gpiod_flags: parsed 'qca,bt-reset-gpio' property of node '/bt_qca6174[0]' - status (0)
<6>[    0.614133] bt_dt_parse_vreg_info: qca,bt-vdd-core: is not provided in device tree
<4>[    0.614224] bt_power bt_qca6174: no qca,bt-vdd-pa-voltage-level property
<6>[    0.614256] bt_dt_parse_vreg_info: qca,bt-vdd-ldo: is not provided in device tree
<6>[    0.614290] bt_dt_parse_vreg_info: qca,bt-chip-pwd: is not provided in device tree
<6>[    0.615259] sdhci: Secure Digital Host Controller Interface driver
<6>[    0.615296] sdhci: Copyright(c) Pierre Ossman
<6>[    0.615328] sdhci-pltfm: SDHCI platform and OF driver helper
<4>[    0.615943] sdhci_msm 7824900.sdhci: sdhci_msm_probe: ICE device is not enabled
<7>[    0.616008] of_get_named_gpiod_flags: can't parse 'cd-gpios' property of node '/soc/sdhci@7824900[0]'
<7>[    0.616024] of_get_named_gpiod_flags: can't parse 'pwren-gpio' property of node '/soc/sdhci@7824900[0]'
<6>[    0.616036] [sdhci_msm_populate_pdata] en_gpio: -2
<6>[    0.616080] sdhci_msm 7824900.sdhci: No vreg data found for vdd
<3>[    0.616408] sdhci_msm 7824900.sdhci: sdhci_msm_pm_qos_parse_irq: error -22 reading irq cpu
<5>[    0.616452] sdhci_msm 7824900.sdhci: sdhci_msm_pm_qos_parse: PM QoS voting for IRQ will be disabled
<5>[    0.616494] sdhci_msm 7824900.sdhci: sdhci_msm_pm_qos_parse: PM QoS voting for cpu group will be disabled
<6>[    0.619413] sdhci_msm 7824900.sdhci: No vmmc regulator found
<6>[    0.619457] sdhci_msm 7824900.sdhci: No vqmmc regulator found
<6>[    0.619879] mmc0: SDHCI controller on 7824900.sdhci [7824900.sdhci] using 32-bit ADMA in legacy mode
<4>[    0.648952] sdhci_msm 7864900.sdhci: sdhci_msm_probe: ICE device is not enabled
<7>[    0.649012] of_get_named_gpiod_flags: can't parse 'cd-gpios' property of node '/soc/sdhci@07864900[0]'
<7>[    0.649028] of_get_named_gpiod_flags: can't parse 'pwren-gpio' property of node '/soc/sdhci@07864900[0]'
<6>[    0.649040] [sdhci_msm_populate_pdata] en_gpio: -2
<3>[    0.649417] sdhci_msm 7864900.sdhci: sdhci_msm_pm_qos_parse_irq: error -22 reading irq cpu
<5>[    0.649461] sdhci_msm 7864900.sdhci: sdhci_msm_pm_qos_parse: PM QoS voting for IRQ will be disabled
<5>[    0.649502] sdhci_msm 7864900.sdhci: sdhci_msm_pm_qos_parse: PM QoS voting for cpu group will be disabled
<6>[    0.656797] sdhci_msm 7864900.sdhci: No vmmc regulator found
<6>[    0.656842] sdhci_msm 7864900.sdhci: No vqmmc regulator found
<6>[    0.657368] mmc1: SDHCI controller on 7864900.sdhci [7864900.sdhci] using 32-bit ADMA in legacy mode
<6>[    0.687554] usbcore: registered new interface driver usbhid
<6>[    0.687591] usbhid: USB HID core driver
<6>[    0.689936] logger: created 1024K log 'autolink_log/tsp'
<6>[    0.692191] logger: created 1024K log 'autolink_log/mpu'
<4>[    0.694334] www===usb-dbg --ulpi_init,line=755,entry
<4>[    0.694375] www===usb-dbg --ulpi_init,line=767,use pdata->phy_init_seq
<4>[    0.694437] www===usb-dbg --ulpi_init,line=772,default usb phy para: 0x80 = 0x33,0x81 = 0x33,0x82 = 0x7,0x83 = 0x13
<4>[    0.694474] www===usb-dbg --ulpi_init,line=779,no phy init data,will return
<6>[    0.699626] logger: created 1024K log 'autolink_log/mcu'
<6>[    0.702106] logger: created 1024K log 'autolink_log/system'
<6>[    0.704383] sps:BAM 0x078c4000 is registered.
<3>[    0.704695] IPA HW is not supported on this target
<6>[    0.705484] bimc-bwmon 408000.qcom,cpu-bwmon: BW HWmon governor registered.
<3>[    0.707531] devfreq soc:qcom,cpubw: Couldn't update frequency transition information.
<6>[    0.709067] coresight-fuse a601c.fuse: QPDI fuse not specified
<6>[    0.709479] coresight-fuse a601c.fuse: Fuse initialized
<6>[    0.715051] coresight-csr 6001000.csr: CSR initialized
<6>[    0.715804] coresight-tmc 6026000.tmc: Byte Counter feature enabled
<6>[    0.716599] sps:BAM 0x06084000 is registered.
<6>[    0.717101] coresight-tmc 6026000.tmc: TMC initialized
<6>[    0.717646] coresight-tmc 6025000.tmc: TMC initialized
<6>[    0.719864] nidnt boot config: 0
<6>[    0.721123] coresight-tpiu 6020000.tpiu: NIDnT on SDCARD only mode
<6>[    0.721356] coresight-tpiu 6020000.tpiu: TPIU initialized
<6>[    0.722958] coresight-replicator 6024000.replicator: REPLICATOR initialized
<6>[    0.723781] coresight-stm 6002000.stm: STM initialized
<6>[    0.724554] coresight-hwevent 606c000.hwevent: Hardware Event driver initialized
<3>[    0.726253] i2c-msm-v2 78b8000.i2c: msm_bus_scale_register_client(mstr-id:86):0x7 (ok)
<3>[    0.726475] i2c-msm-v2 78b8000.i2c: NACK: slave not responding, ensure its powered: msgs(n:2 cur:0 tx) bc(rx:2 tx:2) mode:FIFO slv_addr:0xa MSTR_STS:0x0d1300c8 OPER:0x00000010
<4>[    0.726685] sgtl5000: probe of 4-000a failed with error -107
<7>[    0.727329] of_get_named_gpiod_flags: parsed 'gpio-reset' property of node '/soc/i2c@78b8000/tlv320aic3x@18[0]' - status (0)
<4>[    0.727396] 4-0018 supply IOVDD not found, using dummy regulator
<4>[    0.727507] 4-0018 supply DVDD not found, using dummy regulator
<4>[    0.727581] 4-0018 supply AVDD not found, using dummy regulator
<4>[    0.727650] 4-0018 supply DRVDD not found, using dummy regulator
<3>[    0.736983] mdm9607-pinctrl 1000000.pinctrl: invalid group "gpio20" for function "sec_mi2s"
<3>[    0.737055] mdm9607-pinctrl 1000000.pinctrl: invalid group "gpio23" for function "sec_mi2s"
<3>[    0.737108] mdm9607-pinctrl 1000000.pinctrl: invalid group "gpio21" for function "sec_mi2s"
<3>[    0.737158] mdm9607-pinctrl 1000000.pinctrl: invalid group "gpio22" for function "sec_mi2s"
<3>[    0.737208] mdm9607-pinctrl 1000000.pinctrl: invalid group "gpio20" for function "sec_mi2s"
<3>[    0.737258] mdm9607-pinctrl 1000000.pinctrl: invalid group "gpio23" for function "sec_mi2s"
<3>[    0.737308] mdm9607-pinctrl 1000000.pinctrl: invalid group "gpio21" for function "sec_mi2s"
<3>[    0.737357] mdm9607-pinctrl 1000000.pinctrl: invalid group "gpio22" for function "sec_mi2s"
<6>[    0.740702] msm-compr-dsp soc:qcom,msm-compr-dsp: msm_compr_probe: dev name soc:qcom,msm-compr-dsp
<6>[    0.743460] msm_pcm_probe: dev name soc:qcom,msm-voice-host-pcm
<3>[    0.752441] mdm9607-asoc-snd soc:sound: Defering mdm_asoc_machine_probe, q6_state 0
<6>[    0.752950] Netfilter messages via NETLINK v0.30.
<6>[    0.753070] nf_conntrack version 0.5.0 (2437 buckets, 9748 max)
<6>[    0.753925] ctnetlink v0.93: registering with nfnetlink.
<6>[    0.755206] ip_set: protocol 6
<6>[    0.755788] ip_tables: (C) 2000-2006 Netfilter Core Team
<6>[    0.756046] arp_tables: (C) 2002 David S. Miller
<6>[    0.756148] TCP: cubic registered
<6>[    0.757107] NET: Registered protocol family 10
<6>[    0.758454] ip6_tables: (C) 2000-2006 Netfilter Core Team
<6>[    0.758788] sit: IPv6 over IPv4 tunneling driver
<6>[    0.759695] NET: Registered protocol family 17
<6>[    0.759827] bridge: automatic filtering via arp/ip/ip6tables has been deprecated. Update your scripts to load br_netfilter if you need this.
<5>[    0.759909] Bridge firewalling registered
<6>[    0.759942] Ebtables v2.0 registered
<6>[    0.760170] lib80211: common routines for IEEE802.11 drivers
<7>[    0.760201] lib80211_crypt: registered algorithm 'NULL'
<7>[    0.760224] lib80211_crypt: registered algorithm 'WEP'
<7>[    0.760245] lib80211_crypt: registered algorithm 'CCMP'
<7>[    0.760266] lib80211_crypt: registered algorithm 'TKIP'
<6>[    0.761324] NET: Registered protocol family 27
<7>[    0.765072] gpiochip_find_base: found new base at 852
<7>[    0.765246] gpiochip_add: registered GPIOs 852 to 883 on device: slave-kernel
<7>[    0.765615] gpiochip_find_base: found new base at 820
<7>[    0.765801] gpiochip_add: registered GPIOs 820 to 851 on device: master-kernel
<7>[    0.766433] of_get_named_gpiod_flags: parsed 'qcom,gpio-proxy-unvote' property of node '/soc/qcom,mss@4080000[0]' - status (0)
<7>[    0.767325] of_get_named_gpiod_flags: parsed 'qcom,gpio-err-fatal' property of node '/soc/qcom,mss@4080000[0]' - status (0)
<7>[    0.767351] of_get_named_gpiod_flags: parsed 'qcom,gpio-err-ready' property of node '/soc/qcom,mss@4080000[0]' - status (0)
<7>[    0.767372] of_get_named_gpiod_flags: parsed 'qcom,gpio-stop-ack' property of node '/soc/qcom,mss@4080000[0]' - status (0)
<7>[    0.767394] of_get_named_gpiod_flags: parsed 'qcom,gpio-force-stop' property of node '/soc/qcom,mss@4080000[0]' - status (0)
<7>[    0.767417] of_get_named_gpiod_flags: parsed 'qcom,gpio-shutdown-ack' property of node '/soc/qcom,mss@4080000[0]' - status (0)
<7>[    0.768005] of_get_named_gpiod_flags: can't parse 'qcom,chg-valid-gpio' property of node '/soc/i2c@78b8000/smb358-charger@57[0]'
<3>[    0.769500] i2c-msm-v2 78b8000.i2c: NACK: slave not responding, ensure its powered: msgs(n:2 cur:0 tx) bc(rx:1 tx:1) mode:FIFO slv_addr:0x57 MSTR_STS:0x0d1300c8 OPER:0x00000010
<3>[    0.769627] smb358-charger 4-0057: i2c read fail: can't read from 01: -107
