[1980-01-06 08:00:16]<6>[    0.000000] Booting Linux on physical CPU 0x0
<6>[    0.000000] Initializing cgroup subsys cpu
<6>[    0.000000] Initializing cgroup subsys cpuacct
<5>[    0.000000] Linux version 3.18.20 (dfsk516L-19@server) (gcc version 4.9.2 (GCC) ) #1 PREEMPT Thu Oct 31 14:35:40 CST 2019
<6>[    0.000000] CPU: ARMv7 Processor [410fc075] revision 5 (ARMv7), cr=10c53c7d
<6>[    0.000000] CPU: PIPT / VIPT nonaliasing data cache, VIPT aliasing instruction cache
<6>[    0.000000] Machine model: Qualcomm Technologies, Inc. MDM 9607 MTP
<6>[    0.000000] Early serial console at I/O port 0x0 (options '')
<6>[    0.000000] bootconsole [uart0] enabled
<6>[    0.000000] Reserved memory: reserved region for node 'modem_adsp_region@0': base 0x82a00000, size 80 MiB
<6>[    0.000000] Reserved memory: reserved region for node 'cnss_debug_region@0': base 0x87a00000, size 2 MiB
<6>[    0.000000] Reserved memory: reserved region for node 'external_image_region@0': base 0x87c00000, size 4 MiB
<6>[    0.000000] Removed memory: created DMA memory pool at 0x82a00000, size 80 MiB
<6>[    0.000000] Reserved memory: initialized node modem_adsp_region@0, compatible id removed-dma-pool
<6>[    0.000000] Removed memory: created DMA memory pool at 0x87a00000, size 2 MiB
<6>[    0.000000] Reserved memory: initialized node cnss_debug_region@0, compatible id removed-dma-pool
<6>[    0.000000] Removed memory: created DMA memory pool at 0x87c00000, size 4 MiB
<6>[    0.000000] Reserved memory: initialized node external_image_region@0, compatible id removed-dma-pool
<6>[    0.000000] Reserved memory: allocated memory for 'audio_region@0' node: base 0x8fc00000, size 4 MiB
<6>[    0.000000] Reserved memory: created CMA memory pool at 0x8fc00000, size 4 MiB
<6>[    0.000000] Reserved memory: initialized node audio_region@0, compatible id shared-dma-pool
<6>[    0.000000] cma: Reserved 4 MiB at 0x8f800000
<6>[    0.000000] Memory policy: Data cache writeback
<7>[    0.000000] On node 0 totalpages: 64000
<7>[    0.000000] free_area_init_node: node 0, pgdat c0d0c84c, node_mem_map cf58e000
<7>[    0.000000]   Normal zone: 576 pages used for memmap
<7>[    0.000000]   Normal zone: 0 pages reserved
<7>[    0.000000]   Normal zone: 64000 pages, LIFO batch:15
<6>[    0.000000] CPU: All CPU(s) started in SVC mode.
<7>[    0.000000] pcpu-alloc: s0 r0 d32768 u32768 alloc=1*32768
<7>[    0.000000] pcpu-alloc: [0] 0 
<4>[    0.000000] Built 1 zonelists in Zone order, mobility grouping on.  Total pages: 63424
<5>[    0.000000] Kernel command line: noinitrd ro androidboot.hardware=qcom ehci-hcd.park=3 msm_rtb.filter=0x37 lpm_levels.sleep_disabled=1  earlycon=msm_hsl_uart,0x78b3000  androidboot.serialno=5b47b7c1 androidboot.authorized_kernel=true androidboot.baseband=msm rootfstype=ubifs rootflags=bulk_read root=ubi0:rootfs ubi.mtd=13
<6>[    0.000000] PID hash table entries: 1024 (order: 0, 4096 bytes)
<6>[    0.000000] Dentry cache hash table entries: 32768 (order: 5, 131072 bytes)
<6>[    0.000000] Inode-cache hash table entries: 16384 (order: 4, 65536 bytes)
<4>[    0.000000] Memory: 147776K/256000K available (8577K kernel code, 842K rwdata, 3856K rodata, 340K init, 1406K bss, 108224K reserved)
<5>[    0.000000] Virtual kernel memory layout:
<5>[    0.000000]     vector  : 0xffff0000 - 0xffff1000   (   4 kB)
<5>[    0.000000]     fixmap  : 0xffc00000 - 0xfff00000   (3072 kB)
<5>[    0.000000]     vmalloc : 0xd0800000 - 0xff000000   ( 744 MB)
<5>[    0.000000]     lowmem  : 0xc0000000 - 0xd0000000   ( 256 MB)
<5>[    0.000000]     modules : 0xbf000000 - 0xc0000000   (  16 MB)
<5>[    0.000000]       .text : 0xc0008000 - 0xc0c2c91c   (12435 kB)
<5>[    0.000000]       .init : 0xc0c2d000 - 0xc0c82000   ( 340 kB)
<5>[    0.000000]       .data : 0xc0c82000 - 0xc0d54ba0   ( 843 kB)
<5>[    0.000000]        .bss : 0xc0d54c64 - 0xc0eb45c0   (1407 kB)
<6>[    0.000000] SLUB: HWalign=64, Order=0-3, MinObjects=0, CPUs=1, Nodes=1
<6>[    0.000000] Preemptible hierarchical RCU implementation.
<6>[    0.000000] NR_IRQS:16 nr_irqs:16 16
<2>[    0.000000] GIC CPU mask not found - kernel will fail to boot.
<2>[    0.000000] GIC CPU mask not found - kernel will fail to boot.
<4>[    0.000000] mpm_init_irq_domain(): Cannot find irq controller for qcom,gpio-parent
<3>[    0.000000] MPM 1 irq mapping errored -517
<6>[    0.000000] Architected mmio timer(s) running at 19.20MHz (virt).
<6>[    0.000010] sched_clock: 56 bits at 19MHz, resolution 52ns, wraps every 3579139424256ns
<6>[    0.007973] Switching to timer-based delay loop, resolution 52ns
<6>[    0.013967] Switched to clocksource arch_mem_counter
<6>[    0.019716] Console: colour dummy device 80x30
<6>[    0.023337] console [tty0] enabled
<6>[    0.026760] bootconsole [uart0] disabled
<6>[    0.030635] Calibrating delay loop (skipped), value calculated using timer frequency.. 38.40 BogoMIPS (lpj=192000)
<6>[    0.030674] pid_max: default: 32768 minimum: 301
<6>[    0.030897] Mount-cache hash table entries: 1024 (order: 0, 4096 bytes)
<6>[    0.030936] Mountpoint-cache hash table entries: 1024 (order: 0, 4096 bytes)
<6>[    0.031811] Initializing cgroup subsys freezer
<6>[    0.031880] CPU: Testing write buffer coherency: ok
<6>[    0.032429] Setting up static identity map for 0x8082d370 - 0x8082d3c8
<4>[    0.033703] 
<4>[    0.033703] **********************************************************
<4>[    0.033744] **   NOTICE NOTICE NOTICE NOTICE NOTICE NOTICE NOTICE   **
<4>[    0.033766] **                                                      **
<4>[    0.033787] ** trace_printk() being used. Allocating extra memory.  **
<4>[    0.033808] **                                                      **
<4>[    0.033830] ** This means that this is a DEBUG kernel and it is     **
<4>[    0.033851] ** unsafe for produciton use.                           **
<4>[    0.033872] **                                                      **
<4>[    0.033893] ** If you see this message and you are not debugging    **
<4>[    0.033914] ** the kernel, report this immediately to your vendor!  **
<4>[    0.033935] **                                                      **
<4>[    0.033956] **   NOTICE NOTICE NOTICE NOTICE NOTICE NOTICE NOTICE   **
<4>[    0.034055] **********************************************************
<6>[    0.061039] MSM Memory Dump base table set up
<6>[    0.061137] MSM Memory Dump apps data table set up
<6>[    0.071806] VFP support v0.3: implementor 41 architecture 2 part 30 variant 7 rev 5
<6>[    0.079391] pinctrl core: initialized pinctrl subsystem
<6>[    0.079957] regulator-dummy: no parameters
<6>[    0.111744] NET: Registered protocol family 16
<6>[    0.123600] DMA: preallocated 256 KiB pool for atomic coherent allocations
<6>[    0.184032] cpuidle: using governor ladder
<6>[    0.214023] cpuidle: using governor menu
<6>[    0.244022] cpuidle: using governor qcom
<6>[    0.253410] msm_watchdog b017000.qcom,wdt: wdog absent resource not present
<6>[    0.253842] msm_watchdog b017000.qcom,wdt: MSM Watchdog Initialized
<3>[    0.263425] spmi_pmic_arb 200f000.qcom,spmi: PMIC Arb Version-2 0x20010000
<6>[    0.266476] platform 4080000.qcom,mss: assigned reserved memory node modem_adsp_region@0
<4>[    0.267277] irq: no irq domain found for /soc/pinctrl@1000000 !
<6>[    0.267846] mem_acc_corner: 0 <--> 0 mV 
<6>[    0.268954] hw-breakpoint: found 5 (+1 reserved) breakpoint and 4 watchpoint registers.
<6>[    0.268995] hw-breakpoint: maximum watchpoint size is 8 bytes.
<7>[    0.269974] gpiochip_add: registered GPIOs 0 to 79 on device: 1000000.pinctrl
<7>[    0.269999] GPIO chip 1000000.pinctrl: created GPIO range 0->79 ==> 1000000.pinctrl PIN 0->79
<4>[    0.270629] __of_mpm_init(): MPM driver mapping exists
<4>[    0.271250] msm_rpm_glink_dt_parse: qcom,rpm-glink compatible not matches
<6>[    0.271288] msm_rpm_dev_probe: APSS-RPM communication over SMD
<3>[    0.271979] msm_mpm_dev_probe(): Cannot get clk resource for XO: -517
<3>[    0.274725] smd_channel_probe_now: allocation table not initialized
<6>[    0.277166] mdm9607_s1: 1050 <--> 1350 mV at 1225 mV normal idle 
<6>[    0.277418] spm_regulator_probe: name=mdm9607_s1, range=LV, voltage=1225000 uV, mode=AUTO, step rate=4800 uV/us
<6>[    0.278014] cpr_efuse_init: apc_corner: efuse_addr = 0x000a4000 (len=0x1000)
<6>[    0.278086] cpr_read_fuse_revision: apc_corner: fuse revision = 2
<6>[    0.278122] cpr_parse_speed_bin_fuse: apc_corner: [row: 37]: 0x41d15d325b47b7c1, speed_bits = 4
<6>[    0.278230] cpr_pvs_init: apc_corner: pvs voltage: [1050000 1100000 1250000] uV
<6>[    0.278267] cpr_pvs_init: apc_corner: ceiling voltage: [1050000 1225000 1350000] uV
<6>[    0.278300] cpr_pvs_init: apc_corner: floor voltage: [1050000 1050000 1150000] uV
<6>[    0.279027] i2c-msm-v2 78b8000.i2c: probing driver i2c-msm-v2
<3>[    0.279127] i2c-msm-v2 78b8000.i2c: error on clk_get(core_clk):-517
<3>[    0.279162] i2c-msm-v2 78b8000.i2c: error probe() failed with err:-517
<6>[    0.282207] msm-thermal soc:qcom,msm-thermal: msm_thermal:Failed reading node=/soc/qcom,msm-thermal, key=qcom,core-limit-temp. err=-22. KTM continues
<6>[    0.282285] msm-thermal soc:qcom,msm-thermal: probe_therm_reset:Failed reading node=/soc/qcom,msm-thermal, key=qcom,therm-reset-temp err=-22. KTM continues
<3>[    0.282333] msm_thermal:get_kernel_cluster_info CPU0 topology not initialized.
<6>[    0.282415] msm_thermal:vdd_restriction_reg_init Defer regulator vdd-dig probe
<3>[    0.282449] msm_thermal:probe_vdd_rstr Err regulator init. err:-517. KTM continues.
<6>[    0.282486] msm-thermal soc:qcom,msm-thermal: probe_vdd_rstr:Failed reading node=/soc/qcom,msm-thermal, key=qcom,max-freq-level. err=-517. KTM continues
<3>[    0.282532] msm_thermal:msm_thermal_dev_probe Failed reading node=/soc/qcom,msm-thermal, key=qcom,online-hotplug-core. err:-517
<6>[    0.284391] sps:sps is ready.
<4>[    0.286704] msm_rpm_glink_dt_parse: qcom,rpm-glink compatible not matches
<6>[    0.286748] msm_rpm_dev_probe: APSS-RPM communication over SMD
<6>[    0.287811] mdm9607_s2: 750 <--> 1275 mV at 750 mV normal idle 
<6>[    0.288778] mdm9607_s3_level: 0 <--> 0 mV at 0 mV normal idle 
<6>[    0.289405] mdm9607_s3_level_ao: 0 <--> 0 mV at 0 mV normal idle 
<6>[    0.290054] mdm9607_s3_floor_level: 0 <--> 0 mV at 0 mV normal idle 
<6>[    0.290666] mdm9607_s3_level_so: 0 <--> 0 mV at 0 mV normal idle 
<6>[    0.291490] mdm9607_s4: 1800 <--> 1950 mV at 1800 mV normal idle 
<6>[    0.292340] mdm9607_l1: 1250 mV normal idle 
<6>[    0.293206] mdm9607_l2: 1800 mV normal idle 
<6>[    0.294321] mdm9607_l3: 1800 mV normal idle 
<6>[    0.295246] mdm9607_l4: 3075 mV normal idle 
<6>[    0.296128] mdm9607_l5: 1700 <--> 3050 mV at 1700 mV normal idle 
<6>[    0.296994] mdm9607_l6: 1700 <--> 3050 mV at 1700 mV normal idle 
<6>[    0.297802] mdm9607_l7: 1700 <--> 1900 mV at 1700 mV normal idle 
<6>[    0.298606] mdm9607_l8: 1800 mV normal idle 
<6>[    0.299413] mdm9607_l9: 1200 <--> 1250 mV at 1200 mV normal idle 
<6>[    0.300233] mdm9607_l10: 1050 mV normal idle 
<6>[    0.301069] mdm9607_l11: 1800 mV normal idle 
<6>[    0.301881] mdm9607_l12_level: 0 <--> 0 mV at 0 mV normal idle 
<6>[    0.302531] mdm9607_l12_level_ao: 0 <--> 0 mV at 0 mV normal idle 
<6>[    0.303110] mdm9607_l12_level_so: 0 <--> 0 mV at 0 mV normal idle 
<6>[    0.303740] mdm9607_l12_floor_lebel: 0 <--> 0 mV at 0 mV normal idle 
<6>[    0.304794] mdm9607_l13: 1800 <--> 2850 mV at 2850 mV normal idle 
<6>[    0.305631] mdm9607_l14: 2650 <--> 3000 mV at 2650 mV normal idle 
<3>[    0.305935] msm_mpm_dev_probe(): Cannot get clk resource for XO: -517
<6>[    0.306265] cpr_efuse_init: apc_corner: efuse_addr = 0x000a4000 (len=0x1000)
<6>[    0.306337] cpr_read_fuse_revision: apc_corner: fuse revision = 2
<6>[    0.306372] cpr_parse_speed_bin_fuse: apc_corner: [row: 37]: 0x41d15d325b47b7c1, speed_bits = 4
<6>[    0.306478] cpr_pvs_init: apc_corner: pvs voltage: [1050000 1100000 1250000] uV
<6>[    0.306515] cpr_pvs_init: apc_corner: ceiling voltage: [1050000 1225000 1350000] uV
<6>[    0.306550] cpr_pvs_init: apc_corner: floor voltage: [1050000 1050000 1150000] uV
<6>[    0.306816] cpr_init_cpr_parameters: apc_corner: up threshold = 0, down threshold = 2
<6>[    0.306873] cpr_init_cpr_parameters: apc_corner: CPR is disabled by default.
<6>[    0.306924] cpr_init_cpr_efuse: apc_corner: [row:65] = 0x15400291291389
<6>[    0.306962] cpr_init_cpr_efuse: apc_corner: CPR disable fuse = 0
<6>[    0.306992] cpr_init_cpr_efuse: apc_corner: Corner[1]: ro_sel = 0, target quot = 657
<6>[    0.307025] cpr_init_cpr_efuse: apc_corner: Corner[2]: ro_sel = 0, target quot = 657
<6>[    0.307058] cpr_init_cpr_efuse: apc_corner: Corner[3]: ro_sel = 0, target quot = 905
<6>[    0.307260] cpr_config: apc_corner: Timer count: 0x17700 (for 5000 us)
<6>[    0.307848] apc_corner: 0 <--> 0 mV 
<6>[    0.308430] i2c-msm-v2 78b8000.i2c: probing driver i2c-msm-v2
<3>[    0.308535] i2c-msm-v2 78b8000.i2c: error on clk_get(core_clk):-517
<3>[    0.308571] i2c-msm-v2 78b8000.i2c: error probe() failed with err:-517
<6>[    0.309118] msm-thermal soc:qcom,msm-thermal: msm_thermal:Failed reading node=/soc/qcom,msm-thermal, key=qcom,core-limit-temp. err=-22. KTM continues
<6>[    0.309188] msm-thermal soc:qcom,msm-thermal: probe_therm_reset:Failed reading node=/soc/qcom,msm-thermal, key=qcom,therm-reset-temp err=-22. KTM continues
<3>[    0.309236] msm_thermal:get_kernel_cluster_info CPU0 topology not initialized.
<3>[    0.309716] cpu cpu0: dev_pm_opp_get_opp_count: device OPP not found (-19)
<3>[    0.309753] msm_thermal:get_cpu_freq_plan_len Error reading CPU0 freq table len. error:-19
<6>[    0.309784] msm_thermal:vdd_restriction_reg_init Defer vdd rstr freq init.
<3>[    0.310170] cpu cpu0: dev_pm_opp_get_opp_count: device OPP not found (-19)
<3>[    0.310206] msm_thermal:get_cpu_freq_plan_len Error reading CPU0 freq table len. error:-19
<3>[    0.310242] cpu cpu0: dev_pm_opp_get_opp_count: device OPP not found (-19)
<3>[    0.310268] msm_thermal:get_cpu_freq_plan_len Error reading CPU0 freq table len. error:-19
<6>[    0.320542] qcom,gcc-mdm9607 1800000.qcom,gcc: Registered GCC clocks
<6>[    0.321018] clock-a7 b010008.qcom,clock-a7: Speed bin: 4 PVS Version: 0
<6>[    0.321127] a7ssmux: set OPP pair(806400000 Hz: 2 uV) on cpu0
<6>[    0.321180] a7ssmux: set OPP pair(1305600000 Hz: 7 uV) on cpu0
<6>[    0.322814] i2c-msm-v2 78b8000.i2c: probing driver i2c-msm-v2
<3>[    0.322928] AXI: msm_bus_scale_register_client(): msm_bus_scale_register_client: Bus driver not ready.
<6>[    0.322971] i2c-msm-v2 78b8000.i2c: msm_bus_scale_register_client(mstr-id:86):0 (not a problem)
<7>[    0.385952] gpiochip_find_base: found new base at 1018
<7>[    0.386127] gpiochip_add: registered GPIOs 1018 to 1023 on device: pm8019-gpio
<7>[    0.386424] qcom,qpnp-pin qpnp-pin-6: qpnp_pin_probe: gpio_chip registered between 1018-1023
<7>[    0.386604] gpiochip_find_base: found new base at 1012
<7>[    0.386747] gpiochip_add: registered GPIOs 1012 to 1017 on device: pm8019-mpp
<7>[    0.387180] qcom,qpnp-pin qpnp-pin-7: qpnp_pin_probe: gpio_chip registered between 1012-1017
<6>[    0.387490] KPI: Bootloader start count = 21235
<6>[    0.387525] KPI: Bootloader end count = 61290
<6>[    0.387547] KPI: Bootloader display count = 8293071
<6>[    0.387570] KPI: Bootloader load kernel count = 29220
<6>[    0.387593] KPI: Kernel MPM timestamp = 101736
<6>[    0.387615] KPI: Kernel MPM Clock frequency = 32768
<6>[    0.387662] socinfo_print: v0.10, id=290, ver=1.0, raw_id=74, raw_ver=0, hw_plat=8, hw_plat_ver=65536
<6>[    0.387662]  accessory_chip=0, hw_plat_subtype=0, pmic_model=65539, pmic_die_revision=131074 foundry_id=0 serial_number=1531426753
<7>[    0.388160] of_get_named_gpiod_flags: parsed 'gpio' property of node '/soc/sdcard_ext_vreg[0]' - status (0)
<6>[    0.388399] sdcard_ext_vreg: no parameters
<7>[    0.388657] of_get_named_gpiod_flags: parsed 'gpio' property of node '/soc/rome_vreg[0]' - status (0)
<6>[    0.388859] rome_vreg: no parameters
<7>[    0.389080] of_get_named_gpiod_flags: parsed 'gpio' property of node '/soc/emac_lan_vreg[0]' - status (0)
<6>[    0.389291] emac_lan_vreg: no parameters
<5>[    0.390605] SCSI subsystem initialized
<6>[    0.390857] usbcore: registered new interface driver usbfs
<6>[    0.390991] usbcore: registered new interface driver hub
<6>[    0.391237] usbcore: registered new device driver usb
<6>[    0.392666] cpufreq: driver msm up and running
<6>[    0.393392] platform soc:qcom,ion:qcom,ion-heap@28: assigned reserved memory node audio_region@0
<6>[    0.393895] ION heap system created
<6>[    0.394257] ION heap audio created at 0x8fc00000 with size 400000
<3>[    0.394765] msm_bus_fabric_init_driver
<6>[    0.406514] qcom,qpnp-power-on qpnp-power-on-1: PMIC@SID0 Power-on reason: Triggered from CBL (external power supply) and 'cold' boot
<6>[    0.406586] qcom,qpnp-power-on qpnp-power-on-1: PMIC@SID0: Unknown power-off reason
<6>[    0.406995] input: qpnp_pon as /devices/virtual/input/input0
<6>[    0.408031] PMIC@SID0: PM8019 v2.2 options: 3, 2, 2, 2
<6>[    0.409705] Advanced Linux Sound Architecture Driver Initialized.
<6>[    0.410720] Bluetooth: Core ver 2.19
<6>[    0.410807] NET: Registered protocol family 31
<6>[    0.410832] Bluetooth: HCI device and connection manager initialized
<6>[    0.410868] Bluetooth: HCI socket layer initialized
<6>[    0.410899] Bluetooth: L2CAP socket layer initialized
<6>[    0.410953] Bluetooth: SCO socket layer initialized
<6>[    0.411379] cfg80211: Calling CRDA to update world regulatory domain
<6>[    0.411443] cfg80211: World regulatory domain updated:
<6>[    0.411469] cfg80211:  DFS Master region: unset
<6>[    0.411489] cfg80211:   (start_freq - end_freq @ bandwidth), (max_antenna_gain, max_eirp), (dfs_cac_time)
<6>[    0.411533] cfg80211:   (2402000 KHz - 2472000 KHz @ 40000 KHz), (N/A, 2000 mBm), (N/A)
<6>[    0.411568] cfg80211:   (2457000 KHz - 2482000 KHz @ 40000 KHz), (N/A, 2000 mBm), (N/A)
<6>[    0.411603] cfg80211:   (2474000 KHz - 2494000 KHz @ 20000 KHz), (N/A, 2000 mBm), (N/A)
<6>[    0.411637] cfg80211:   (5170000 KHz - 5250000 KHz @ 80000 KHz), (N/A, 2000 mBm), (N/A)
<6>[    0.411672] cfg80211:   (5250000 KHz - 5330000 KHz @ 80000 KHz), (N/A, 2000 mBm), (N/A)
<6>[    0.411707] cfg80211:   (5490000 KHz - 5710000 KHz @ 80000 KHz), (N/A, 2000 mBm), (N/A)
<6>[    0.411742] cfg80211:   (5735000 KHz - 5835000 KHz @ 80000 KHz), (N/A, 2000 mBm), (N/A)
<6>[    0.411777] cfg80211:   (57240000 KHz - 63720000 KHz @ 2160000 KHz), (N/A, 0 mBm), (N/A)
<6>[    0.413165] Switched to clocksource arch_mem_counter
<6>[    0.455736] NET: Registered protocol family 2
<6>[    0.456716] TCP established hash table entries: 2048 (order: 1, 8192 bytes)
<6>[    0.456796] TCP bind hash table entries: 2048 (order: 1, 8192 bytes)
<6>[    0.456845] TCP: Hash tables configured (established 2048 bind 2048)
<6>[    0.456995] TCP: reno registered
<6>[    0.457036] UDP hash table entries: 256 (order: 0, 4096 bytes)
<6>[    0.457082] UDP-Lite hash table entries: 256 (order: 0, 4096 bytes)
<6>[    0.457342] NET: Registered protocol family 1
<6>[    0.460307] futex hash table entries: 256 (order: -1, 3072 bytes)
<6>[    0.473677] msgmni has been set to 304
<6>[    0.477016] Block layer SCSI generic (bsg) driver version 0.4 loaded (major 251)
<6>[    0.477075] io scheduler noop registered
<6>[    0.477106] io scheduler deadline registered
<6>[    0.477374] io scheduler cfq registered (default)
<7>[    0.477528] gpiochip_find_base: found new base at 980
<7>[    0.477692] gpiochip_add: registered GPIOs 980 to 1011 on device: smp2p
<7>[    0.477934] gpiochip_find_base: found new base at 948
<7>[    0.478079] gpiochip_add: registered GPIOs 948 to 979 on device: smp2p
<7>[    0.478136] gpiochip_find_base: found new base at 916
<7>[    0.478290] gpiochip_add: registered GPIOs 916 to 947 on device: smp2p
<7>[    0.478504] gpiochip_find_base: found new base at 884
<7>[    0.478665] gpiochip_add: registered GPIOs 884 to 915 on device: smp2p
<7>[    0.478724] gpiochip_find_base: found new base at 852
<7>[    0.478864] gpiochip_add: registered GPIOs 852 to 883 on device: slave-kernel
<7>[    0.479020] gpiochip_find_base: found new base at 852
<7>[    0.479162] gpiochip_add: registered GPIOs 852 to 883 on device: master-kernel
<5>[    0.486073] msm_rpm_log_probe: OK
<7>[    0.487402] of_get_named_gpiod_flags: parsed 'qcom,gpio-proxy-unvote' property of node '/soc/qcom,mss@4080000[0]' - status (-517)
<4>[    0.488107] gsm_init: loaded as 250,0.
<6>[    0.488927] msm_serial_hs module loaded
<6>[    0.489362] msm_hsl_dt_to_pdata: read config-gpio ret=-22
<6>[    0.489399] msm_hsl_dt_to_pdata: read config-gpio =0 start.
<6>[    0.489425] msm_serial_hsl_probe: detected port #0 (ttyHSL0)
<6>[    0.489477] msm_serial_hsl_probe: two_wire   func_mode:0
<3>[    0.489508] AXI: get_pdata(): Error: Client name not found
<3>[    0.489534] AXI: msm_bus_cl_get_pdata(): client has to provide missing entry for successful registration
<3>[    0.489568] msm_serial_hsl_probe: Bus scaling is disabled
<6>[    0.489753] 78b3000.serial: ttyHSL0 at MMIO 0x78b3000 (irq = 153, base_baud = 460800) is a MSM
<6>[    0.490324] msm_hsl_dt_to_pdata: read config-gpio ret=0
<6>[    0.490357] msm_hsl_dt_to_pdata: read config-gpio =4 start.
<7>[    0.490408] of_get_named_gpiod_flags: parsed 'qcom,tx-gpio' property of node '/soc/serial@78b1000[0]' - status (0)
<7>[    0.490437] of_get_named_gpiod_flags: parsed 'qcom,rx-gpio' property of node '/soc/serial@78b1000[0]' - status (0)
<6>[    0.490448] msm_hsl_dt_to_pdata: read config-gpio= ok
<7>[    0.490488] of_get_named_gpiod_flags: parsed 'qcom,cts-gpio' property of node '/soc/serial@78b1000[0]' - status (0)
<7>[    0.490514] of_get_named_gpiod_flags: parsed 'qcom,rfr-gpio' property of node '/soc/serial@78b1000[0]' - status (0)
<6>[    0.490528] msm_serial_hsl_probe: detected port #1 (ttyHSL1)
<6>[    0.490572] msm_serial_hsl_probe: four_wire   func_mode:1
<6>[    0.490963] 78b1000.serial: ttyHSL1 at MMIO 0x78b1000 (irq = 151, base_baud = 460800) is a MSM
<6>[    0.494538] msm_serial_hsl_init: driver initialized
<4>[    0.496038] [LS_RI]ri_init!
<4>[    0.496069] [LS_RI]gpio_uart_ri_probe!
<4>[    0.496105] frist request gpio ok LS_UART_RI_GPIO
<4>[    0.496131] allocate data to r_pme strcut
<4>[    0.496153] [LS_RI]:ls_ri_init    finish!!! 
<6>[    0.510433] tbox:+power_dev_init
<6>[    0.510509] tbox:gpio mpu_wake_mcu init start
<6>[    0.510699] tbox:gpio mpu_wake_mcu init success
<6>[    0.510729] tbox:gpio mcu_wake_mpu init start
<6>[    0.511357] tbox:gpio mcu_wake_mpu init success
<6>[    0.511392] tbox:gpio mcu_notify_mpu1 init start
<6>[    0.511575] tbox:gpio mcu_notify_mpu1 init success
<6>[    0.511603] tbox:gpio mcu_notify_mpu2 init start
<6>[    0.511758] tbox:gpio mcu_notify_mpu2 init success
<6>[    0.511789] tbox:gpio bt_host_wake init start
<6>[    0.512265] tbox:gpio bt_host_wake init success
<6>[    0.512298] tbox:gpio bt_dev_wake init start
<6>[    0.512503] tbox:gpio bt_dev_wake init success
<6>[    0.512534] tbox:gpio mpu_update init start
<6>[    0.512689] tbox:gpio mpu_update init success
<6>[    0.512719] tbox:gpio wlan_en init start
<6>[    0.512868] tbox:gpio wlan_en init success
<6>[    0.512891] tbox:-power_dev_init
<3>[    0.513595] tbox: mcu_wake_mpu 0 1 0
<6>[    0.522573] brd: module loaded
<6>[    0.526883] loop: module loaded
<4>[    0.529906] ls_netlink_init.
<7>[    0.530762] lct_gpio_utility soc:lct,gpio-utility: lct_gpios_test_probe: OK
<4>[    0.531158] i2c-core: driver [tabla-i2c-core] using legacy suspend method
<4>[    0.531198] i2c-core: driver [tabla-i2c-core] using legacy resume method
<4>[    0.531420] i2c-core: driver [wcd9xxx-i2c-core] using legacy suspend method
<4>[    0.531451] i2c-core: driver [wcd9xxx-i2c-core] using legacy resume method
<4>[    0.531651] i2c-core: driver [tasha-i2c-core] using legacy suspend method
<4>[    0.531680] i2c-core: driver [tasha-i2c-core] using legacy resume method
<6>[    0.531972] SCSI Media Changer driver v0.25 
<3>[    0.536839] sps: BAM device 0x07984000 is not registered yet.
<6>[    0.537722] sps:BAM 0x07984000 is registered.
<6>[    0.537762] msm_nand_bam_init: msm_nand_bam_init: BAM device registered: bam_handle 0xceaa0000
<6>[    0.538123] sps:BAM 0x07984000 (va:0xd09a0000) enabled: ver:0x18, number of pipes:7
<6>[    0.540336] msm_nand_parse_smem_ptable: Parsing partition table info from SMEM
<6>[    0.540421] msm_nand_parse_smem_ptable: SMEM partition table found: ver: 4 len: 17
<6>[    0.540480] msm_nand_version_check: nand_major:1, nand_minor:5, qpic_major:1, qpic_minor:5
<3>[    0.540551] msm_nand_scan: missing page size info - extract from NAND ID
<6>[    0.540583] msm_nand_scan: NAND Id: 0x1590acad Buswidth: 8Bits Density: 512 MByte
<6>[    0.540616] msm_nand_scan: pagesize: 2048 Erasesize: 131072 oobsize: 64 (in Bytes)
<6>[    0.540647] msm_nand_scan: BCH ECC: 4 Bit
<6>[    0.540679] msm_nand_scan: CFG0: 0x2a0408c0,           CFG1: 0x0804745c
<6>[    0.540679]             RAWCFG0: 0x2c8400c0,        RAWCFG1: 0x0005055d
<6>[    0.540679]           ECCBUFCFG: 0x00000203,      ECCBCHCFG: 0x42040700
<6>[    0.540679]           RAWECCCFG: 0x42000701, BAD BLOCK BYTE: 0x000001d1
<5>[    0.540767] Creating 17 MTD partitions on "7980000.nand":
<5>[    0.540800] 0x000000000000-0x000000140000 : "sbl"
<5>[    0.542103] 0x000000140000-0x000000280000 : "mibib"
<5>[    0.543184] 0x000000280000-0x000000e80000 : "efs2"
<5>[    0.544265] 0x000000e80000-0x000001000000 : "tz"
<5>[    0.545323] 0x000001000000-0x000001140000 : "rpm"
<5>[    0.546351] 0x000001140000-0x000001280000 : "aboot"
<5>[    0.547385] 0x000001280000-0x000001a60000 : "boot"
<5>[    0.548447] 0x000001a60000-0x000001aa0000 : "scrub"
<5>[    0.549517] 0x000001aa0000-0x000005260000 : "modem"
<5>[    0.550610] 0x000005260000-0x0000053a0000 : "misc"
<5>[    0.551699] 0x0000053a0000-0x000005a80000 : "recovery"
<5>[    0.552705] 0x000005a80000-0x000005c00000 : "fota"
<5>[    0.553689] 0x000005c00000-0x000007a00000 : "recoveryfs"
<5>[    0.555181] 0x000007a00000-0x00000de00000 : "system"
<5>[    0.556269] 0x00000de00000-0x00000f200000 : "oeminfo"
<5>[    0.557305] 0x00000f200000-0x000015600000 : "system_b"
<5>[    0.558385] 0x000015600000-0x000020000000 : "vendor"
<6>[    0.559551] msm_nand_probe: NANDc phys addr 0x7980000, BAM phys addr 0x7984000, BAM IRQ 164
<6>[    0.559595] msm_nand_probe: Allocated DMA buffer at virt_addr 0xcf840000, phys_addr 0x8f840000
<6>[    0.563236] PPP generic driver version 2.4.2
<6>[    0.563529] PPP BSD Compression module registered
<6>[    0.563563] PPP Deflate Compression module registered
<6>[    0.563605] PPP MPPE Compression module registered
<6>[    0.563643] NET: Registered protocol family 24
<6>[    0.569839] cnss_configure_ramdump: ramdump addr: d2c00000, phys: 0x87a00000 subsys:'AR6320'
<6>[    0.570499] cnss_sdio 87a00000.qcom,cnss-sdio: CNSS SDIO Driver registered
<6>[    0.573832] msm_otg 78d9000.usb: msm_otg probe
<7>[    0.574358] of_get_named_gpiod_flags: can't parse 'qcom,hub-reset-gpio' property of node '/soc/usb@78d9000[0]'
<7>[    0.574380] of_get_named_gpiod_flags: can't parse 'qcom,sw-sel-gpio' property of node '/soc/usb@78d9000[0]'
<7>[    0.574431] of_get_named_gpiod_flags: parsed 'qcom,usbid-gpio' property of node '/soc/usb@78d9000[0]' - status (0)
<7>[    0.574461] of_get_named_gpiod_flags: can't parse 'qcom,hsusb-otg-vddmin-gpio' property of node '/soc/usb@78d9000[0]'
<6>[    0.576156] msm_otg 78d9000.usb: OTG regs = d08ee000
<6>[    0.582217] ehci_hcd: USB 2.0 'Enhanced' Host Controller (EHCI) Driver
<6>[    0.582626] ehci-msm: Qualcomm On-Chip EHCI Host Controller
<6>[    0.583100] usbcore: registered new interface driver cdc_acm
<6>[    0.583132] cdc_acm: USB Abstract Control Model driver for USB modems and ISDN adapters
<6>[    0.583273] usbcore: registered new interface driver usb-storage
<6>[    0.583365] usbcore: registered new interface driver ums-alauda
<6>[    0.583451] usbcore: registered new interface driver ums-cypress
<6>[    0.583536] usbcore: registered new interface driver ums-datafab
<6>[    0.583625] usbcore: registered new interface driver ums-freecom
<6>[    0.583710] usbcore: registered new interface driver ums-isd200
<6>[    0.583798] usbcore: registered new interface driver ums-jumpshot
<6>[    0.583902] usbcore: registered new interface driver ums-karma
<6>[    0.584085] usbcore: registered new interface driver ums-onetouch
<6>[    0.584202] usbcore: registered new interface driver ums-sddr09
<6>[    0.584292] usbcore: registered new interface driver ums-sddr55
<6>[    0.584378] usbcore: registered new interface driver ums-usbat
<6>[    0.586141] gbridge_init: gbridge_init successs.
<6>[    0.588264] qcom,qpnp-rtc qpnp-rtc-5: rtc core: registered qpnp_rtc as rtc0
<6>[    0.588650] msm_otg 78d9000.usb: phy_reset: success
<6>[    0.588828] i2c /dev entries driver
<3>[    0.589972] unable to find DT imem DLOAD mode node
<3>[    0.590363] unable to find DT imem EDLOAD mode node
<3>[    0.590708] unable to find DT imem dload-type node
<6>[    0.614240] Bluetooth: HCI UART driver ver 2.2
<6>[    0.614281] Bluetooth: HCI H4 protocol initialized
<6>[    0.614305] Bluetooth: HCI_IBS protocol initialized
<7>[    0.614500] of_get_named_gpiod_flags: parsed 'qca,bt-reset-gpio' property of node '/bt_qca6174[0]' - status (0)
<6>[    0.614518] bt_dt_parse_vreg_info: qca,bt-vdd-core: is not provided in device tree
<4>[    0.614607] bt_power bt_qca6174: no qca,bt-vdd-pa-voltage-level property
<6>[    0.614640] bt_dt_parse_vreg_info: qca,bt-vdd-ldo: is not provided in device tree
<6>[    0.614673] bt_dt_parse_vreg_info: qca,bt-chip-pwd: is not provided in device tree
<6>[    0.615636] sdhci: Secure Digital Host Controller Interface driver
<6>[    0.615672] sdhci: Copyright(c) Pierre Ossman
<6>[    0.615705] sdhci-pltfm: SDHCI platform and OF driver helper
<4>[    0.616331] sdhci_msm 7824900.sdhci: sdhci_msm_probe: ICE device is not enabled
<7>[    0.616395] of_get_named_gpiod_flags: can't parse 'cd-gpios' property of node '/soc/sdhci@7824900[0]'
<7>[    0.616411] of_get_named_gpiod_flags: can't parse 'pwren-gpio' property of node '/soc/sdhci@7824900[0]'
<6>[    0.616423] [sdhci_msm_populate_pdata] en_gpio: -2
<6>[    0.616465] sdhci_msm 7824900.sdhci: No vreg data found for vdd
<3>[    0.616795] sdhci_msm 7824900.sdhci: sdhci_msm_pm_qos_parse_irq: error -22 reading irq cpu
<5>[    0.616839] sdhci_msm 7824900.sdhci: sdhci_msm_pm_qos_parse: PM QoS voting for IRQ will be disabled
<5>[    0.616881] sdhci_msm 7824900.sdhci: sdhci_msm_pm_qos_parse: PM QoS voting for cpu group will be disabled
<6>[    0.619783] sdhci_msm 7824900.sdhci: No vmmc regulator found
<6>[    0.619828] sdhci_msm 7824900.sdhci: No vqmmc regulator found
<6>[    0.620248] mmc0: SDHCI controller on 7824900.sdhci [7824900.sdhci] using 32-bit ADMA in legacy mode
<4>[    0.649311] sdhci_msm 7864900.sdhci: sdhci_msm_probe: ICE device is not enabled
<7>[    0.649372] of_get_named_gpiod_flags: can't parse 'cd-gpios' property of node '/soc/sdhci@07864900[0]'
<7>[    0.649388] of_get_named_gpiod_flags: can't parse 'pwren-gpio' property of node '/soc/sdhci@07864900[0]'
<6>[    0.649400] [sdhci_msm_populate_pdata] en_gpio: -2
<3>[    0.649778] sdhci_msm 7864900.sdhci: sdhci_msm_pm_qos_parse_irq: error -22 reading irq cpu
<5>[    0.649823] sdhci_msm 7864900.sdhci: sdhci_msm_pm_qos_parse: PM QoS voting for IRQ will be disabled
<5>[    0.649865] sdhci_msm 7864900.sdhci: sdhci_msm_pm_qos_parse: PM QoS voting for cpu group will be disabled
<6>[    0.657165] sdhci_msm 7864900.sdhci: No vmmc regulator found
<6>[    0.657210] sdhci_msm 7864900.sdhci: No vqmmc regulator found
<6>[    0.657739] mmc1: SDHCI controller on 7864900.sdhci [7864900.sdhci] using 32-bit ADMA in legacy mode
<6>[    0.687909] usbcore: registered new interface driver usbhid
<6>[    0.687951] usbhid: USB HID core driver
<6>[    0.690293] logger: created 1024K log 'autolink_log/tsp'
<6>[    0.692547] logger: created 1024K log 'autolink_log/mpu'
<4>[    0.694332] www===usb-dbg --ulpi_init,line=755,entry
<4>[    0.694374] www===usb-dbg --ulpi_init,line=767,use pdata->phy_init_seq
<4>[    0.694436] www===usb-dbg --ulpi_init,line=772,default usb phy para: 0x80 = 0x33,0x81 = 0x33,0x82 = 0x7,0x83 = 0x13
<4>[    0.694473] www===usb-dbg --ulpi_init,line=779,no phy init data,will return
<6>[    0.700172] logger: created 1024K log 'autolink_log/mcu'
<6>[    0.702476] logger: created 1024K log 'autolink_log/system'
<6>[    0.704989] sps:BAM 0x078c4000 is registered.
<3>[    0.705088] IPA HW is not supported on this target
<6>[    0.706123] bimc-bwmon 408000.qcom,cpu-bwmon: BW HWmon governor registered.
<3>[    0.707938] devfreq soc:qcom,cpubw: Couldn't update frequency transition information.
<6>[    0.709640] coresight-fuse a601c.fuse: QPDI fuse not specified
<6>[    0.710969] coresight-fuse a601c.fuse: Fuse initialized
<6>[    0.715424] coresight-csr 6001000.csr: CSR initialized
<6>[    0.716177] coresight-tmc 6026000.tmc: Byte Counter feature enabled
<6>[    0.716974] sps:BAM 0x06084000 is registered.
<6>[    0.717479] coresight-tmc 6026000.tmc: TMC initialized
<6>[    0.718024] coresight-tmc 6025000.tmc: TMC initialized
<6>[    0.720244] nidnt boot config: 0
<6>[    0.721505] coresight-tpiu 6020000.tpiu: NIDnT on SDCARD only mode
<6>[    0.721738] coresight-tpiu 6020000.tpiu: TPIU initialized
<6>[    0.723346] coresight-replicator 6024000.replicator: REPLICATOR initialized
<6>[    0.724281] coresight-stm 6002000.stm: STM initialized
<6>[    0.724959] coresight-hwevent 606c000.hwevent: Hardware Event driver initialized
<3>[    0.726644] i2c-msm-v2 78b8000.i2c: msm_bus_scale_register_client(mstr-id:86):0x7 (ok)
<3>[    0.726866] i2c-msm-v2 78b8000.i2c: NACK: slave not responding, ensure its powered: msgs(n:2 cur:0 tx) bc(rx:2 tx:2) mode:FIFO slv_addr:0xa MSTR_STS:0x0d1300c8 OPER:0x00000010
<4>[    0.727076] sgtl5000: probe of 4-000a failed with error -107
<7>[    0.727725] of_get_named_gpiod_flags: parsed 'gpio-reset' property of node '/soc/i2c@78b8000/tlv320aic3x@18[0]' - status (0)
<4>[    0.727791] 4-0018 supply IOVDD not found, using dummy regulator
<4>[    0.727903] 4-0018 supply DVDD not found, using dummy regulator
<4>[    0.727976] 4-0018 supply AVDD not found, using dummy regulator
<4>[    0.728047] 4-0018 supply DRVDD not found, using dummy regulator
<3>[    0.737443] mdm9607-pinctrl 1000000.pinctrl: invalid group "gpio20" for function "sec_mi2s"
<3>[    0.737514] mdm9607-pinctrl 1000000.pinctrl: invalid group "gpio23" for function "sec_mi2s"
<3>[    0.737567] mdm9607-pinctrl 1000000.pinctrl: invalid group "gpio21" for function "sec_mi2s"
<3>[    0.737618] mdm9607-pinctrl 1000000.pinctrl: invalid group "gpio22" for function "sec_mi2s"
<3>[    0.737668] mdm9607-pinctrl 1000000.pinctrl: invalid group "gpio20" for function "sec_mi2s"
<3>[    0.737717] mdm9607-pinctrl 1000000.pinctrl: invalid group "gpio23" for function "sec_mi2s"
<3>[    0.737767] mdm9607-pinctrl 1000000.pinctrl: invalid group "gpio21" for function "sec_mi2s"
<3>[    0.737816] mdm9607-pinctrl 1000000.pinctrl: invalid group "gpio22" for function "sec_mi2s"
<6>[    0.741146] msm-compr-dsp soc:qcom,msm-compr-dsp: msm_compr_probe: dev name soc:qcom,msm-compr-dsp
<6>[    0.743903] msm_pcm_probe: dev name soc:qcom,msm-voice-host-pcm
<3>[    0.752918] mdm9607-asoc-snd soc:sound: Defering mdm_asoc_machine_probe, q6_state 0
<6>[    0.753423] Netfilter messages via NETLINK v0.30.
<6>[    0.753540] nf_conntrack version 0.5.0 (2437 buckets, 9748 max)
<6>[    0.754673] ctnetlink v0.93: registering with nfnetlink.
<6>[    0.755680] ip_set: protocol 6
<6>[    0.756260] ip_tables: (C) 2000-2006 Netfilter Core Team
<6>[    0.756521] arp_tables: (C) 2002 David S. Miller
<6>[    0.756624] TCP: cubic registered
<6>[    0.757555] NET: Registered protocol family 10
<6>[    0.758910] ip6_tables: (C) 2000-2006 Netfilter Core Team
<6>[    0.759242] sit: IPv6 over IPv4 tunneling driver
<6>[    0.760148] NET: Registered protocol family 17
<6>[    0.760277] bridge: automatic filtering via arp/ip/ip6tables has been deprecated. Update your scripts to load br_netfilter if you need this.
<5>[    0.760358] Bridge firewalling registered
<6>[    0.760391] Ebtables v2.0 registered
<6>[    0.760614] lib80211: common routines for IEEE802.11 drivers
<7>[    0.760645] lib80211_crypt: registered algorithm 'NULL'
<7>[    0.760668] lib80211_crypt: registered algorithm 'WEP'
<7>[    0.760689] lib80211_crypt: registered algorithm 'CCMP'
<7>[    0.760710] lib80211_crypt: registered algorithm 'TKIP'
<6>[    0.761770] NET: Registered protocol family 27
<7>[    0.765778] gpiochip_find_base: found new base at 852
<7>[    0.765943] gpiochip_add: registered GPIOs 852 to 883 on device: slave-kernel
<7>[    0.766287] gpiochip_find_base: found new base at 820
<7>[    0.766466] gpiochip_add: registered GPIOs 820 to 851 on device: master-kernel
<7>[    0.767095] of_get_named_gpiod_flags: parsed 'qcom,gpio-proxy-unvote' property of node '/soc/qcom,mss@4080000[0]' - status (0)
<7>[    0.768048] of_get_named_gpiod_flags: parsed 'qcom,gpio-err-fatal' property of node '/soc/qcom,mss@4080000[0]' - status (0)
<7>[    0.768074] of_get_named_gpiod_flags: parsed 'qcom,gpio-err-ready' property of node '/soc/qcom,mss@4080000[0]' - status (0)
<7>[    0.768096] of_get_named_gpiod_flags: parsed 'qcom,gpio-stop-ack' property of node '/soc/qcom,mss@4080000[0]' - status (0)
<7>[    0.768117] of_get_named_gpiod_flags: parsed 'qcom,gpio-force-stop' property of node '/soc/qcom,mss@4080000[0]' - status (0)
<7>[    0.768140] of_get_named_gpiod_flags: parsed 'qcom,gpio-shutdown-ack' property of node '/soc/qcom,mss@4080000[0]' - status (0)
<7>[    0.768749] of_get_named_gpiod_flags: can't parse 'qcom,chg-valid-gpio' property of node '/soc/i2c@78b8000/smb358-charger@57[0]'
<3>[    0.770239] i2c-msm-v2 78b8000.i2c: NACK: slave not responding, ensure its powered: msgs(n:2 cur:0 tx) bc(rx:1 tx:1) mode:FIFO slv_addr:0x57 MSTR_STS:0x0d1300c8 OPER:0x00000010
<3>[    0.770368] smb358-charger 4-0057: i2c read fail: can't read from 01: -107
<3>[    0.770401] SMB358 smb358_charger_probe: Failed to detect SMB358, device absent, rc = -107
<4>[    0.770451] smb358-charger: probe of 4-0057 failed with error -107
<3>[    0.781909] mdm9607-asoc-snd soc:sound: Defering mdm_asoc_machine_probe, q6_state 0
<7>[    0.785057] of_get_named_gpiod_flags: parsed 'gpios' property of node '/soc/qcom,smp2pgpio_test_smp2p_15_in[0]' - status (0)
<7>[    0.785179] of_get_named_gpiod_flags: parsed 'gpios' property of node '/soc/qcom,smp2pgpio_test_smp2p_15_out[0]' - status (0)
<7>[    0.785265] of_get_named_gpiod_flags: parsed 'gpios' property of node '/soc/qcom,smp2pgpio_test_smp2p_1_in[0]' - status (0)
<7>[    0.785345] of_get_named_gpiod_flags: parsed 'gpios' property of node '/soc/qcom,smp2pgpio_test_smp2p_1_out[0]' - status (0)
<3>[    0.926015] mdm9607-asoc-snd soc:sound: Defering mdm_asoc_machine_probe, q6_state 0
<5>[    0.926402] ubi0: attaching mtd13
<5>[    1.405309] ubi0: scanning is finished
<5>[    1.413722] ubi0: attached mtd13 (name "system", size 100 MiB)
<5>[    1.413764] ubi0: PEB size: 131072 bytes (128 KiB), LEB size: 126976 bytes
<5>[    1.413792] ubi0: min./max. I/O unit sizes: 2048/2048, sub-page size 2048
<5>[    1.413821] ubi0: VID header offset: 2048 (aligned 2048), data offset: 4096
<5>[    1.413849] ubi0: good PEBs: 800, bad PEBs: 0, corrupted PEBs: 0
<5>[    1.413875] ubi0: user volume: 1, internal volumes: 1, max. volumes count: 128
<5>[    1.413909] ubi0: max/mean erase counter: 8/4, WL threshold: 4096, image sequence number: 35657280
<5>[    1.413944] ubi0: available PEBs: 0, total reserved PEBs: 800, PEBs reserved for bad PEB handling: 80
<6>[    1.414094] RNDIS_IPA module is loaded.
<6>[    1.415138] file system registered
<6>[    1.415295] mbim_init: initialize 1 instances
<6>[    1.415475] mbim_init: Initialized 1 ports
<5>[    1.415856] ubi0: background thread "ubi_bgt0d" started, PID 122
<6>[    1.418593] rndis_qc_init: initialize rndis QC instance
<6>[    1.419179] Number of LUNs=8
<6>[    1.419268] Mass Storage Function, version: 2009/09/11
<6>[    1.419301] LUN: removable file: (no medium)
<6>[    1.419420] Number of LUNs=1
<6>[    1.419555] LUN: removable file: (no medium)
<6>[    1.419583] Number of LUNs=1
<6>[    1.420067] android_usb gadget: android_usb ready
<6>[    1.420110] msm_hsusb msm_hsusb: [ci13xxx_start] hw_ep_max = 32
<6>[    1.420183] msm_hsusb msm_hsusb: CI13XXX_CONTROLLER_RESET_EVENT received
<6>[    1.420219] msm_hsusb msm_hsusb: CI13XXX_CONTROLLER_UDC_STARTED_EVENT received
<3>[    1.420735] mdm9607-asoc-snd soc:sound: Defering mdm_asoc_machine_probe, q6_state 0
<6>[    1.421330] qcom,qpnp-rtc qpnp-rtc-5: setting system clock to 1970-01-01 00:00:04 UTC (4)
<3>[    1.422606] mdm9607-asoc-snd soc:sound: Defering mdm_asoc_machine_probe, q6_state 0
<6>[    1.424688] parse_legacy_cluster_params(): Ignoring cluster params
<6>[    1.424758] /soc/qcom,lpm-levels/qcom,pm-cluster@0: No CPU phandle, assuming single cluster
<3>[    1.426033] mdm9607-asoc-snd soc:sound: Defering mdm_asoc_machine_probe, q6_state 0
<6>[    1.428351] qcom,cc-debug-mdm9607 1800000.qcom,debug: Registered Debug Mux successfully
<3>[    1.428833] mdm9607-asoc-snd soc:sound: Defering mdm_asoc_machine_probe, q6_state 0
<6>[    1.429361] emac_lan_vreg: disabling
<6>[    1.429417] mem_acc_corner: disabling
<6>[    1.429451] clock_late_init: Removing enables held for handed-off clocks
<6>[    1.431102] ALSA device list:
<6>[    1.431134]   No soundcards found.
<5>[    1.466898] UBIFS (ubi0:0): recovery needed
<5>[    1.546543] UBIFS (ubi0:0): recovery deferred
<5>[    1.546701] UBIFS (ubi0:0): UBIFS: mounted UBI device 0, volume 0, name "rootfs", R/O mode
<5>[    1.546741] UBIFS (ubi0:0): LEB size: 126976 bytes (124 KiB), min./max. I/O unit sizes: 2048 bytes/2048 bytes
<5>[    1.546783] UBIFS (ubi0:0): FS size: 89518080 bytes (85 MiB, 705 LEBs), journal size 9023488 bytes (8 MiB, 72 LEBs)
<5>[    1.546821] UBIFS (ubi0:0): reserved for root: 0 bytes (0 KiB)
<5>[    1.546854] UBIFS (ubi0:0): media format: w4/r0 (latest is w4/r0), UUID BD8561F1-4FB4-4FE5-941C-5AA4F7BE90D7, small LPT model
<6>[    1.548067] VFS: Mounted root (ubifs filesystem) readonly on device 0:12.
<6>[    1.549072] Freeing unused kernel memory: 340K (c0c2d000 - c0c82000)
<5>[    2.311750] UBIFS (ubi0:0): completing deferred recovery
<5>[    2.371984] UBIFS (ubi0:0): background thread "ubifs_bgt0_0" started, PID 155
<5>[    2.372051] UBIFS (ubi0:0): deferred recovery completed
<3>[    2.544361] enable_store: android_usb: already disabled
<5>[    2.640957] ubi8: attaching mtd8
<6>[    2.750799] read descriptors
<6>[    2.750859] read strings
<6>[    2.750915] rndis_function_bind_config: rndis_function_bind_config MAC: 00:00:00:00:00:00
<4>[    2.751008] android_usb gadget: using random self ethernet address
<4>[    2.751047] android_usb gadget: using random host ethernet address
<6>[    2.755289] rndis0: MAC 62:db:50:ef:b6:28
<6>[    2.755332] rndis0: HOST MAC 52:f2:7c:dc:ce:a3
<6>[    2.768301] msm_hsusb msm_hsusb: CI13XXX_CONTROLLER_CONNECT_EVENT received
<6>[    2.910250] msm_otg 78d9000.usb: Avail curr from USB = 100
<6>[    2.910537] android_work: android_work: did not send uevent (0 0   (null))
<6>[    2.963135] android_work: android_work: sent uevent USB_STATE=CONNECTED
<6>[    2.968799] android_work: android_work: sent uevent USB_STATE=DISCONNECTED
<6>[    3.035845] android_work: android_work: sent uevent USB_STATE=CONNECTED
<6>[    3.058520] android_usb gadget: high-speed config #1: 86000c8.android_usb
<6>[    3.058776] msm_otg 78d9000.usb: Avail curr from USB = 500
<6>[    3.114115] android_work: android_work: sent uevent USB_STATE=CONFIGURED
<5>[    3.201643] ubi8: scanning is finished
<5>[    3.209843] ubi8: attached mtd8 (name "modem", size 55 MiB)
<5>[    3.209889] ubi8: PEB size: 131072 bytes (128 KiB), LEB size: 126976 bytes
<5>[    3.209918] ubi8: min./max. I/O unit sizes: 2048/2048, sub-page size 2048
<5>[    3.209946] ubi8: VID header offset: 2048 (aligned 2048), data offset: 4096
<5>[    3.209975] ubi8: good PEBs: 446, bad PEBs: 0, corrupted PEBs: 0
<5>[    3.210001] ubi8: user volume: 1, internal volumes: 1, max. volumes count: 128
<5>[    3.210034] ubi8: max/mean erase counter: 4/1, WL threshold: 4096, image sequence number: 1328192
<5>[    3.210069] ubi8: available PEBs: 0, total reserved PEBs: 446, PEBs reserved for bad PEB handling: 80
<5>[    3.213665] ubi8: background thread "ubi_bgt8d" started, PID 207
<5>[    3.391759] UBIFS (ubi8:0): recovery needed
<5>[    3.444575] UBIFS (ubi8:0): recovery deferred
<5>[    3.444745] UBIFS (ubi8:0): UBIFS: mounted UBI device 8, volume 0, name "modem", R/O mode
<5>[    3.444786] UBIFS (ubi8:0): LEB size: 126976 bytes (124 KiB), min./max. I/O unit sizes: 2048 bytes/2048 bytes
<5>[    3.444828] UBIFS (ubi8:0): FS size: 44695552 bytes (42 MiB, 352 LEBs), journal size 7364608 bytes (7 MiB, 58 LEBs)
<5>[    3.444865] UBIFS (ubi8:0): reserved for root: 0 bytes (0 KiB)
<5>[    3.444899] UBIFS (ubi8:0): media format: w4/r0 (latest is w4/r0), UUID DC706597-D68C-4C98-8DE6-D9F88E5CCEAD, small LPT model
<5>[    3.479851] ubi14: attaching mtd14
<5>[    3.580134] ubi14: scanning is finished
<4>[    3.586797] ubi14 warning: print_rsvd_warning: cannot reserve enough PEBs for bad PEB handling, reserved 73, need 80
<5>[    3.587867] ubi14: attached mtd14 (name "oeminfo", size 20 MiB)
<5>[    3.587909] ubi14: PEB size: 131072 bytes (128 KiB), LEB size: 126976 bytes
<5>[    3.587939] ubi14: min./max. I/O unit sizes: 2048/2048, sub-page size 2048
<5>[    3.587968] ubi14: VID header offset: 2048 (aligned 2048), data offset: 4096
<5>[    3.587996] ubi14: good PEBs: 160, bad PEBs: 0, corrupted PEBs: 0
<5>[    3.588023] ubi14: user volume: 1, internal volumes: 1, max. volumes count: 128
<5>[    3.588057] ubi14: max/mean erase counter: 5/2, WL threshold: 4096, image sequence number: 34870392
<5>[    3.588093] ubi14: available PEBs: 0, total reserved PEBs: 160, PEBs reserved for bad PEB handling: 73
<5>[    3.590076] ubi14: background thread "ubi_bgt14d" started, PID 220
<5>[    3.724175] UBIFS (ubi14:0): background thread "ubifs_bgt14_0" started, PID 225
<5>[    3.752196] UBIFS (ubi14:0): recovery needed
<5>[    3.855328] UBIFS (ubi14:0): recovery completed
<5>[    3.855498] UBIFS (ubi14:0): UBIFS: mounted UBI device 14, volume 0, name "conf"
<5>[    3.855538] UBIFS (ubi14:0): LEB size: 126976 bytes (124 KiB), min./max. I/O unit sizes: 2048 bytes/2048 bytes
<5>[    3.855580] UBIFS (ubi14:0): FS size: 9142272 bytes (8 MiB, 72 LEBs), journal size 9023488 bytes (8 MiB, 72 LEBs)
<5>[    3.855617] UBIFS (ubi14:0): reserved for root: 0 bytes (0 KiB)
<5>[    3.855650] UBIFS (ubi14:0): media format: w4/r0 (latest is w4/r0), UUID 9EDC4307-C802-4BF9-A37C-6C5FD1DD214E, small LPT model
<5>[    3.892213] ubi15: attaching mtd15
<5>[    4.389378] ubi15: scanning is finished
<5>[    4.398267] ubi15: attached mtd15 (name "system_b", size 100 MiB)
<5>[    4.398315] ubi15: PEB size: 131072 bytes (128 KiB), LEB size: 126976 bytes
<5>[    4.398344] ubi15: min./max. I/O unit sizes: 2048/2048, sub-page size 2048
<5>[    4.398373] ubi15: VID header offset: 2048 (aligned 2048), data offset: 4096
<5>[    4.398402] ubi15: good PEBs: 800, bad PEBs: 0, corrupted PEBs: 0
<5>[    4.398429] ubi15: user volume: 1, internal volumes: 1, max. volumes count: 128
<5>[    4.398464] ubi15: max/mean erase counter: 1/0, WL threshold: 4096, image sequence number: 303301672
<5>[    4.398499] ubi15: available PEBs: 0, total reserved PEBs: 800, PEBs reserved for bad PEB handling: 80
<5>[    4.400440] ubi15: background thread "ubi_bgt15d" started, PID 234
<5>[    4.562834] UBIFS (ubi15:0): recovery needed
<5>[    4.582154] UBIFS (ubi15:0): recovery deferred
<5>[    4.582327] UBIFS (ubi15:0): UBIFS: mounted UBI device 15, volume 0, name "backup", R/O mode
<5>[    4.582367] UBIFS (ubi15:0): LEB size: 126976 bytes (124 KiB), min./max. I/O unit sizes: 2048 bytes/2048 bytes
<5>[    4.582409] UBIFS (ubi15:0): FS size: 89518080 bytes (85 MiB, 705 LEBs), journal size 9023488 bytes (8 MiB, 72 LEBs)
<5>[    4.582447] UBIFS (ubi15:0): reserved for root: 0 bytes (0 KiB)
<5>[    4.582480] UBIFS (ubi15:0): media format: w4/r0 (latest is w4/r0), UUID 95551405-A4F2-4FBD-9143-5732B9D92211, small LPT model
<5>[    4.617881] ubi16: attaching mtd16
<5>[    5.702590] ubi16: scanning is finished
<5>[    5.719741] ubi16: attached mtd16 (name "vendor", size 170 MiB)
<5>[    5.719792] ubi16: PEB size: 131072 bytes (128 KiB), LEB size: 126976 bytes
<5>[    5.719821] ubi16: min./max. I/O unit sizes: 2048/2048, sub-page size 2048
<5>[    5.719850] ubi16: VID header offset: 2048 (aligned 2048), data offset: 4096
<5>[    5.719879] ubi16: good PEBs: 1360, bad PEBs: 0, corrupted PEBs: 0
<5>[    5.719906] ubi16: user volume: 1, internal volumes: 1, max. volumes count: 128
<5>[    5.719940] ubi16: max/mean erase counter: 6/3, WL threshold: 4096, image sequence number: 2381328
<5>[    5.719975] ubi16: available PEBs: 0, total reserved PEBs: 1360, PEBs reserved for bad PEB handling: 80
<5>[    5.721946] ubi16: background thread "ubi_bgt16d" started, PID 295
<5>[    5.854134] UBIFS (ubi16:0): background thread "ubifs_bgt16_0" started, PID 307
<5>[    5.927063] UBIFS (ubi16:0): recovery needed
<5>[    6.077050] UBIFS (ubi16:0): recovery completed
<5>[    6.077225] UBIFS (ubi16:0): UBIFS: mounted UBI device 16, volume 0, name "data"
<5>[    6.077264] UBIFS (ubi16:0): LEB size: 126976 bytes (124 KiB), min./max. I/O unit sizes: 2048 bytes/2048 bytes
<5>[    6.077307] UBIFS (ubi16:0): FS size: 160624640 bytes (153 MiB, 1265 LEBs), journal size 9023488 bytes (8 MiB, 72 LEBs)
<5>[    6.077346] UBIFS (ubi16:0): reserved for root: 0 bytes (0 KiB)
<5>[    6.077379] UBIFS (ubi16:0): media format: w4/r0 (latest is w4/r0), UUID 667710EE-9595-4DB4-A5A8-4BC0AAFBF445, small LPT model
<6>[    6.380649] subsys-restart: __subsystem_get(): Changing subsys fw_name to modem
<6>[    6.391751] pil-q6v5-mss 4080000.qcom,mss: modem: loading from 0x82a00000 to 0x87a00000
<4>[    6.439291] pil-q6v5-mss 4080000.qcom,mss: Debug policy not present - msadp. Continue.
<6>[    6.442290] pil-q6v5-mss 4080000.qcom,mss: Loading MBA and DP (if present) from 0x8f900000 to 0x8fa00000
<6>[    6.490231] pil-q6v5-mss 4080000.qcom,mss: MBA boot done
<12>[    7.744445] QCMAP:start
<12>[    7.828194] QTI:start
<12>[    8.396788] USB QCMAP NL IOCTL Snd GETNEIGH Succ
<4>[    8.527895] ------------[ cut here ]------------
<4>[    8.527972] WARNING: CPU: 0 PID: 482 at /home/exdisk2/userhome/dfsk516L-19/.dfsk516L-19/oe-core/build/tmp-glibc/work-shared/mdm9607/kernel-source/net/netfilter/nf_queue.c:35 nf_register_queue_handler+0x28/0x38()
<4>[    8.528027] Modules linked in:
<4>[    8.528057] CPU: 0 PID: 482 Comm: sh Not tainted 3.18.20 #1
<4>[    8.528108] [<c0013e48>] (unwind_backtrace) from [<c0011e38>] (show_stack+0x10/0x14)
<4>[    8.528155] [<c0011e38>] (show_stack) from [<c001d554>] (warn_slowpath_common+0x68/0x88)
<4>[    8.528199] [<c001d554>] (warn_slowpath_common) from [<c001d604>] (warn_slowpath_null+0x18/0x20)
<4>[    8.528242] [<c001d604>] (warn_slowpath_null) from [<c06b3578>] (nf_register_queue_handler+0x28/0x38)
<4>[    8.528291] [<c06b3578>] (nf_register_queue_handler) from [<c06cf150>] (proc_sip_segment+0x58/0x9c)
<4>[    8.528340] [<c06cf150>] (proc_sip_segment) from [<c0136510>] (proc_sys_call_handler+0x98/0xb4)
<4>[    8.528387] [<c0136510>] (proc_sys_call_handler) from [<c013653c>] (proc_sys_write+0x10/0x18)
<4>[    8.528431] [<c013653c>] (proc_sys_write) from [<c00e3fd0>] (vfs_write+0xb8/0x170)
<4>[    8.528471] [<c00e3fd0>] (vfs_write) from [<c00e4440>] (SyS_write+0x40/0x80)
<4>[    8.528508] [<c00e4440>] (SyS_write) from [<c000e680>] (ret_fast_syscall+0x0/0x38)
<4>[    8.528542] ---[ end trace da8345f449320e31 ]---
<6>[   13.492269] pil-q6v5-mss 4080000.qcom,mss: modem: Brought out of reset
<3>[   13.579150] mdm9607-asoc-snd soc:sound: Defering mdm_asoc_machine_probe, q6_state 0
<6>[   13.579281] pil-q6v5-mss 4080000.qcom,mss: Subsystem error monitoring/handling services are up
<6>[   13.579437] pil-q6v5-mss 4080000.qcom,mss: modem: Power/Clock ready interrupt received
<3>[   13.579623] M-Notify: General: 7
<3>[   13.674891] diag: In diag_send_feature_mask_update, control channel is not open, p: 0, c0e0ab58
<6>[   13.683434] apr_tal:Modem Is Up
<4>[   13.732819] msm-pcm-routing soc:qcom,msm-pcm-routing: ASoC: no dapm match for VOICEMMODE1_DL --> VoiceMMode1 --> SEC_MI2S_RX_Voice Mixer
<3>[   13.732885] msm-pcm-routing soc:qcom,msm-pcm-routing: ASoC: Failed to add route VOICEMMODE1_DL -> VoiceMMode1 -> SEC_MI2S_RX_Voice Mixer
<4>[   13.732966] msm-pcm-routing soc:qcom,msm-pcm-routing: ASoC: no dapm match for VOICEMMODE2_DL --> VoiceMMode2 --> SEC_MI2S_RX_Voice Mixer
<3>[   13.733013] msm-pcm-routing soc:qcom,msm-pcm-routing: ASoC: Failed to add route VOICEMMODE2_DL -> VoiceMMode2 -> SEC_MI2S_RX_Voice Mixer
<4>[   13.901252] msm-pcm-routing soc:qcom,msm-pcm-routing: ASoC: no dapm match for VOICE2_STUB_DL --> Voice2 Stub --> INTERNAL_BT_SCO_RX_Voice Mixer
<3>[   13.901319] msm-pcm-routing soc:qcom,msm-pcm-routing: ASoC: Failed to add route VOICE2_STUB_DL -> Voice2 Stub -> INTERNAL_BT_SCO_RX_Voice Mixer
<3>[   13.902960] msm-pcm-routing soc:qcom,msm-pcm-routing: ASoC: no sink widget found for SENARY_MI2S_TX
<3>[   13.903006] msm-pcm-routing soc:qcom,msm-pcm-routing: ASoC: Failed to add route BE_IN -> direct -> SENARY_MI2S_TX
<3>[   14.031615] msm-pcm-routing soc:qcom,msm-pcm-routing: ASoC: mux SLIM_0_RX AANC MUX has no paths
<4>[   14.147970] aic3x init success
<3>[   14.154708] msm-dai-stub-dev soc:qcom,msm-dai-stub:qcom,msm-dai-stub-dtmf-tx: ASoC: no sink widget found for STUB_DTMF_TX
<3>[   14.154767] msm-dai-stub-dev soc:qcom,msm-dai-stub:qcom,msm-dai-stub-dtmf-tx: ASoC: Failed to add route DTMF TX -> direct -> STUB_DTMF_TX
<3>[   14.154884] msm-dai-stub-dev soc:qcom,msm-dai-stub:qcom,msm-dai-stub-host-rx-capture-tx: ASoC: no sink widget found for STUB_HOST_RX_CAPTURE_TX
<3>[   14.154934] msm-dai-stub-dev soc:qcom,msm-dai-stub:qcom,msm-dai-stub-host-rx-capture-tx: ASoC: Failed to add route CS-VOICE HOST RX CAPTURE -> direct -> STUB_HOST_RX_CAPTURE_TX
<3>[   14.155048] msm-dai-stub-dev soc:qcom,msm-dai-stub:qcom,msm-dai-stub-host-rx-playback-rx: ASoC: no source widget found for STUB_HOST_RX_PLAYBACK_RX
<3>[   14.155097] msm-dai-stub-dev soc:qcom,msm-dai-stub:qcom,msm-dai-stub-host-rx-playback-rx: ASoC: Failed to add route STUB_HOST_RX_PLAYBACK_RX -> direct -> CS-VOICE HOST RX PLAYBACK
<3>[   14.155216] msm-dai-stub-dev soc:qcom,msm-dai-stub:qcom,msm-dai-stub-host-tx-capture-tx: ASoC: no sink widget found for STUB_HOST_TX_CAPTURE_TX
<3>[   14.155266] msm-dai-stub-dev soc:qcom,msm-dai-stub:qcom,msm-dai-stub-host-tx-capture-tx: ASoC: Failed to add route CS-VOICE HOST TX CAPTURE -> direct -> STUB_HOST_TX_CAPTURE_TX
<3>[   14.155377] msm-dai-stub-dev soc:qcom,msm-dai-stub:qcom,msm-dai-stub-host-tx-playback-rx: ASoC: no source widget found for STUB_HOST_TX_PLAYBACK_RX
<3>[   14.155428] msm-dai-stub-dev soc:qcom,msm-dai-stub:qcom,msm-dai-stub-host-tx-playback-rx: ASoC: Failed to add route STUB_HOST_TX_PLAYBACK_RX -> direct -> CS-VOICE HOST TX PLAYBACK
<3>[   14.169020] mdm9607-asoc-snd soc:sound: ASoC: no sink widget found for MIC_IN
<3>[   14.169074] mdm9607-asoc-snd soc:sound: ASoC: Failed to add route Mic Bias -> direct -> MIC_IN
<12>[   14.765047] embms:start/load
<3>[   14.864117] diag: In diagfwd_data_read_done, unable to write to mux error: -19
<6>[   15.839135] msm_thermal:set_enabled enabled = 0
<12>[   15.988215] USB QCMAP NL IOCTL Snd GETNEIGH Succ
<5>[   16.128626] random: lighttpd urandom read with 67 bits of entropy available
<6>[   16.189168] sps:BAM 0x04044000 is registered.
<6>[   16.189450] sps:BAM 0x04044000 (va:0xd1bc0000) enabled: ver:0x27, number of pipes:6
<12>[   17.262063] eMBMs Tunneling Module:start
<6>[   17.708411] device rndis0 entered promiscuous mode
<6>[   17.822770] bridge0: port 1(rndis0) entered forwarding state
<6>[   17.822874] bridge0: port 1(rndis0) entered forwarding state
<12>[   17.847836] USB QCMAP NL IOCTL Snd GETNEIGH Succ
<12>[   17.927980] USB QCMAP NL IOCTL Snd GETNEIGH Succ
<12>[   18.028205] USB QCMAP NL IOCTL Snd GETNEIGH Succ
<12>[   18.067760] QTI:RNDIS mode
<12>[   18.113827] QTI:LINK_UP message posted
<12>[   18.124682] QCMAP:Start DHCP server
<12>[   18.175860] Shortcut_FE_IPV4:start/load
<12>[   18.257186] Shortcut_FE_IPV6:start/load
<12>[   18.339290] Shortcut_FE_CM:start/load
<12>[   18.727514] QCMAP:DHCP server started
<12>[   18.738744] QCMAP:DHCP server started
<12>[   19.132737] QCMAP:Init Complete
<12>[   19.429332] USB QCMAP NL IOCTL Snd GETNEIGH Succ
<12>[   19.484714] QTI:Processing LINK_UP
<12>[   19.503829] QTI:Enable mobileap
<12>[   19.557001] QCMAP:Enable mobileap
<12>[   20.094522] QTI_PPP:start
<12>[   21.078713] QCMAP:Enable mobileap done
<12>[   21.123806] QTI:Setup TETHERED link
<12>[   21.543613] mbimd: Proc start
<6>[   21.595242] mbim_open: Open mbim driver
<6>[   21.595285] mbim_open: Lock mbim_dev->open_excl for open
<3>[   21.595309] mbim_open: USB cable not connected
<6>[   21.595330] mbim_open: Exit, mbim file opened
<12>[   22.728897] QTI:LINK_UP Processed
<6>[   23.669791] msm_hsl_set_baud_rate: setting uartclk rate 7372800
<6>[   23.669959] msm_hsl_set_baud_rate: setting uartclk rate 7372800
<6>[   23.670035] msm_hsl_set_baud_rate: setting uartclk rate 7372800
<3>[   26.671791] tbox: mcu_wake_mpu 0 2 0
<5>[   28.264065] random: nonblocking pool is initialized
[1980-01-06 08:00:16]<6>[    0.000000] Booting Linux on physical CPU 0x0
<6>[    0.000000] Initializing cgroup subsys cpu
<6>[    0.000000] Initializing cgroup subsys cpuacct
<5>[    0.000000] Linux version 3.18.20 (dfsk516L-19@server) (gcc version 4.9.2 (GCC) ) #1 PREEMPT Thu Oct 31 14:35:40 CST 2019
<6>[    0.000000] CPU: ARMv7 Processor [410fc075] revision 5 (ARMv7), cr=10c53c7d
<6>[    0.000000] CPU: PIPT / VIPT nonaliasing data cache, VIPT aliasing instruction cache
<6>[    0.000000] Machine model: Qualcomm Technologies, Inc. MDM 9607 MTP
<6>[    0.000000] Early serial console at I/O port 0x0 (options '')
<6>[    0.000000] bootconsole [uart0] enabled
<6>[    0.000000] Reserved memory: reserved region for node 'modem_adsp_region@0': base 0x82a00000, size 80 MiB
<6>[    0.000000] Reserved memory: reserved region for node 'cnss_debug_region@0': base 0x87a00000, size 2 MiB
<6>[    0.000000] Reserved memory: reserved region for node 'external_image_region@0': base 0x87c00000, size 4 MiB
<6>[    0.000000] Removed memory: created DMA memory pool at 0x82a00000, size 80 MiB
<6>[    0.000000] Reserved memory: initialized node modem_adsp_region@0, compatible id removed-dma-pool
<6>[    0.000000] Removed memory: created DMA memory pool at 0x87a00000, size 2 MiB
<6>[    0.000000] Reserved memory: initialized node cnss_debug_region@0, compatible id removed-dma-pool
<6>[    0.000000] Removed memory: created DMA memory pool at 0x87c00000, size 4 MiB
<6>[    0.000000] Reserved memory: initialized node external_image_region@0, compatible id removed-dma-pool
<6>[    0.000000] Reserved memory: allocated memory for 'audio_region@0' node: base 0x8fc00000, size 4 MiB
<6>[    0.000000] Reserved memory: created CMA memory pool at 0x8fc00000, size 4 MiB
<6>[    0.000000] Reserved memory: initialized node audio_region@0, compatible id shared-dma-pool
<6>[    0.000000] cma: Reserved 4 MiB at 0x8f800000
<6>[    0.000000] Memory policy: Data cache writeback
<7>[    0.000000] On node 0 totalpages: 64000
<7>[    0.000000] free_area_init_node: node 0, pgdat c0d0c84c, node_mem_map cf58e000
<7>[    0.000000]   Normal zone: 576 pages used for memmap
<7>[    0.000000]   Normal zone: 0 pages reserved
<7>[    0.000000]   Normal zone: 64000 pages, LIFO batch:15
<6>[    0.000000] CPU: All CPU(s) started in SVC mode.
<7>[    0.000000] pcpu-alloc: s0 r0 d32768 u32768 alloc=1*32768
<7>[    0.000000] pcpu-alloc: [0] 0 
<4>[    0.000000] Built 1 zonelists in Zone order, mobility grouping on.  Total pages: 63424
<5>[    0.000000] Kernel command line: noinitrd ro androidboot.hardware=qcom ehci-hcd.park=3 msm_rtb.filter=0x37 lpm_levels.sleep_disabled=1  earlycon=msm_hsl_uart,0x78b3000  androidboot.serialno=5b47b7c1 androidboot.authorized_kernel=true androidboot.baseband=msm rootfstype=ubifs rootflags=bulk_read root=ubi0:rootfs ubi.mtd=13
<6>[    0.000000] PID hash table entries: 1024 (order: 0, 4096 bytes)
<6>[    0.000000] Dentry cache hash table entries: 32768 (order: 5, 131072 bytes)
<6>[    0.000000] Inode-cache hash table entries: 16384 (order: 4, 65536 bytes)
<4>[    0.000000] Memory: 147776K/256000K available (8577K kernel code, 842K rwdata, 3856K rodata, 340K init, 1406K bss, 108224K reserved)
<5>[    0.000000] Virtual kernel memory layout:
<5>[    0.000000]     vector  : 0xffff0000 - 0xffff1000   (   4 kB)
<5>[    0.000000]     fixmap  : 0xffc00000 - 0xfff00000   (3072 kB)
<5>[    0.000000]     vmalloc : 0xd0800000 - 0xff000000   ( 744 MB)
<5>[    0.000000]     lowmem  : 0xc0000000 - 0xd0000000   ( 256 MB)
<5>[    0.000000]     modules : 0xbf000000 - 0xc0000000   (  16 MB)
<5>[    0.000000]       .text : 0xc0008000 - 0xc0c2c91c   (12435 kB)
<5>[    0.000000]       .init : 0xc0c2d000 - 0xc0c82000   ( 340 kB)
<5>[    0.000000]       .data : 0xc0c82000 - 0xc0d54ba0   ( 843 kB)
<5>[    0.000000]        .bss : 0xc0d54c64 - 0xc0eb45c0   (1407 kB)
<6>[    0.000000] SLUB: HWalign=64, Order=0-3, MinObjects=0, CPUs=1, Nodes=1
<6>[    0.000000] Preemptible hierarchical RCU implementation.
<6>[    0.000000] NR_IRQS:16 nr_irqs:16 16
<2>[    0.000000] GIC CPU mask not found - kernel will fail to boot.
<2>[    0.000000] GIC CPU mask not found - kernel will fail to boot.
<4>[    0.000000] mpm_init_irq_domain(): Cannot find irq controller for qcom,gpio-parent
<3>[    0.000000] MPM 1 irq mapping errored -517
<6>[    0.000000] Architected mmio timer(s) running at 19.20MHz (virt).
<6>[    0.000010] sched_clock: 56 bits at 19MHz, resolution 52ns, wraps every 3579139424256ns
<6>[    0.007973] Switching to timer-based delay loop, resolution 52ns
<6>[    0.013967] Switched to clocksource arch_mem_counter
<6>[    0.019716] Console: colour dummy device 80x30
<6>[    0.023337] console [tty0] enabled
<6>[    0.026760] bootconsole [uart0] disabled
<6>[    0.030635] Calibrating delay loop (skipped), value calculated using timer frequency.. 38.40 BogoMIPS (lpj=192000)
<6>[    0.030674] pid_max: default: 32768 minimum: 301
<6>[    0.030897] Mount-cache hash table entries: 1024 (order: 0, 4096 bytes)
<6>[    0.030936] Mountpoint-cache hash table entries: 1024 (order: 0, 4096 bytes)
<6>[    0.031811] Initializing cgroup subsys freezer
<6>[    0.031880] CPU: Testing write buffer coherency: ok
<6>[    0.032429] Setting up static identity map for 0x8082d370 - 0x8082d3c8
<4>[    0.033703] 
<4>[    0.033703] **********************************************************
<4>[    0.033744] **   NOTICE NOTICE NOTICE NOTICE NOTICE NOTICE NOTICE   **
<4>[    0.033766] **                                                      **
<4>[    0.033787] ** trace_printk() being used. Allocating extra memory.  **
<4>[    0.033808] **                                                      **
<4>[    0.033830] ** This means that this is a DEBUG kernel and it is     **
<4>[    0.033851] ** unsafe for produciton use.                           **
<4>[    0.033872] **                                                      **
<4>[    0.033893] ** If you see this message and you are not debugging    **
<4>[    0.033914] ** the kernel, report this immediately to your vendor!  **
<4>[    0.033935] **                                                      **
<4>[    0.033956] **   NOTICE NOTICE NOTICE NOTICE NOTICE NOTICE NOTICE   **
<4>[    0.034055] **********************************************************
<6>[    0.061039] MSM Memory Dump base table set up
<6>[    0.061137] MSM Memory Dump apps data table set up
<6>[    0.071806] VFP support v0.3: implementor 41 architecture 2 part 30 variant 7 rev 5
<6>[    0.079391] pinctrl core: initialized pinctrl subsystem
<6>[    0.079957] regulator-dummy: no parameters
<6>[    0.111744] NET: Registered protocol family 16
<6>[    0.123600] DMA: preallocated 256 KiB pool for atomic coherent allocations
<6>[    0.184032] cpuidle: using governor ladder
<6>[    0.214023] cpuidle: using governor menu
<6>[    0.244022] cpuidle: using governor qcom
<6>[    0.253410] msm_watchdog b017000.qcom,wdt: wdog absent resource not present
<6>[    0.253842] msm_watchdog b017000.qcom,wdt: MSM Watchdog Initialized
<3>[    0.263425] spmi_pmic_arb 200f000.qcom,spmi: PMIC Arb Version-2 0x20010000
<6>[    0.266476] platform 4080000.qcom,mss: assigned reserved memory node modem_adsp_region@0
<4>[    0.267277] irq: no irq domain found for /soc/pinctrl@1000000 !
<6>[    0.267846] mem_acc_corner: 0 <--> 0 mV 
<6>[    0.268954] hw-breakpoint: found 5 (+1 reserved) breakpoint and 4 watchpoint registers.
<6>[    0.268995] hw-breakpoint: maximum watchpoint size is 8 bytes.
<7>[    0.269974] gpiochip_add: registered GPIOs 0 to 79 on device: 1000000.pinctrl
<7>[    0.269999] GPIO chip 1000000.pinctrl: created GPIO range 0->79 ==> 1000000.pinctrl PIN 0->79
<4>[    0.270629] __of_mpm_init(): MPM driver mapping exists
<4>[    0.271250] msm_rpm_glink_dt_parse: qcom,rpm-glink compatible not matches
<6>[    0.271288] msm_rpm_dev_probe: APSS-RPM communication over SMD
<3>[    0.271979] msm_mpm_dev_probe(): Cannot get clk resource for XO: -517
<3>[    0.274725] smd_channel_probe_now: allocation table not initialized
<6>[    0.277166] mdm9607_s1: 1050 <--> 1350 mV at 1225 mV normal idle 
<6>[    0.277418] spm_regulator_probe: name=mdm9607_s1, range=LV, voltage=1225000 uV, mode=AUTO, step rate=4800 uV/us
<6>[    0.278014] cpr_efuse_init: apc_corner: efuse_addr = 0x000a4000 (len=0x1000)
<6>[    0.278086] cpr_read_fuse_revision: apc_corner: fuse revision = 2
<6>[    0.278122] cpr_parse_speed_bin_fuse: apc_corner: [row: 37]: 0x41d15d325b47b7c1, speed_bits = 4
<6>[    0.278230] cpr_pvs_init: apc_corner: pvs voltage: [1050000 1100000 1250000] uV
<6>[    0.278267] cpr_pvs_init: apc_corner: ceiling voltage: [1050000 1225000 1350000] uV
<6>[    0.278300] cpr_pvs_init: apc_corner: floor voltage: [1050000 1050000 1150000] uV
<6>[    0.279027] i2c-msm-v2 78b8000.i2c: probing driver i2c-msm-v2
<3>[    0.279127] i2c-msm-v2 78b8000.i2c: error on clk_get(core_clk):-517
<3>[    0.279162] i2c-msm-v2 78b8000.i2c: error probe() failed with err:-517
<6>[    0.282207] msm-thermal soc:qcom,msm-thermal: msm_thermal:Failed reading node=/soc/qcom,msm-thermal, key=qcom,core-limit-temp. err=-22. KTM continues
<6>[    0.282285] msm-thermal soc:qcom,msm-thermal: probe_therm_reset:Failed reading node=/soc/qcom,msm-thermal, key=qcom,therm-reset-temp err=-22. KTM continues
<3>[    0.282333] msm_thermal:get_kernel_cluster_info CPU0 topology not initialized.
<6>[    0.282415] msm_thermal:vdd_restriction_reg_init Defer regulator vdd-dig probe
<3>[    0.282449] msm_thermal:probe_vdd_rstr Err regulator init. err:-517. KTM continues.
<6>[    0.282486] msm-thermal soc:qcom,msm-thermal: probe_vdd_rstr:Failed reading node=/soc/qcom,msm-thermal, key=qcom,max-freq-level. err=-517. KTM continues
<3>[    0.282532] msm_thermal:msm_thermal_dev_probe Failed reading node=/soc/qcom,msm-thermal, key=qcom,online-hotplug-core. err:-517
<6>[    0.284391] sps:sps is ready.
<4>[    0.286704] msm_rpm_glink_dt_parse: qcom,rpm-glink compatible not matches
<6>[    0.286748] msm_rpm_dev_probe: APSS-RPM communication over SMD
<6>[    0.287811] mdm9607_s2: 750 <--> 1275 mV at 750 mV normal idle 
<6>[    0.288778] mdm9607_s3_level: 0 <--> 0 mV at 0 mV normal idle 
<6>[    0.289405] mdm9607_s3_level_ao: 0 <--> 0 mV at 0 mV normal idle 
<6>[    0.290054] mdm9607_s3_floor_level: 0 <--> 0 mV at 0 mV normal idle 
<6>[    0.290666] mdm9607_s3_level_so: 0 <--> 0 mV at 0 mV normal idle 
<6>[    0.291490] mdm9607_s4: 1800 <--> 1950 mV at 1800 mV normal idle 
<6>[    0.292340] mdm9607_l1: 1250 mV normal idle 
<6>[    0.293206] mdm9607_l2: 1800 mV normal idle 
<6>[    0.294321] mdm9607_l3: 1800 mV normal idle 
<6>[    0.295246] mdm9607_l4: 3075 mV normal idle 
<6>[    0.296128] mdm9607_l5: 1700 <--> 3050 mV at 1700 mV normal idle 
<6>[    0.296994] mdm9607_l6: 1700 <--> 3050 mV at 1700 mV normal idle 
<6>[    0.297802] mdm9607_l7: 1700 <--> 1900 mV at 1700 mV normal idle 
<6>[    0.298606] mdm9607_l8: 1800 mV normal idle 
<6>[    0.299413] mdm9607_l9: 1200 <--> 1250 mV at 1200 mV normal idle 
<6>[    0.300233] mdm9607_l10: 1050 mV normal idle 
<6>[    0.301069] mdm9607_l11: 1800 mV normal idle 
<6>[    0.301881] mdm9607_l12_level: 0 <--> 0 mV at 0 mV normal idle 
<6>[    0.302531] mdm9607_l12_level_ao: 0 <--> 0 mV at 0 mV normal idle 
<6>[    0.303110] mdm9607_l12_level_so: 0 <--> 0 mV at 0 mV normal idle 
<6>[    0.303740] mdm9607_l12_floor_lebel: 0 <--> 0 mV at 0 mV normal idle 
<6>[    0.304794] mdm9607_l13: 1800 <--> 2850 mV at 2850 mV normal idle 
<6>[    0.305631] mdm9607_l14: 2650 <--> 3000 mV at 2650 mV normal idle 
<3>[    0.305935] msm_mpm_dev_probe(): Cannot get clk resource for XO: -517
<6>[    0.306265] cpr_efuse_init: apc_corner: efuse_addr = 0x000a4000 (len=0x1000)
<6>[    0.306337] cpr_read_fuse_revision: apc_corner: fuse revision = 2
<6>[    0.306372] cpr_parse_speed_bin_fuse: apc_corner: [row: 37]: 0x41d15d325b47b7c1, speed_bits = 4
<6>[    0.306478] cpr_pvs_init: apc_corner: pvs voltage: [1050000 1100000 1250000] uV
<6>[    0.306515] cpr_pvs_init: apc_corner: ceiling voltage: [1050000 1225000 1350000] uV
<6>[    0.306550] cpr_pvs_init: apc_corner: floor voltage: [1050000 1050000 1150000] uV
<6>[    0.306816] cpr_init_cpr_parameters: apc_corner: up threshold = 0, down threshold = 2
<6>[    0.306873] cpr_init_cpr_parameters: apc_corner: CPR is disabled by default.
<6>[    0.306924] cpr_init_cpr_efuse: apc_corner: [row:65] = 0x15400291291389
<6>[    0.306962] cpr_init_cpr_efuse: apc_corner: CPR disable fuse = 0
<6>[    0.306992] cpr_init_cpr_efuse: apc_corner: Corner[1]: ro_sel = 0, target quot = 657
<6>[    0.307025] cpr_init_cpr_efuse: apc_corner: Corner[2]: ro_sel = 0, target quot = 657
<6>[    0.307058] cpr_init_cpr_efuse: apc_corner: Corner[3]: ro_sel = 0, target quot = 905
<6>[    0.307260] cpr_config: apc_corner: Timer count: 0x17700 (for 5000 us)
<6>[    0.307848] apc_corner: 0 <--> 0 mV 
<6>[    0.308430] i2c-msm-v2 78b8000.i2c: probing driver i2c-msm-v2
<3>[    0.308535] i2c-msm-v2 78b8000.i2c: error on clk_get(core_clk):-517
<3>[    0.308571] i2c-msm-v2 78b8000.i2c: error probe() failed with err:-517
<6>[    0.309118] msm-thermal soc:qcom,msm-thermal: msm_thermal:Failed reading node=/soc/qcom,msm-thermal, key=qcom,core-limit-temp. err=-22. KTM continues
<6>[    0.309188] msm-thermal soc:qcom,msm-thermal: probe_therm_reset:Failed reading node=/soc/qcom,msm-thermal, key=qcom,therm-reset-temp err=-22. KTM continues
<3>[    0.309236] msm_thermal:get_kernel_cluster_info CPU0 topology not initialized.
<3>[    0.309716] cpu cpu0: dev_pm_opp_get_opp_count: device OPP not found (-19)
<3>[    0.309753] msm_thermal:get_cpu_freq_plan_len Error reading CPU0 freq table len. error:-19
<6>[    0.309784] msm_thermal:vdd_restriction_reg_init Defer vdd rstr freq init.
<3>[    0.310170] cpu cpu0: dev_pm_opp_get_opp_count: device OPP not found (-19)
<3>[    0.310206] msm_thermal:get_cpu_freq_plan_len Error reading CPU0 freq table len. error:-19
<3>[    0.310242] cpu cpu0: dev_pm_opp_get_opp_count: device OPP not found (-19)
<3>[    0.310268] msm_thermal:get_cpu_freq_plan_len Error reading CPU0 freq table len. error:-19
<6>[    0.320542] qcom,gcc-mdm9607 1800000.qcom,gcc: Registered GCC clocks
<6>[    0.321018] clock-a7 b010008.qcom,clock-a7: Speed bin: 4 PVS Version: 0
<6>[    0.321127] a7ssmux: set OPP pair(806400000 Hz: 2 uV) on cpu0
<6>[    0.321180] a7ssmux: set OPP pair(1305600000 Hz: 7 uV) on cpu0
<6>[    0.322814] i2c-msm-v2 78b8000.i2c: probing driver i2c-msm-v2
<3>[    0.322928] AXI: msm_bus_scale_register_client(): msm_bus_scale_register_client: Bus driver not ready.
<6>[    0.322971] i2c-msm-v2 78b8000.i2c: msm_bus_scale_register_client(mstr-id:86):0 (not a problem)
<7>[    0.385952] gpiochip_find_base: found new base at 1018
<7>[    0.386127] gpiochip_add: registered GPIOs 1018 to 1023 on device: pm8019-gpio
<7>[    0.386424] qcom,qpnp-pin qpnp-pin-6: qpnp_pin_probe: gpio_chip registered between 1018-1023
<7>[    0.386604] gpiochip_find_base: found new base at 1012
<7>[    0.386747] gpiochip_add: registered GPIOs 1012 to 1017 on device: pm8019-mpp
<7>[    0.387180] qcom,qpnp-pin qpnp-pin-7: qpnp_pin_probe: gpio_chip registered between 1012-1017
<6>[    0.387490] KPI: Bootloader start count = 21235
<6>[    0.387525] KPI: Bootloader end count = 61290
<6>[    0.387547] KPI: Bootloader display count = 8293071
<6>[    0.387570] KPI: Bootloader load kernel count = 29220
<6>[    0.387593] KPI: Kernel MPM timestamp = 101736
<6>[    0.387615] KPI: Kernel MPM Clock frequency = 32768
<6>[    0.387662] socinfo_print: v0.10, id=290, ver=1.0, raw_id=74, raw_ver=0, hw_plat=8, hw_plat_ver=65536
<6>[    0.387662]  accessory_chip=0, hw_plat_subtype=0, pmic_model=65539, pmic_die_revision=131074 foundry_id=0 serial_number=1531426753
<7>[    0.388160] of_get_named_gpiod_flags: parsed 'gpio' property of node '/soc/sdcard_ext_vreg[0]' - status (0)
<6>[    0.388399] sdcard_ext_vreg: no parameters
<7>[    0.388657] of_get_named_gpiod_flags: parsed 'gpio' property of node '/soc/rome_vreg[0]' - status (0)
<6>[    0.388859] rome_vreg: no parameters
<7>[    0.389080] of_get_named_gpiod_flags: parsed 'gpio' property of node '/soc/emac_lan_vreg[0]' - status (0)
<6>[    0.389291] emac_lan_vreg: no parameters
<5>[    0.390605] SCSI subsystem initialized
<6>[    0.390857] usbcore: registered new interface driver usbfs
<6>[    0.390991] usbcore: registered new interface driver hub
<6>[    0.391237] usbcore: registered new device driver usb
<6>[    0.392666] cpufreq: driver msm up and running
<6>[    0.393392] platform soc:qcom,ion:qcom,ion-heap@28: assigned reserved memory node audio_region@0
<6>[    0.393895] ION heap system created
<6>[    0.394257] ION heap audio created at 0x8fc00000 with size 400000
<3>[    0.394765] msm_bus_fabric_init_driver
<6>[    0.406514] qcom,qpnp-power-on qpnp-power-on-1: PMIC@SID0 Power-on reason: Triggered from CBL (external power supply) and 'cold' boot
<6>[    0.406586] qcom,qpnp-power-on qpnp-power-on-1: PMIC@SID0: Unknown power-off reason
<6>[    0.406995] input: qpnp_pon as /devices/virtual/input/input0
<6>[    0.408031] PMIC@SID0: PM8019 v2.2 options: 3, 2, 2, 2
<6>[    0.409705] Advanced Linux Sound Architecture Driver Initialized.
<6>[    0.410720] Bluetooth: Core ver 2.19
<6>[    0.410807] NET: Registered protocol family 31
<6>[    0.410832] Bluetooth: HCI device and connection manager initialized
<6>[    0.410868] Bluetooth: HCI socket layer initialized
<6>[    0.410899] Bluetooth: L2CAP socket layer initialized
<6>[    0.410953] Bluetooth: SCO socket layer initialized
<6>[    0.411379] cfg80211: Calling CRDA to update world regulatory domain
<6>[    0.411443] cfg80211: World regulatory domain updated:
<6>[    0.411469] cfg80211:  DFS Master region: unset
<6>[    0.411489] cfg80211:   (start_freq - end_freq @ bandwidth), (max_antenna_gain, max_eirp), (dfs_cac_time)
<6>[    0.411533] cfg80211:   (2402000 KHz - 2472000 KHz @ 40000 KHz), (N/A, 2000 mBm), (N/A)
<6>[    0.411568] cfg80211:   (2457000 KHz - 2482000 KHz @ 40000 KHz), (N/A, 2000 mBm), (N/A)
<6>[    0.411603] cfg80211:   (2474000 KHz - 2494000 KHz @ 20000 KHz), (N/A, 2000 mBm), (N/A)
<6>[    0.411637] cfg80211:   (5170000 KHz - 5250000 KHz @ 80000 KHz), (N/A, 2000 mBm), (N/A)
<6>[    0.411672] cfg80211:   (5250000 KHz - 5330000 KHz @ 80000 KHz), (N/A, 2000 mBm), (N/A)
<6>[    0.411707] cfg80211:   (5490000 KHz - 5710000 KHz @ 80000 KHz), (N/A, 2000 mBm), (N/A)
<6>[    0.411742] cfg80211:   (5735000 KHz - 5835000 KHz @ 80000 KHz), (N/A, 2000 mBm), (N/A)
<6>[    0.411777] cfg80211:   (57240000 KHz - 63720000 KHz @ 2160000 KHz), (N/A, 0 mBm), (N/A)
<6>[    0.413165] Switched to clocksource arch_mem_counter
<6>[    0.455736] NET: Registered protocol family 2
<6>[    0.456716] TCP established hash table entries: 2048 (order: 1, 8192 bytes)
<6>[    0.456796] TCP bind hash table entries: 2048 (order: 1, 8192 bytes)
<6>[    0.456845] TCP: Hash tables configured (established 2048 bind 2048)
<6>[    0.456995] TCP: reno registered
<6>[    0.457036] UDP hash table entries: 256 (order: 0, 4096 bytes)
<6>[    0.457082] UDP-Lite hash table entries: 256 (order: 0, 4096 bytes)
<6>[    0.457342] NET: Registered protocol family 1
<6>[    0.460307] futex hash table entries: 256 (order: -1, 3072 bytes)
<6>[    0.473677] msgmni has been set to 304
<6>[    0.477016] Block layer SCSI generic (bsg) driver version 0.4 loaded (major 251)
<6>[    0.477075] io scheduler noop registered
<6>[    0.477106] io scheduler deadline registered
<6>[    0.477374] io scheduler cfq registered (default)
<7>[    0.477528] gpiochip_find_base: found new base at 980
<7>[    0.477692] gpiochip_add: registered GPIOs 980 to 1011 on device: smp2p
<7>[    0.477934] gpiochip_find_base: found new base at 948
<7>[    0.478079] gpiochip_add: registered GPIOs 948 to 979 on device: smp2p
<7>[    0.478136] gpiochip_find_base: found new base at 916
<7>[    0.478290] gpiochip_add: registered GPIOs 916 to 947 on device: smp2p
<7>[    0.478504] gpiochip_find_base: found new base at 884
<7>[    0.478665] gpiochip_add: registered GPIOs 884 to 915 on device: smp2p
<7>[    0.478724] gpiochip_find_base: found new base at 852
<7>[    0.478864] gpiochip_add: registered GPIOs 852 to 883 on device: slave-kernel
<7>[    0.479020] gpiochip_find_base: found new base at 852
<7>[    0.479162] gpiochip_add: registered GPIOs 852 to 883 on device: master-kernel
<5>[    0.486073] msm_rpm_log_probe: OK
<7>[    0.487402] of_get_named_gpiod_flags: parsed 'qcom,gpio-proxy-unvote' property of node '/soc/qcom,mss@4080000[0]' - status (-517)
<4>[    0.488107] gsm_init: loaded as 250,0.
<6>[    0.488927] msm_serial_hs module loaded
<6>[    0.489362] msm_hsl_dt_to_pdata: read config-gpio ret=-22
<6>[    0.489399] msm_hsl_dt_to_pdata: read config-gpio =0 start.
<6>[    0.489425] msm_serial_hsl_probe: detected port #0 (ttyHSL0)
<6>[    0.489477] msm_serial_hsl_probe: two_wire   func_mode:0
<3>[    0.489508] AXI: get_pdata(): Error: Client name not found
<3>[    0.489534] AXI: msm_bus_cl_get_pdata(): client has to provide missing entry for successful registration
<3>[    0.489568] msm_serial_hsl_probe: Bus scaling is disabled
<6>[    0.489753] 78b3000.serial: ttyHSL0 at MMIO 0x78b3000 (irq = 153, base_baud = 460800) is a MSM
<6>[    0.490324] msm_hsl_dt_to_pdata: read config-gpio ret=0
<6>[    0.490357] msm_hsl_dt_to_pdata: read config-gpio =4 start.
<7>[    0.490408] of_get_named_gpiod_flags: parsed 'qcom,tx-gpio' property of node '/soc/serial@78b1000[0]' - status (0)
<7>[    0.490437] of_get_named_gpiod_flags: parsed 'qcom,rx-gpio' property of node '/soc/serial@78b1000[0]' - status (0)
<6>[    0.490448] msm_hsl_dt_to_pdata: read config-gpio= ok
<7>[    0.490488] of_get_named_gpiod_flags: parsed 'qcom,cts-gpio' property of node '/soc/serial@78b1000[0]' - status (0)
<7>[    0.490514] of_get_named_gpiod_flags: parsed 'qcom,rfr-gpio' property of node '/soc/serial@78b1000[0]' - status (0)
<6>[    0.490528] msm_serial_hsl_probe: detected port #1 (ttyHSL1)
<6>[    0.490572] msm_serial_hsl_probe: four_wire   func_mode:1
<6>[    0.490963] 78b1000.serial: ttyHSL1 at MMIO 0x78b1000 (irq = 151, base_baud = 460800) is a MSM
<6>[    0.494538] msm_serial_hsl_init: driver initialized
<4>[    0.496038] [LS_RI]ri_init!
<4>[    0.496069] [LS_RI]gpio_uart_ri_probe!
<4>[    0.496105] frist request gpio ok LS_UART_RI_GPIO
<4>[    0.496131] allocate data to r_pme strcut
<4>[    0.496153] [LS_RI]:ls_ri_init    finish!!! 
<6>[    0.510433] tbox:+power_dev_init
<6>[    0.510509] tbox:gpio mpu_wake_mcu init start
<6>[    0.510699] tbox:gpio mpu_wake_mcu init success
<6>[    0.510729] tbox:gpio mcu_wake_mpu init start
<6>[    0.511357] tbox:gpio mcu_wake_mpu init success
<6>[    0.511392] tbox:gpio mcu_notify_mpu1 init start
<6>[    0.511575] tbox:gpio mcu_notify_mpu1 init success
<6>[    0.511603] tbox:gpio mcu_notify_mpu2 init start
<6>[    0.511758] tbox:gpio mcu_notify_mpu2 init success
<6>[    0.511789] tbox:gpio bt_host_wake init start
<6>[    0.512265] tbox:gpio bt_host_wake init success
<6>[    0.512298] tbox:gpio bt_dev_wake init start
<6>[    0.512503] tbox:gpio bt_dev_wake init success
<6>[    0.512534] tbox:gpio mpu_update init start
<6>[    0.512689] tbox:gpio mpu_update init success
<6>[    0.512719] tbox:gpio wlan_en init start
<6>[    0.512868] tbox:gpio wlan_en init success
<6>[    0.512891] tbox:-power_dev_init
<3>[    0.513595] tbox: mcu_wake_mpu 0 1 0
<6>[    0.522573] brd: module loaded
<6>[    0.526883] loop: module loaded
<4>[    0.529906] ls_netlink_init.
<7>[    0.530762] lct_gpio_utility soc:lct,gpio-utility: lct_gpios_test_probe: OK
<4>[    0.531158] i2c-core: driver [tabla-i2c-core] using legacy suspend method
<4>[    0.531198] i2c-core: driver [tabla-i2c-core] using legacy resume method
<4>[    0.531420] i2c-core: driver [wcd9xxx-i2c-core] using legacy suspend method
<4>[    0.531451] i2c-core: driver [wcd9xxx-i2c-core] using legacy resume method
<4>[    0.531651] i2c-core: driver [tasha-i2c-core] using legacy suspend method
<4>[    0.531680] i2c-core: driver [tasha-i2c-core] using legacy resume method
<6>[    0.531972] SCSI Media Changer driver v0.25 
<3>[    0.536839] sps: BAM device 0x07984000 is not registered yet.
<6>[    0.537722] sps:BAM 0x07984000 is registered.
<6>[    0.537762] msm_nand_bam_init: msm_nand_bam_init: BAM device registered: bam_handle 0xceaa0000
<6>[    0.538123] sps:BAM 0x07984000 (va:0xd09a0000) enabled: ver:0x18, number of pipes:7
<6>[    0.540336] msm_nand_parse_smem_ptable: Parsing partition table info from SMEM
<6>[    0.540421] msm_nand_parse_smem_ptable: SMEM partition table found: ver: 4 len: 17
<6>[    0.540480] msm_nand_version_check: nand_major:1, nand_minor:5, qpic_major:1, qpic_minor:5
<3>[    0.540551] msm_nand_scan: missing page size info - extract from NAND ID
<6>[    0.540583] msm_nand_scan: NAND Id: 0x1590acad Buswidth: 8Bits Density: 512 MByte
<6>[    0.540616] msm_nand_scan: pagesize: 2048 Erasesize: 131072 oobsize: 64 (in Bytes)
<6>[    0.540647] msm_nand_scan: BCH ECC: 4 Bit
<6>[    0.540679] msm_nand_scan: CFG0: 0x2a0408c0,           CFG1: 0x0804745c
<6>[    0.540679]             RAWCFG0: 0x2c8400c0,        RAWCFG1: 0x0005055d
<6>[    0.540679]           ECCBUFCFG: 0x00000203,      ECCBCHCFG: 0x42040700
<6>[    0.540679]           RAWECCCFG: 0x42000701, BAD BLOCK BYTE: 0x000001d1
<5>[    0.540767] Creating 17 MTD partitions on "7980000.nand":
<5>[    0.540800] 0x000000000000-0x000000140000 : "sbl"
<5>[    0.542103] 0x000000140000-0x000000280000 : "mibib"
<5>[    0.543184] 0x000000280000-0x000000e80000 : "efs2"
<5>[    0.544265] 0x000000e80000-0x000001000000 : "tz"
<5>[    0.545323] 0x000001000000-0x000001140000 : "rpm"
<5>[    0.546351] 0x000001140000-0x000001280000 : "aboot"
<5>[    0.547385] 0x000001280000-0x000001a60000 : "boot"
<5>[    0.548447] 0x000001a60000-0x000001aa0000 : "scrub"
<5>[    0.549517] 0x000001aa0000-0x000005260000 : "modem"
<5>[    0.550610] 0x000005260000-0x0000053a0000 : "misc"
<5>[    0.551699] 0x0000053a0000-0x000005a80000 : "recovery"
<5>[    0.552705] 0x000005a80000-0x000005c00000 : "fota"
<5>[    0.553689] 0x000005c00000-0x000007a00000 : "recoveryfs"
<5>[    0.555181] 0x000007a00000-0x00000de00000 : "system"
<5>[    0.556269] 0x00000de00000-0x00000f200000 : "oeminfo"
<5>[    0.557305] 0x00000f200000-0x000015600000 : "system_b"
<5>[    0.558385] 0x000015600000-0x000020000000 : "vendor"
<6>[    0.559551] msm_nand_probe: NANDc phys addr 0x7980000, BAM phys addr 0x7984000, BAM IRQ 164
<6>[    0.559595] msm_nand_probe: Allocated DMA buffer at virt_addr 0xcf840000, phys_addr 0x8f840000
<6>[    0.563236] PPP generic driver version 2.4.2
<6>[    0.563529] PPP BSD Compression module registered
<6>[    0.563563] PPP Deflate Compression module registered
<6>[    0.563605] PPP MPPE Compression module registered
<6>[    0.563643] NET: Registered protocol family 24
<6>[    0.569839] cnss_configure_ramdump: ramdump addr: d2c00000, phys: 0x87a00000 subsys:'AR6320'
<6>[    0.570499] cnss_sdio 87a00000.qcom,cnss-sdio: CNSS SDIO Driver registered
<6>[    0.573832] msm_otg 78d9000.usb: msm_otg probe
<7>[    0.574358] of_get_named_gpiod_flags: can't parse 'qcom,hub-reset-gpio' property of node '/soc/usb@78d9000[0]'
<7>[    0.574380] of_get_named_gpiod_flags: can't parse 'qcom,sw-sel-gpio' property of node '/soc/usb@78d9000[0]'
<7>[    0.574431] of_get_named_gpiod_flags: parsed 'qcom,usbid-gpio' property of node '/soc/usb@78d9000[0]' - status (0)
<7>[    0.574461] of_get_named_gpiod_flags: can't parse 'qcom,hsusb-otg-vddmin-gpio' property of node '/soc/usb@78d9000[0]'
<6>[    0.576156] msm_otg 78d9000.usb: OTG regs = d08ee000
<6>[    0.582217] ehci_hcd: USB 2.0 'Enhanced' Host Controller (EHCI) Driver
<6>[    0.582626] ehci-msm: Qualcomm On-Chip EHCI Host Controller
<6>[    0.583100] usbcore: registered new interface driver cdc_acm
<6>[    0.583132] cdc_acm: USB Abstract Control Model driver for USB modems and ISDN adapters
<6>[    0.583273] usbcore: registered new interface driver usb-storage
<6>[    0.583365] usbcore: registered new interface driver ums-alauda
<6>[    0.583451] usbcore: registered new interface driver ums-cypress
<6>[    0.583536] usbcore: registered new interface driver ums-datafab
<6>[    0.583625] usbcore: registered new interface driver ums-freecom
<6>[    0.583710] usbcore: registered new interface driver ums-isd200
<6>[    0.583798] usbcore: registered new interface driver ums-jumpshot
<6>[    0.583902] usbcore: registered new interface driver ums-karma
<6>[    0.584085] usbcore: registered new interface driver ums-onetouch
<6>[    0.584202] usbcore: registered new interface driver ums-sddr09
<6>[    0.584292] usbcore: registered new interface driver ums-sddr55
<6>[    0.584378] usbcore: registered new interface driver ums-usbat
<6>[    0.586141] gbridge_init: gbridge_init successs.
<6>[    0.588264] qcom,qpnp-rtc qpnp-rtc-5: rtc core: registered qpnp_rtc as rtc0
<6>[    0.588650] msm_otg 78d9000.usb: phy_reset: success
<6>[    0.588828] i2c /dev entries driver
<3>[    0.589972] unable to find DT imem DLOAD mode node
<3>[    0.590363] unable to find DT imem EDLOAD mode node
<3>[    0.590708] unable to find DT imem dload-type node
<6>[    0.614240] Bluetooth: HCI UART driver ver 2.2
<6>[    0.614281] Bluetooth: HCI H4 protocol initialized
<6>[    0.614305] Bluetooth: HCI_IBS protocol initialized
<7>[    0.614500] of_get_named_gpiod_flags: parsed 'qca,bt-reset-gpio' property of node '/bt_qca6174[0]' - status (0)
<6>[    0.614518] bt_dt_parse_vreg_info: qca,bt-vdd-core: is not provided in device tree
<4>[    0.614607] bt_power bt_qca6174: no qca,bt-vdd-pa-voltage-level property
<6>[    0.614640] bt_dt_parse_vreg_info: qca,bt-vdd-ldo: is not provided in device tree
<6>[    0.614673] bt_dt_parse_vreg_info: qca,bt-chip-pwd: is not provided in device tree
<6>[    0.615636] sdhci: Secure Digital Host Controller Interface driver
<6>[    0.615672] sdhci: Copyright(c) Pierre Ossman
<6>[    0.615705] sdhci-pltfm: SDHCI platform and OF driver helper
<4>[    0.616331] sdhci_msm 7824900.sdhci: sdhci_msm_probe: ICE device is not enabled
<7>[    0.616395] of_get_named_gpiod_flags: can't parse 'cd-gpios' property of node '/soc/sdhci@7824900[0]'
<7>[    0.616411] of_get_named_gpiod_flags: can't parse 'pwren-gpio' property of node '/soc/sdhci@7824900[0]'
<6>[    0.616423] [sdhci_msm_populate_pdata] en_gpio: -2
<6>[    0.616465] sdhci_msm 7824900.sdhci: No vreg data found for vdd
<3>[    0.616795] sdhci_msm 7824900.sdhci: sdhci_msm_pm_qos_parse_irq: error -22 reading irq cpu
<5>[    0.616839] sdhci_msm 7824900.sdhci: sdhci_msm_pm_qos_parse: PM QoS voting for IRQ will be disabled
<5>[    0.616881] sdhci_msm 7824900.sdhci: sdhci_msm_pm_qos_parse: PM QoS voting for cpu group will be disabled
<6>[    0.619783] sdhci_msm 7824900.sdhci: No vmmc regulator found
<6>[    0.619828] sdhci_msm 7824900.sdhci: No vqmmc regulator found
<6>[    0.620248] mmc0: SDHCI controller on 7824900.sdhci [7824900.sdhci] using 32-bit ADMA in legacy mode
<4>[    0.649311] sdhci_msm 7864900.sdhci: sdhci_msm_probe: ICE device is not enabled
<7>[    0.649372] of_get_named_gpiod_flags: can't parse 'cd-gpios' property of node '/soc/sdhci@07864900[0]'
<7>[    0.649388] of_get_named_gpiod_flags: can't parse 'pwren-gpio' property of node '/soc/sdhci@07864900[0]'
<6>[    0.649400] [sdhci_msm_populate_pdata] en_gpio: -2
<3>[    0.649778] sdhci_msm 7864900.sdhci: sdhci_msm_pm_qos_parse_irq: error -22 reading irq cpu
<5>[    0.649823] sdhci_msm 7864900.sdhci: sdhci_msm_pm_qos_parse: PM QoS voting for IRQ will be disabled
<5>[    0.649865] sdhci_msm 7864900.sdhci: sdhci_msm_pm_qos_parse: PM QoS voting for cpu group will be disabled
<6>[    0.657165] sdhci_msm 7864900.sdhci: No vmmc regulator found
<6>[    0.657210] sdhci_msm 7864900.sdhci: No vqmmc regulator found
<6>[    0.657739] mmc1: SDHCI controller on 7864900.sdhci [7864900.sdhci] using 32-bit ADMA in legacy mode
<6>[    0.687909] usbcore: registered new interface driver usbhid
<6>[    0.687951] usbhid: USB HID core driver
<6>[    0.690293] logger: created 1024K log 'autolink_log/tsp'
<6>[    0.692547] logger: created 1024K log 'autolink_log/mpu'
<4>[    0.694332] www===usb-dbg --ulpi_init,line=755,entry
<4>[    0.694374] www===usb-dbg --ulpi_init,line=767,use pdata->phy_init_seq
<4>[    0.694436] www===usb-dbg --ulpi_init,line=772,default usb phy para: 0x80 = 0x33,0x81 = 0x33,0x82 = 0x7,0x83 = 0x13
<4>[    0.694473] www===usb-dbg --ulpi_init,line=779,no phy init data,will return
<6>[    0.700172] logger: created 1024K log 'autolink_log/mcu'
<6>[    0.702476] logger: created 1024K log 'autolink_log/system'
<6>[    0.704989] sps:BAM 0x078c4000 is registered.
<3>[    0.705088] IPA HW is not supported on this target
<6>[    0.706123] bimc-bwmon 408000.qcom,cpu-bwmon: BW HWmon governor registered.
<3>[    0.707938] devfreq soc:qcom,cpubw: Couldn't update frequency transition information.
<6>[    0.709640] coresight-fuse a601c.fuse: QPDI fuse not specified
<6>[    0.710969] coresight-fuse a601c.fuse: Fuse initialized
<6>[    0.715424] coresight-csr 6001000.csr: CSR initialized
<6>[    0.716177] coresight-tmc 6026000.tmc: Byte Counter feature enabled
<6>[    0.716974] sps:BAM 0x06084000 is registered.
<6>[    0.717479] coresight-tmc 6026000.tmc: TMC initialized
<6>[    0.718024] coresight-tmc 6025000.tmc: TMC initialized
<6>[    0.720244] nidnt boot config: 0
<6>[    0.721505] coresight-tpiu 6020000.tpiu: NIDnT on SDCARD only mode
<6>[    0.721738] coresight-tpiu 6020000.tpiu: TPIU initialized
<6>[    0.723346] coresight-replicator 6024000.replicator: REPLICATOR initialized
<6>[    0.724281] coresight-stm 6002000.stm: STM initialized
<6>[    0.724959] coresight-hwevent 606c000.hwevent: Hardware Event driver initialized
<3>[    0.726644] i2c-msm-v2 78b8000.i2c: msm_bus_scale_register_client(mstr-id:86):0x7 (ok)
<3>[    0.726866] i2c-msm-v2 78b8000.i2c: NACK: slave not responding, ensure its powered: msgs(n:2 cur:0 tx) bc(rx:2 tx:2) mode:FIFO slv_addr:0xa MSTR_STS:0x0d1300c8 OPER:0x00000010
<4>[    0.727076] sgtl5000: probe of 4-000a failed with error -107
<7>[    0.727725] of_get_named_gpiod_flags: parsed 'gpio-reset' property of node '/soc/i2c@78b8000/tlv320aic3x@18[0]' - status (0)
<4>[    0.727791] 4-0018 supply IOVDD not found, using dummy regulator
<4>[    0.727903] 4-0018 supply DVDD not found, using dummy regulator
<4>[    0.727976] 4-0018 supply AVDD not found, using dummy regulator
<4>[    0.728047] 4-0018 supply DRVDD not found, using dummy regulator
<3>[    0.737443] mdm9607-pinctrl 1000000.pinctrl: invalid group "gpio20" for function "sec_mi2s"
<3>[    0.737514] mdm9607-pinctrl 1000000.pinctrl: invalid group "gpio23" for function "sec_mi2s"
<3>[    0.737567] mdm9607-pinctrl 1000000.pinctrl: invalid group "gpio21" for function "sec_mi2s"
<3>[    0.737618] mdm9607-pinctrl 1000000.pinctrl: invalid group "gpio22" for function "sec_mi2s"
<3>[    0.737668] mdm9607-pinctrl 1000000.pinctrl: invalid group "gpio20" for function "sec_mi2s"
<3>[    0.737717] mdm9607-pinctrl 1000000.pinctrl: invalid group "gpio23" for function "sec_mi2s"
<3>[    0.737767] mdm9607-pinctrl 1000000.pinctrl: invalid group "gpio21" for function "sec_mi2s"
<3>[    0.737816] mdm9607-pinctrl 1000000.pinctrl: invalid group "gpio22" for function "sec_mi2s"
<6>[    0.741146] msm-compr-dsp soc:qcom,msm-compr-dsp: msm_compr_probe: dev name soc:qcom,msm-compr-dsp
<6>[    0.743903] msm_pcm_probe: dev name soc:qcom,msm-voice-host-pcm
<3>[    0.752918] mdm9607-asoc-snd soc:sound: Defering mdm_asoc_machine_probe, q6_state 0
<6>[    0.753423] Netfilter messages via NETLINK v0.30.
<6>[    0.753540] nf_conntrack version 0.5.0 (2437 buckets, 9748 max)
<6>[    0.754673] ctnetlink v0.93: registering with nfnetlink.
<6>[    0.755680] ip_set: protocol 6
<6>[    0.756260] ip_tables: (C) 2000-2006 Netfilter Core Team
<6>[    0.756521] arp_tables: (C) 2002 David S. Miller
<6>[    0.756624] TCP: cubic registered
<6>[    0.757555] NET: Registered protocol family 10
<6>[    0.758910] ip6_tables: (C) 2000-2006 Netfilter Core Team
<6>[    0.759242] sit: IPv6 over IPv4 tunneling driver
<6>[    0.760148] NET: Registered protocol family 17
<6>[    0.760277] bridge: automatic filtering via arp/ip/ip6tables has been deprecated. Update your scripts to load br_netfilter if you need this.
<5>[    0.760358] Bridge firewalling registered
<6>[    0.760391] Ebtables v2.0 registered
<6>[    0.760614] lib80211: common routines for IEEE802.11 drivers
<7>[    0.760645] lib80211_crypt: registered algorithm 'NULL'
<7>[    0.760668] lib80211_crypt: registered algorithm 'WEP'
<7>[    0.760689] lib80211_crypt: registered algorithm 'CCMP'
<7>[    0.760710] lib80211_crypt: registered algorithm 'TKIP'
<6>[    0.761770] NET: Registered protocol family 27
<7>[    0.765778] gpiochip_find_base: found new base at 852
<7>[    0.765943] gpiochip_add: registered GPIOs 852 to 883 on device: slave-kernel
<7>[    0.766287] gpiochip_find_base: found new base at 820
<7>[    0.766466] gpiochip_add: registered GPIOs 820 to 851 on device: master-kernel
<7>[    0.767095] of_get_named_gpiod_flags: parsed 'qcom,gpio-proxy-unvote' property of node '/soc/qcom,mss@4080000[0]' - status (0)
<7>[    0.768048] of_get_named_gpiod_flags: parsed 'qcom,gpio-err-fatal' property of node '/soc/qcom,mss@4080000[0]' - status (0)
<7>[    0.768074] of_get_named_gpiod_flags: parsed 'qcom,gpio-err-ready' property of node '/soc/qcom,mss@4080000[0]' - status (0)
<7>[    0.768096] of_get_named_gpiod_flags: parsed 'qcom,gpio-stop-ack' property of node '/soc/qcom,mss@4080000[0]' - status (0)
<7>[    0.768117] of_get_named_gpiod_flags: parsed 'qcom,gpio-force-stop' property of node '/soc/qcom,mss@4080000[0]' - status (0)
<7>[    0.768140] of_get_named_gpiod_flags: parsed 'qcom,gpio-shutdown-ack' property of node '/soc/qcom,mss@4080000[0]' - status (0)
<7>[    0.768749] of_get_named_gpiod_flags: can't parse 'qcom,chg-valid-gpio' property of node '/soc/i2c@78b8000/smb358-charger@57[0]'
<3>[    0.770239] i2c-msm-v2 78b8000.i2c: NACK: slave not responding, ensure its powered: msgs(n:2 cur:0 tx) bc(rx:1 tx:1) mode:FIFO slv_addr:0x57 MSTR_STS:0x0d1300c8 OPER:0x00000010
<3>[    0.770368] smb358-charger 4-0057: i2c read fail: can't read from 01: -107
<3>[    0.770401] SMB358 smb358_charger_probe: Failed to detect SMB358, device absent, rc = -107
<4>[    0.770451] smb358-charger: probe of 4-0057 failed with error -107
<3>[    0.781909] mdm9607-asoc-snd soc:sound: Defering mdm_asoc_machine_probe, q6_state 0
<7>[    0.785057] of_get_named_gpiod_flags: parsed 'gpios' property of node '/soc/qcom,smp2pgpio_test_smp2p_15_in[0]' - status (0)
<7>[    0.785179] of_get_named_gpiod_flags: parsed 'gpios' property of node '/soc/qcom,smp2pgpio_test_smp2p_15_out[0]' - status (0)
<7>[    0.785265] of_get_named_gpiod_flags: parsed 'gpios' property of node '/soc/qcom,smp2pgpio_test_smp2p_1_in[0]' - status (0)
<7>[    0.785345] of_get_named_gpiod_flags: parsed 'gpios' property of node '/soc/qcom,smp2pgpio_test_smp2p_1_out[0]' - status (0)
<3>[    0.926015] mdm9607-asoc-snd soc:sound: Defering mdm_asoc_machine_probe, q6_state 0
<5>[    0.926402] ubi0: attaching mtd13
<5>[    1.405309] ubi0: scanning is finished
<5>[    1.413722] ubi0: attached mtd13 (name "system", size 100 MiB)
<5>[    1.413764] ubi0: PEB size: 131072 bytes (128 KiB), LEB size: 126976 bytes
<5>[    1.413792] ubi0: min./max. I/O unit sizes: 2048/2048, sub-page size 2048
<5>[    1.413821] ubi0: VID header offset: 2048 (aligned 2048), data offset: 4096
<5>[    1.413849] ubi0: good PEBs: 800, bad PEBs: 0, corrupted PEBs: 0
<5>[    1.413875] ubi0: user volume: 1, internal volumes: 1, max. volumes count: 128
<5>[    1.413909] ubi0: max/mean erase counter: 8/4, WL threshold: 4096, image sequence number: 35657280
<5>[    1.413944] ubi0: available PEBs: 0, total reserved PEBs: 800, PEBs reserved for bad PEB handling: 80
<6>[    1.414094] RNDIS_IPA module is loaded.
<6>[    1.415138] file system registered
<6>[    1.415295] mbim_init: initialize 1 instances
<6>[    1.415475] mbim_init: Initialized 1 ports
<5>[    1.415856] ubi0: background thread "ubi_bgt0d" started, PID 122
<6>[    1.418593] rndis_qc_init: initialize rndis QC instance
<6>[    1.419179] Number of LUNs=8
<6>[    1.419268] Mass Storage Function, version: 2009/09/11
<6>[    1.419301] LUN: removable file: (no medium)
<6>[    1.419420] Number of LUNs=1
<6>[    1.419555] LUN: removable file: (no medium)
<6>[    1.419583] Number of LUNs=1
<6>[    1.420067] android_usb gadget: android_usb ready
<6>[    1.420110] msm_hsusb msm_hsusb: [ci13xxx_start] hw_ep_max = 32
<6>[    1.420183] msm_hsusb msm_hsusb: CI13XXX_CONTROLLER_RESET_EVENT received
<6>[    1.420219] msm_hsusb msm_hsusb: CI13XXX_CONTROLLER_UDC_STARTED_EVENT received
<3>[    1.420735] mdm9607-asoc-snd soc:sound: Defering mdm_asoc_machine_probe, q6_state 0
<6>[    1.421330] qcom,qpnp-rtc qpnp-rtc-5: setting system clock to 1970-01-01 00:00:04 UTC (4)
<3>[    1.422606] mdm9607-asoc-snd soc:sound: Defering mdm_asoc_machine_probe, q6_state 0
<6>[    1.424688] parse_legacy_cluster_params(): Ignoring cluster params
<6>[    1.424758] /soc/qcom,lpm-levels/qcom,pm-cluster@0: No CPU phandle, assuming single cluster
<3>[    1.426033] mdm9607-asoc-snd soc:sound: Defering mdm_asoc_machine_probe, q6_state 0
<6>[    1.428351] qcom,cc-debug-mdm9607 1800000.qcom,debug: Registered Debug Mux successfully
<3>[    1.428833] mdm9607-asoc-snd soc:sound: Defering mdm_asoc_machine_probe, q6_state 0
<6>[    1.429361] emac_lan_vreg: disabling
<6>[    1.429417] mem_acc_corner: disabling
<6>[    1.429451] clock_late_init: Removing enables held for handed-off clocks
<6>[    1.431102] ALSA device list:
<6>[    1.431134]   No soundcards found.
<5>[    1.466898] UBIFS (ubi0:0): recovery needed
<5>[    1.546543] UBIFS (ubi0:0): recovery deferred
<5>[    1.546701] UBIFS (ubi0:0): UBIFS: mounted UBI device 0, volume 0, name "rootfs", R/O mode
<5>[    1.546741] UBIFS (ubi0:0): LEB size: 126976 bytes (124 KiB), min./max. I/O unit sizes: 2048 bytes/2048 bytes
<5>[    1.546783] UBIFS (ubi0:0): FS size: 89518080 bytes (85 MiB, 705 LEBs), journal size 9023488 bytes (8 MiB, 72 LEBs)
