[1980-01-06 08:00:16]<6>[    0.000000] Booting Linux on physical CPU 0x0
<6>[    0.000000] Initializing cgroup subsys cpu
<6>[    0.000000] Initializing cgroup subsys cpuacct
<5>[    0.000000] Linux version 3.18.20 (dfsk516L-19@server) (gcc version 4.9.2 (GCC) ) #1 PREEMPT Thu Oct 31 14:35:40 CST 2019
<6>[    0.000000] CPU: ARMv7 Processor [410fc075] revision 5 (ARMv7), cr=10c53c7d
<6>[    0.000000] CPU: PIPT / VIPT nonaliasing data cache, VIPT aliasing instruction cache
<6>[    0.000000] Machine model: Qualcomm Technologies, Inc. MDM 9607 MTP
<6>[    0.000000] Early serial console at I/O port 0x0 (options '')
<6>[    0.000000] bootconsole [uart0] enabled
<6>[    0.000000] Reserved memory: reserved region for node 'modem_adsp_region@0': base 0x82a00000, size 80 MiB
<6>[    0.000000] Reserved memory: reserved region for node 'cnss_debug_region@0': base 0x87a00000, size 2 MiB
<6>[    0.000000] Reserved memory: reserved region for node 'external_image_region@0': base 0x87c00000, size 4 MiB
<6>[    0.000000] Removed memory: created DMA memory pool at 0x82a00000, size 80 MiB
<6>[    0.000000] Reserved memory: initialized node modem_adsp_region@0, compatible id removed-dma-pool
<6>[    0.000000] Removed memory: created DMA memory pool at 0x87a00000, size 2 MiB
<6>[    0.000000] Reserved memory: initialized node cnss_debug_region@0, compatible id removed-dma-pool
<6>[    0.000000] Removed memory: created DMA memory pool at 0x87c00000, size 4 MiB
<6>[    0.000000] Reserved memory: initialized node external_image_region@0, compatible id removed-dma-pool
<6>[    0.000000] Reserved memory: allocated memory for 'audio_region@0' node: base 0x8fc00000, size 4 MiB
<6>[    0.000000] Reserved memory: created CMA memory pool at 0x8fc00000, size 4 MiB
<6>[    0.000000] Reserved memory: initialized node audio_region@0, compatible id shared-dma-pool
<6>[    0.000000] cma: Reserved 4 MiB at 0x8f800000
<6>[    0.000000] Memory policy: Data cache writeback
<7>[    0.000000] On node 0 totalpages: 64000
<7>[    0.000000] free_area_init_node: node 0, pgdat c0d0c84c, node_mem_map cf58e000
<7>[    0.000000]   Normal zone: 576 pages used for memmap
<7>[    0.000000]   Normal zone: 0 pages reserved
<7>[    0.000000]   Normal zone: 64000 pages, LIFO batch:15
<6>[    0.000000] CPU: All CPU(s) started in SVC mode.
<7>[    0.000000] pcpu-alloc: s0 r0 d32768 u32768 alloc=1*32768
<7>[    0.000000] pcpu-alloc: [0] 0 
<4>[    0.000000] Built 1 zonelists in Zone order, mobility grouping on.  Total pages: 63424
<5>[    0.000000] Kernel command line: noinitrd ro androidboot.hardware=qcom ehci-hcd.park=3 msm_rtb.filter=0x37 lpm_levels.sleep_disabled=1  earlycon=msm_hsl_uart,0x78b3000  androidboot.serialno=5b47b7c1 androidboot.authorized_kernel=true androidboot.baseband=msm rootfstype=ubifs rootflags=bulk_read root=ubi0:rootfs ubi.mtd=13
<6>[    0.000000] PID hash table entries: 1024 (order: 0, 4096 bytes)
<6>[    0.000000] Dentry cache hash table entries: 32768 (order: 5, 131072 bytes)
<6>[    0.000000] Inode-cache hash table entries: 16384 (order: 4, 65536 bytes)
<4>[    0.000000] Memory: 147776K/256000K available (8577K kernel code, 842K rwdata, 3856K rodata, 340K init, 1406K bss, 108224K reserved)
<5>[    0.000000] Virtual kernel memory layout:
<5>[    0.000000]     vector  : 0xffff0000 - 0xffff1000   (   4 kB)
<5>[    0.000000]     fixmap  : 0xffc00000 - 0xfff00000   (3072 kB)
<5>[    0.000000]     vmalloc : 0xd0800000 - 0xff000000   ( 744 MB)
<5>[    0.000000]     lowmem  : 0xc0000000 - 0xd0000000   ( 256 MB)
<5>[    0.000000]     modules : 0xbf000000 - 0xc0000000   (  16 MB)
<5>[    0.000000]       .text : 0xc0008000 - 0xc0c2c91c   (12435 kB)
<5>[    0.000000]       .init : 0xc0c2d000 - 0xc0c82000   ( 340 kB)
<5>[    0.000000]       .data : 0xc0c82000 - 0xc0d54ba0   ( 843 kB)
<5>[    0.000000]        .bss : 0xc0d54c64 - 0xc0eb45c0   (1407 kB)
<6>[    0.000000] SLUB: HWalign=64, Order=0-3, MinObjects=0, CPUs=1, Nodes=1
<6>[    0.000000] Preemptible hierarchical RCU implementation.
<6>[    0.000000] NR_IRQS:16 nr_irqs:16 16
<2>[    0.000000] GIC CPU mask not found - kernel will fail to boot.
<2>[    0.000000] GIC CPU mask not found - kernel will fail to boot.
<4>[    0.000000] mpm_init_irq_domain(): Cannot find irq controller for qcom,gpio-parent
<3>[    0.000000] MPM 1 irq mapping errored -517
<6>[    0.000000] Architected mmio timer(s) running at 19.20MHz (virt).
<6>[    0.000010] sched_clock: 56 bits at 19MHz, resolution 52ns, wraps every 3579139424256ns
<6>[    0.007976] Switching to timer-based delay loop, resolution 52ns
<6>[    0.013969] Switched to clocksource arch_mem_counter
<6>[    0.019726] Console: colour dummy device 80x30
<6>[    0.023339] console [tty0] enabled
<6>[    0.026764] bootconsole [uart0] disabled
<6>[    0.030637] Calibrating delay loop (skipped), value calculated using timer frequency.. 38.40 BogoMIPS (lpj=192000)
<6>[    0.030675] pid_max: default: 32768 minimum: 301
<6>[    0.030897] Mount-cache hash table entries: 1024 (order: 0, 4096 bytes)
<6>[    0.030935] Mountpoint-cache hash table entries: 1024 (order: 0, 4096 bytes)
<6>[    0.031813] Initializing cgroup subsys freezer
<6>[    0.031881] CPU: Testing write buffer coherency: ok
<6>[    0.032423] Setting up static identity map for 0x8082d370 - 0x8082d3c8
<4>[    0.033699] 
<4>[    0.033699] **********************************************************
<4>[    0.033740] **   NOTICE NOTICE NOTICE NOTICE NOTICE NOTICE NOTICE   **
<4>[    0.033763] **                                                      **
<4>[    0.033784] ** trace_printk() being used. Allocating extra memory.  **
<4>[    0.033805] **                                                      **
<4>[    0.033826] ** This means that this is a DEBUG kernel and it is     **
<4>[    0.033848] ** unsafe for produciton use.                           **
<4>[    0.033869] **                                                      **
<4>[    0.033889] ** If you see this message and you are not debugging    **
<4>[    0.033910] ** the kernel, report this immediately to your vendor!  **
<4>[    0.033931] **                                                      **
<4>[    0.033952] **   NOTICE NOTICE NOTICE NOTICE NOTICE NOTICE NOTICE   **
<4>[    0.034054] **********************************************************
<6>[    0.061044] MSM Memory Dump base table set up
<6>[    0.061140] MSM Memory Dump apps data table set up
<6>[    0.071804] VFP support v0.3: implementor 41 architecture 2 part 30 variant 7 rev 5
<6>[    0.079260] pinctrl core: initialized pinctrl subsystem
<6>[    0.079824] regulator-dummy: no parameters
<6>[    0.111639] NET: Registered protocol family 16
<6>[    0.123504] DMA: preallocated 256 KiB pool for atomic coherent allocations
<6>[    0.184035] cpuidle: using governor ladder
<6>[    0.214026] cpuidle: using governor menu
<6>[    0.244024] cpuidle: using governor qcom
<6>[    0.253437] msm_watchdog b017000.qcom,wdt: wdog absent resource not present
<6>[    0.253874] msm_watchdog b017000.qcom,wdt: MSM Watchdog Initialized
<3>[    0.263415] spmi_pmic_arb 200f000.qcom,spmi: PMIC Arb Version-2 0x20010000
<6>[    0.266474] platform 4080000.qcom,mss: assigned reserved memory node modem_adsp_region@0
<4>[    0.267286] irq: no irq domain found for /soc/pinctrl@1000000 !
<6>[    0.267859] mem_acc_corner: 0 <--> 0 mV 
<6>[    0.268959] hw-breakpoint: found 5 (+1 reserved) breakpoint and 4 watchpoint registers.
<6>[    0.269001] hw-breakpoint: maximum watchpoint size is 8 bytes.
<7>[    0.269981] gpiochip_add: registered GPIOs 0 to 79 on device: 1000000.pinctrl
<7>[    0.270005] GPIO chip 1000000.pinctrl: created GPIO range 0->79 ==> 1000000.pinctrl PIN 0->79
<4>[    0.270633] __of_mpm_init(): MPM driver mapping exists
<4>[    0.271255] msm_rpm_glink_dt_parse: qcom,rpm-glink compatible not matches
<6>[    0.271295] msm_rpm_dev_probe: APSS-RPM communication over SMD
<3>[    0.271986] msm_mpm_dev_probe(): Cannot get clk resource for XO: -517
<3>[    0.274706] smd_channel_probe_now: allocation table not initialized
<6>[    0.277148] mdm9607_s1: 1050 <--> 1350 mV at 1225 mV normal idle 
<6>[    0.277398] spm_regulator_probe: name=mdm9607_s1, range=LV, voltage=1225000 uV, mode=AUTO, step rate=4800 uV/us
<6>[    0.277991] cpr_efuse_init: apc_corner: efuse_addr = 0x000a4000 (len=0x1000)
<6>[    0.278064] cpr_read_fuse_revision: apc_corner: fuse revision = 2
<6>[    0.278099] cpr_parse_speed_bin_fuse: apc_corner: [row: 37]: 0x41d15d325b47b7c1, speed_bits = 4
<6>[    0.278207] cpr_pvs_init: apc_corner: pvs voltage: [1050000 1100000 1250000] uV
<6>[    0.278243] cpr_pvs_init: apc_corner: ceiling voltage: [1050000 1225000 1350000] uV
<6>[    0.278277] cpr_pvs_init: apc_corner: floor voltage: [1050000 1050000 1150000] uV
<6>[    0.279008] i2c-msm-v2 78b8000.i2c: probing driver i2c-msm-v2
<3>[    0.279107] i2c-msm-v2 78b8000.i2c: error on clk_get(core_clk):-517
<3>[    0.279143] i2c-msm-v2 78b8000.i2c: error probe() failed with err:-517
<6>[    0.282202] msm-thermal soc:qcom,msm-thermal: msm_thermal:Failed reading node=/soc/qcom,msm-thermal, key=qcom,core-limit-temp. err=-22. KTM continues
<6>[    0.282278] msm-thermal soc:qcom,msm-thermal: probe_therm_reset:Failed reading node=/soc/qcom,msm-thermal, key=qcom,therm-reset-temp err=-22. KTM continues
<3>[    0.282327] msm_thermal:get_kernel_cluster_info CPU0 topology not initialized.
<6>[    0.282407] msm_thermal:vdd_restriction_reg_init Defer regulator vdd-dig probe
<3>[    0.282440] msm_thermal:probe_vdd_rstr Err regulator init. err:-517. KTM continues.
<6>[    0.282477] msm-thermal soc:qcom,msm-thermal: probe_vdd_rstr:Failed reading node=/soc/qcom,msm-thermal, key=qcom,max-freq-level. err=-517. KTM continues
<3>[    0.282523] msm_thermal:msm_thermal_dev_probe Failed reading node=/soc/qcom,msm-thermal, key=qcom,online-hotplug-core. err:-517
<6>[    0.284386] sps:sps is ready.
<4>[    0.286692] msm_rpm_glink_dt_parse: qcom,rpm-glink compatible not matches
<6>[    0.286737] msm_rpm_dev_probe: APSS-RPM communication over SMD
<6>[    0.287795] mdm9607_s2: 750 <--> 1275 mV at 750 mV normal idle 
<6>[    0.288745] mdm9607_s3_level: 0 <--> 0 mV at 0 mV normal idle 
<6>[    0.289381] mdm9607_s3_level_ao: 0 <--> 0 mV at 0 mV normal idle 
<6>[    0.290031] mdm9607_s3_floor_level: 0 <--> 0 mV at 0 mV normal idle 
<6>[    0.290641] mdm9607_s3_level_so: 0 <--> 0 mV at 0 mV normal idle 
<6>[    0.291472] mdm9607_s4: 1800 <--> 1950 mV at 1800 mV normal idle 
<6>[    0.292331] mdm9607_l1: 1250 mV normal idle 
<6>[    0.293199] mdm9607_l2: 1800 mV normal idle 
<6>[    0.294316] mdm9607_l3: 1800 mV normal idle 
<6>[    0.295232] mdm9607_l4: 3075 mV normal idle 
<6>[    0.296120] mdm9607_l5: 1700 <--> 3050 mV at 1700 mV normal idle 
<6>[    0.296988] mdm9607_l6: 1700 <--> 3050 mV at 1700 mV normal idle 
<6>[    0.297797] mdm9607_l7: 1700 <--> 1900 mV at 1700 mV normal idle 
<6>[    0.298605] mdm9607_l8: 1800 mV normal idle 
<6>[    0.299407] mdm9607_l9: 1200 <--> 1250 mV at 1200 mV normal idle 
<6>[    0.300237] mdm9607_l10: 1050 mV normal idle 
<6>[    0.301065] mdm9607_l11: 1800 mV normal idle 
<6>[    0.301867] mdm9607_l12_level: 0 <--> 0 mV at 0 mV normal idle 
<6>[    0.302514] mdm9607_l12_level_ao: 0 <--> 0 mV at 0 mV normal idle 
<6>[    0.303092] mdm9607_l12_level_so: 0 <--> 0 mV at 0 mV normal idle 
<6>[    0.303726] mdm9607_l12_floor_lebel: 0 <--> 0 mV at 0 mV normal idle 
<6>[    0.304776] mdm9607_l13: 1800 <--> 2850 mV at 2850 mV normal idle 
<6>[    0.305624] mdm9607_l14: 2650 <--> 3000 mV at 2650 mV normal idle 
<3>[    0.305929] msm_mpm_dev_probe(): Cannot get clk resource for XO: -517
<6>[    0.306255] cpr_efuse_init: apc_corner: efuse_addr = 0x000a4000 (len=0x1000)
<6>[    0.306325] cpr_read_fuse_revision: apc_corner: fuse revision = 2
<6>[    0.306360] cpr_parse_speed_bin_fuse: apc_corner: [row: 37]: 0x41d15d325b47b7c1, speed_bits = 4
<6>[    0.306468] cpr_pvs_init: apc_corner: pvs voltage: [1050000 1100000 1250000] uV
<6>[    0.306504] cpr_pvs_init: apc_corner: ceiling voltage: [1050000 1225000 1350000] uV
<6>[    0.306538] cpr_pvs_init: apc_corner: floor voltage: [1050000 1050000 1150000] uV
<6>[    0.306809] cpr_init_cpr_parameters: apc_corner: up threshold = 0, down threshold = 2
<6>[    0.306865] cpr_init_cpr_parameters: apc_corner: CPR is disabled by default.
<6>[    0.306916] cpr_init_cpr_efuse: apc_corner: [row:65] = 0x15400291291389
<6>[    0.306954] cpr_init_cpr_efuse: apc_corner: CPR disable fuse = 0
<6>[    0.306983] cpr_init_cpr_efuse: apc_corner: Corner[1]: ro_sel = 0, target quot = 657
<6>[    0.307017] cpr_init_cpr_efuse: apc_corner: Corner[2]: ro_sel = 0, target quot = 657
<6>[    0.307050] cpr_init_cpr_efuse: apc_corner: Corner[3]: ro_sel = 0, target quot = 905
<6>[    0.307253] cpr_config: apc_corner: Timer count: 0x17700 (for 5000 us)
<6>[    0.307838] apc_corner: 0 <--> 0 mV 
<6>[    0.308420] i2c-msm-v2 78b8000.i2c: probing driver i2c-msm-v2
<3>[    0.308525] i2c-msm-v2 78b8000.i2c: error on clk_get(core_clk):-517
<3>[    0.308561] i2c-msm-v2 78b8000.i2c: error probe() failed with err:-517
<6>[    0.309108] msm-thermal soc:qcom,msm-thermal: msm_thermal:Failed reading node=/soc/qcom,msm-thermal, key=qcom,core-limit-temp. err=-22. KTM continues
<6>[    0.309175] msm-thermal soc:qcom,msm-thermal: probe_therm_reset:Failed reading node=/soc/qcom,msm-thermal, key=qcom,therm-reset-temp err=-22. KTM continues
<3>[    0.309224] msm_thermal:get_kernel_cluster_info CPU0 topology not initialized.
<3>[    0.309702] cpu cpu0: dev_pm_opp_get_opp_count: device OPP not found (-19)
<3>[    0.309741] msm_thermal:get_cpu_freq_plan_len Error reading CPU0 freq table len. error:-19
<6>[    0.309772] msm_thermal:vdd_restriction_reg_init Defer vdd rstr freq init.
<3>[    0.310154] cpu cpu0: dev_pm_opp_get_opp_count: device OPP not found (-19)
<3>[    0.310189] msm_thermal:get_cpu_freq_plan_len Error reading CPU0 freq table len. error:-19
<3>[    0.310224] cpu cpu0: dev_pm_opp_get_opp_count: device OPP not found (-19)
<3>[    0.310250] msm_thermal:get_cpu_freq_plan_len Error reading CPU0 freq table len. error:-19
<6>[    0.320556] qcom,gcc-mdm9607 1800000.qcom,gcc: Registered GCC clocks
<6>[    0.321031] clock-a7 b010008.qcom,clock-a7: Speed bin: 4 PVS Version: 0
<6>[    0.321142] a7ssmux: set OPP pair(806400000 Hz: 2 uV) on cpu0
<6>[    0.321195] a7ssmux: set OPP pair(1305600000 Hz: 7 uV) on cpu0
<6>[    0.322830] i2c-msm-v2 78b8000.i2c: probing driver i2c-msm-v2
<3>[    0.322946] AXI: msm_bus_scale_register_client(): msm_bus_scale_register_client: Bus driver not ready.
<6>[    0.322988] i2c-msm-v2 78b8000.i2c: msm_bus_scale_register_client(mstr-id:86):0 (not a problem)
<7>[    0.385959] gpiochip_find_base: found new base at 1018
<7>[    0.386130] gpiochip_add: registered GPIOs 1018 to 1023 on device: pm8019-gpio
<7>[    0.386426] qcom,qpnp-pin qpnp-pin-6: qpnp_pin_probe: gpio_chip registered between 1018-1023
<7>[    0.386607] gpiochip_find_base: found new base at 1012
<7>[    0.386750] gpiochip_add: registered GPIOs 1012 to 1017 on device: pm8019-mpp
<7>[    0.387184] qcom,qpnp-pin qpnp-pin-7: qpnp_pin_probe: gpio_chip registered between 1012-1017
<6>[    0.387497] KPI: Bootloader start count = 21053
<6>[    0.387533] KPI: Bootloader end count = 61105
<6>[    0.387555] KPI: Bootloader display count = 8313039
<6>[    0.387578] KPI: Bootloader load kernel count = 29217
<6>[    0.387601] KPI: Kernel MPM timestamp = 101557
<6>[    0.387622] KPI: Kernel MPM Clock frequency = 32768
<6>[    0.387669] socinfo_print: v0.10, id=290, ver=1.0, raw_id=74, raw_ver=0, hw_plat=8, hw_plat_ver=65536
<6>[    0.387669]  accessory_chip=0, hw_plat_subtype=0, pmic_model=65539, pmic_die_revision=131074 foundry_id=0 serial_number=1531426753
<7>[    0.388164] of_get_named_gpiod_flags: parsed 'gpio' property of node '/soc/sdcard_ext_vreg[0]' - status (0)
<6>[    0.388403] sdcard_ext_vreg: no parameters
<7>[    0.388661] of_get_named_gpiod_flags: parsed 'gpio' property of node '/soc/rome_vreg[0]' - status (0)
<6>[    0.388863] rome_vreg: no parameters
<7>[    0.389084] of_get_named_gpiod_flags: parsed 'gpio' property of node '/soc/emac_lan_vreg[0]' - status (0)
<6>[    0.389294] emac_lan_vreg: no parameters
<5>[    0.390605] SCSI subsystem initialized
<6>[    0.390859] usbcore: registered new interface driver usbfs
<6>[    0.390994] usbcore: registered new interface driver hub
<6>[    0.391243] usbcore: registered new device driver usb
<6>[    0.392655] cpufreq: driver msm up and running
<6>[    0.393378] platform soc:qcom,ion:qcom,ion-heap@28: assigned reserved memory node audio_region@0
<6>[    0.393875] ION heap system created
<6>[    0.394233] ION heap audio created at 0x8fc00000 with size 400000
<3>[    0.394745] msm_bus_fabric_init_driver
<6>[    0.406470] qcom,qpnp-power-on qpnp-power-on-1: PMIC@SID0 Power-on reason: Triggered from Hard Reset and 'cold' boot
<6>[    0.406543] qcom,qpnp-power-on qpnp-power-on-1: PMIC@SID0: Power-off reason: Triggered from PS_HOLD (PS_HOLD/MSM controlled shutdown)
<6>[    0.406958] input: qpnp_pon as /devices/virtual/input/input0
<6>[    0.408002] PMIC@SID0: PM8019 v2.2 options: 3, 2, 2, 2
<6>[    0.409672] Advanced Linux Sound Architecture Driver Initialized.
<6>[    0.410689] Bluetooth: Core ver 2.19
<6>[    0.410776] NET: Registered protocol family 31
<6>[    0.410802] Bluetooth: HCI device and connection manager initialized
<6>[    0.410837] Bluetooth: HCI socket layer initialized
<6>[    0.410868] Bluetooth: L2CAP socket layer initialized
<6>[    0.410923] Bluetooth: SCO socket layer initialized
<6>[    0.411349] cfg80211: Calling CRDA to update world regulatory domain
<6>[    0.411412] cfg80211: World regulatory domain updated:
<6>[    0.411439] cfg80211:  DFS Master region: unset
<6>[    0.411459] cfg80211:   (start_freq - end_freq @ bandwidth), (max_antenna_gain, max_eirp), (dfs_cac_time)
<6>[    0.411502] cfg80211:   (2402000 KHz - 2472000 KHz @ 40000 KHz), (N/A, 2000 mBm), (N/A)
<6>[    0.411538] cfg80211:   (2457000 KHz - 2482000 KHz @ 40000 KHz), (N/A, 2000 mBm), (N/A)
<6>[    0.411573] cfg80211:   (2474000 KHz - 2494000 KHz @ 20000 KHz), (N/A, 2000 mBm), (N/A)
<6>[    0.411607] cfg80211:   (5170000 KHz - 5250000 KHz @ 80000 KHz), (N/A, 2000 mBm), (N/A)
<6>[    0.411642] cfg80211:   (5250000 KHz - 5330000 KHz @ 80000 KHz), (N/A, 2000 mBm), (N/A)
<6>[    0.411677] cfg80211:   (5490000 KHz - 5710000 KHz @ 80000 KHz), (N/A, 2000 mBm), (N/A)
<6>[    0.411712] cfg80211:   (5735000 KHz - 5835000 KHz @ 80000 KHz), (N/A, 2000 mBm), (N/A)
<6>[    0.411747] cfg80211:   (57240000 KHz - 63720000 KHz @ 2160000 KHz), (N/A, 0 mBm), (N/A)
<6>[    0.413134] Switched to clocksource arch_mem_counter
<6>[    0.455703] NET: Registered protocol family 2
<6>[    0.456681] TCP established hash table entries: 2048 (order: 1, 8192 bytes)
<6>[    0.456761] TCP bind hash table entries: 2048 (order: 1, 8192 bytes)
<6>[    0.456811] TCP: Hash tables configured (established 2048 bind 2048)
<6>[    0.456961] TCP: reno registered
<6>[    0.457001] UDP hash table entries: 256 (order: 0, 4096 bytes)
<6>[    0.457046] UDP-Lite hash table entries: 256 (order: 0, 4096 bytes)
<6>[    0.457309] NET: Registered protocol family 1
<6>[    0.460277] futex hash table entries: 256 (order: -1, 3072 bytes)
<6>[    0.473687] msgmni has been set to 304
<6>[    0.477034] Block layer SCSI generic (bsg) driver version 0.4 loaded (major 251)
<6>[    0.477094] io scheduler noop registered
<6>[    0.477124] io scheduler deadline registered
<6>[    0.477394] io scheduler cfq registered (default)
<7>[    0.477547] gpiochip_find_base: found new base at 980
<7>[    0.477712] gpiochip_add: registered GPIOs 980 to 1011 on device: smp2p
<7>[    0.477956] gpiochip_find_base: found new base at 948
<7>[    0.478100] gpiochip_add: registered GPIOs 948 to 979 on device: smp2p
<7>[    0.478156] gpiochip_find_base: found new base at 916
<7>[    0.478311] gpiochip_add: registered GPIOs 916 to 947 on device: smp2p
<7>[    0.478525] gpiochip_find_base: found new base at 884
<7>[    0.478685] gpiochip_add: registered GPIOs 884 to 915 on device: smp2p
<7>[    0.478743] gpiochip_find_base: found new base at 852
<7>[    0.478885] gpiochip_add: registered GPIOs 852 to 883 on device: slave-kernel
<7>[    0.479038] gpiochip_find_base: found new base at 852
<7>[    0.479180] gpiochip_add: registered GPIOs 852 to 883 on device: master-kernel
<5>[    0.486085] msm_rpm_log_probe: OK
<7>[    0.487414] of_get_named_gpiod_flags: parsed 'qcom,gpio-proxy-unvote' property of node '/soc/qcom,mss@4080000[0]' - status (-517)
<4>[    0.488119] gsm_init: loaded as 250,0.
<6>[    0.488945] msm_serial_hs module loaded
<6>[    0.489378] msm_hsl_dt_to_pdata: read config-gpio ret=-22
<6>[    0.489413] msm_hsl_dt_to_pdata: read config-gpio =0 start.
<6>[    0.489440] msm_serial_hsl_probe: detected port #0 (ttyHSL0)
<6>[    0.489493] msm_serial_hsl_probe: two_wire   func_mode:0
<3>[    0.489524] AXI: get_pdata(): Error: Client name not found
<3>[    0.489550] AXI: msm_bus_cl_get_pdata(): client has to provide missing entry for successful registration
<3>[    0.489584] msm_serial_hsl_probe: Bus scaling is disabled
<6>[    0.489770] 78b3000.serial: ttyHSL0 at MMIO 0x78b3000 (irq = 153, base_baud = 460800) is a MSM
<6>[    0.490338] msm_hsl_dt_to_pdata: read config-gpio ret=0
<6>[    0.490371] msm_hsl_dt_to_pdata: read config-gpio =4 start.
<7>[    0.490421] of_get_named_gpiod_flags: parsed 'qcom,tx-gpio' property of node '/soc/serial@78b1000[0]' - status (0)
<7>[    0.490448] of_get_named_gpiod_flags: parsed 'qcom,rx-gpio' property of node '/soc/serial@78b1000[0]' - status (0)
<6>[    0.490459] msm_hsl_dt_to_pdata: read config-gpio= ok
<7>[    0.490499] of_get_named_gpiod_flags: parsed 'qcom,cts-gpio' property of node '/soc/serial@78b1000[0]' - status (0)
<7>[    0.490524] of_get_named_gpiod_flags: parsed 'qcom,rfr-gpio' property of node '/soc/serial@78b1000[0]' - status (0)
<6>[    0.490538] msm_serial_hsl_probe: detected port #1 (ttyHSL1)
<6>[    0.490582] msm_serial_hsl_probe: four_wire   func_mode:1
<6>[    0.490973] 78b1000.serial: ttyHSL1 at MMIO 0x78b1000 (irq = 151, base_baud = 460800) is a MSM
<6>[    0.494561] msm_serial_hsl_init: driver initialized
<4>[    0.496065] [LS_RI]ri_init!
<4>[    0.496096] [LS_RI]gpio_uart_ri_probe!
<4>[    0.496131] frist request gpio ok LS_UART_RI_GPIO
<4>[    0.496156] allocate data to r_pme strcut
<4>[    0.496178] [LS_RI]:ls_ri_init    finish!!! 
<6>[    0.510498] tbox:+power_dev_init
<6>[    0.510574] tbox:gpio mpu_wake_mcu init start
<6>[    0.510762] tbox:gpio mpu_wake_mcu init success
<6>[    0.510789] tbox:gpio mcu_wake_mpu init start
<6>[    0.511427] tbox:gpio mcu_wake_mpu init success
<6>[    0.511462] tbox:gpio mcu_notify_mpu1 init start
<6>[    0.511645] tbox:gpio mcu_notify_mpu1 init success
<6>[    0.511672] tbox:gpio mcu_notify_mpu2 init start
<6>[    0.511825] tbox:gpio mcu_notify_mpu2 init success
<6>[    0.511851] tbox:gpio bt_host_wake init start
<6>[    0.512324] tbox:gpio bt_host_wake init success
<6>[    0.512359] tbox:gpio bt_dev_wake init start
<6>[    0.512563] tbox:gpio bt_dev_wake init success
<6>[    0.512589] tbox:gpio mpu_update init start
<6>[    0.512739] tbox:gpio mpu_update init success
<6>[    0.512763] tbox:gpio wlan_en init start
<6>[    0.512908] tbox:gpio wlan_en init success
<6>[    0.512932] tbox:-power_dev_init
<6>[    0.522429] brd: module loaded
<6>[    0.526774] loop: module loaded
<4>[    0.529764] ls_netlink_init.
<7>[    0.530617] lct_gpio_utility soc:lct,gpio-utility: lct_gpios_test_probe: OK
<4>[    0.531004] i2c-core: driver [tabla-i2c-core] using legacy suspend method
<4>[    0.531041] i2c-core: driver [tabla-i2c-core] using legacy resume method
<4>[    0.531282] i2c-core: driver [wcd9xxx-i2c-core] using legacy suspend method
<4>[    0.531313] i2c-core: driver [wcd9xxx-i2c-core] using legacy resume method
<4>[    0.531513] i2c-core: driver [tasha-i2c-core] using legacy suspend method
<4>[    0.531542] i2c-core: driver [tasha-i2c-core] using legacy resume method
<6>[    0.531818] SCSI Media Changer driver v0.25 
<3>[    0.536711] sps: BAM device 0x07984000 is not registered yet.
<6>[    0.537589] sps:BAM 0x07984000 is registered.
<6>[    0.537632] msm_nand_bam_init: msm_nand_bam_init: BAM device registered: bam_handle 0xceaa0000
<6>[    0.537999] sps:BAM 0x07984000 (va:0xd09a0000) enabled: ver:0x18, number of pipes:7
<6>[    0.540211] msm_nand_parse_smem_ptable: Parsing partition table info from SMEM
<6>[    0.540297] msm_nand_parse_smem_ptable: SMEM partition table found: ver: 4 len: 17
<6>[    0.540355] msm_nand_version_check: nand_major:1, nand_minor:5, qpic_major:1, qpic_minor:5
<3>[    0.540428] msm_nand_scan: missing page size info - extract from NAND ID
<6>[    0.540459] msm_nand_scan: NAND Id: 0x1590acad Buswidth: 8Bits Density: 512 MByte
<6>[    0.540492] msm_nand_scan: pagesize: 2048 Erasesize: 131072 oobsize: 64 (in Bytes)
<6>[    0.540523] msm_nand_scan: BCH ECC: 4 Bit
<6>[    0.540555] msm_nand_scan: CFG0: 0x2a0408c0,           CFG1: 0x0804745c
<6>[    0.540555]             RAWCFG0: 0x2c8400c0,        RAWCFG1: 0x0005055d
<6>[    0.540555]           ECCBUFCFG: 0x00000203,      ECCBCHCFG: 0x42040700
<6>[    0.540555]           RAWECCCFG: 0x42000701, BAD BLOCK BYTE: 0x000001d1
<5>[    0.540650] Creating 17 MTD partitions on "7980000.nand":
<5>[    0.540683] 0x000000000000-0x000000140000 : "sbl"
<5>[    0.541976] 0x000000140000-0x000000280000 : "mibib"
<5>[    0.543054] 0x000000280000-0x000000e80000 : "efs2"
<5>[    0.544129] 0x000000e80000-0x000001000000 : "tz"
<5>[    0.545160] 0x000001000000-0x000001140000 : "rpm"
<5>[    0.546190] 0x000001140000-0x000001280000 : "aboot"
<5>[    0.547230] 0x000001280000-0x000001a60000 : "boot"
<5>[    0.548304] 0x000001a60000-0x000001aa0000 : "scrub"
<5>[    0.549397] 0x000001aa0000-0x000005260000 : "modem"
<5>[    0.550480] 0x000005260000-0x0000053a0000 : "misc"
<5>[    0.551585] 0x0000053a0000-0x000005a80000 : "recovery"
<5>[    0.552595] 0x000005a80000-0x000005c00000 : "fota"
<5>[    0.553574] 0x000005c00000-0x000007a00000 : "recoveryfs"
<5>[    0.555042] 0x000007a00000-0x00000de00000 : "system"
<5>[    0.556160] 0x00000de00000-0x00000f200000 : "oeminfo"
<5>[    0.557230] 0x00000f200000-0x000015600000 : "system_b"
<5>[    0.558289] 0x000015600000-0x000020000000 : "vendor"
<6>[    0.559439] msm_nand_probe: NANDc phys addr 0x7980000, BAM phys addr 0x7984000, BAM IRQ 164
<6>[    0.559484] msm_nand_probe: Allocated DMA buffer at virt_addr 0xcf840000, phys_addr 0x8f840000
<6>[    0.563117] PPP generic driver version 2.4.2
<6>[    0.563410] PPP BSD Compression module registered
<6>[    0.563446] PPP Deflate Compression module registered
<6>[    0.563489] PPP MPPE Compression module registered
<6>[    0.563527] NET: Registered protocol family 24
<6>[    0.569728] cnss_configure_ramdump: ramdump addr: d2c00000, phys: 0x87a00000 subsys:'AR6320'
<6>[    0.570393] cnss_sdio 87a00000.qcom,cnss-sdio: CNSS SDIO Driver registered
<6>[    0.573713] msm_otg 78d9000.usb: msm_otg probe
<7>[    0.574242] of_get_named_gpiod_flags: can't parse 'qcom,hub-reset-gpio' property of node '/soc/usb@78d9000[0]'
<7>[    0.574265] of_get_named_gpiod_flags: can't parse 'qcom,sw-sel-gpio' property of node '/soc/usb@78d9000[0]'
<7>[    0.574317] of_get_named_gpiod_flags: parsed 'qcom,usbid-gpio' property of node '/soc/usb@78d9000[0]' - status (0)
<7>[    0.574346] of_get_named_gpiod_flags: can't parse 'qcom,hsusb-otg-vddmin-gpio' property of node '/soc/usb@78d9000[0]'
<6>[    0.576053] msm_otg 78d9000.usb: OTG regs = d08ee000
<6>[    0.582106] ehci_hcd: USB 2.0 'Enhanced' Host Controller (EHCI) Driver
<6>[    0.582514] ehci-msm: Qualcomm On-Chip EHCI Host Controller
<6>[    0.582984] usbcore: registered new interface driver cdc_acm
<6>[    0.583017] cdc_acm: USB Abstract Control Model driver for USB modems and ISDN adapters
<6>[    0.583154] usbcore: registered new interface driver usb-storage
<6>[    0.583245] usbcore: registered new interface driver ums-alauda
<6>[    0.583332] usbcore: registered new interface driver ums-cypress
<6>[    0.583417] usbcore: registered new interface driver ums-datafab
<6>[    0.583504] usbcore: registered new interface driver ums-freecom
<6>[    0.583589] usbcore: registered new interface driver ums-isd200
<6>[    0.583678] usbcore: registered new interface driver ums-jumpshot
<6>[    0.583783] usbcore: registered new interface driver ums-karma
<6>[    0.583874] usbcore: registered new interface driver ums-onetouch
<6>[    0.584064] usbcore: registered new interface driver ums-sddr09
<6>[    0.584168] usbcore: registered new interface driver ums-sddr55
<6>[    0.584256] usbcore: registered new interface driver ums-usbat
<6>[    0.586023] gbridge_init: gbridge_init successs.
<6>[    0.588151] qcom,qpnp-rtc qpnp-rtc-5: rtc core: registered qpnp_rtc as rtc0
<6>[    0.588542] msm_otg 78d9000.usb: phy_reset: success
<6>[    0.588711] i2c /dev entries driver
<3>[    0.589842] unable to find DT imem DLOAD mode node
<3>[    0.590227] unable to find DT imem EDLOAD mode node
<3>[    0.590567] unable to find DT imem dload-type node
<6>[    0.614052] Bluetooth: HCI UART driver ver 2.2
<6>[    0.614093] Bluetooth: HCI H4 protocol initialized
<6>[    0.614117] Bluetooth: HCI_IBS protocol initialized
<7>[    0.614312] of_get_named_gpiod_flags: parsed 'qca,bt-reset-gpio' property of node '/bt_qca6174[0]' - status (0)
<6>[    0.614331] bt_dt_parse_vreg_info: qca,bt-vdd-core: is not provided in device tree
<4>[    0.614421] bt_power bt_qca6174: no qca,bt-vdd-pa-voltage-level property
<6>[    0.614453] bt_dt_parse_vreg_info: qca,bt-vdd-ldo: is not provided in device tree
<6>[    0.614486] bt_dt_parse_vreg_info: qca,bt-chip-pwd: is not provided in device tree
<6>[    0.615458] sdhci: Secure Digital Host Controller Interface driver
<6>[    0.615495] sdhci: Copyright(c) Pierre Ossman
<6>[    0.615528] sdhci-pltfm: SDHCI platform and OF driver helper
<4>[    0.616155] sdhci_msm 7824900.sdhci: sdhci_msm_probe: ICE device is not enabled
<7>[    0.616219] of_get_named_gpiod_flags: can't parse 'cd-gpios' property of node '/soc/sdhci@7824900[0]'
<7>[    0.616236] of_get_named_gpiod_flags: can't parse 'pwren-gpio' property of node '/soc/sdhci@7824900[0]'
<6>[    0.616248] [sdhci_msm_populate_pdata] en_gpio: -2
<6>[    0.616290] sdhci_msm 7824900.sdhci: No vreg data found for vdd
<3>[    0.616620] sdhci_msm 7824900.sdhci: sdhci_msm_pm_qos_parse_irq: error -22 reading irq cpu
<5>[    0.616664] sdhci_msm 7824900.sdhci: sdhci_msm_pm_qos_parse: PM QoS voting for IRQ will be disabled
<5>[    0.616706] sdhci_msm 7824900.sdhci: sdhci_msm_pm_qos_parse: PM QoS voting for cpu group will be disabled
<6>[    0.619640] sdhci_msm 7824900.sdhci: No vmmc regulator found
<6>[    0.619686] sdhci_msm 7824900.sdhci: No vqmmc regulator found
<6>[    0.620104] mmc0: SDHCI controller on 7824900.sdhci [7824900.sdhci] using 32-bit ADMA in legacy mode
<4>[    0.649171] sdhci_msm 7864900.sdhci: sdhci_msm_probe: ICE device is not enabled
<7>[    0.649233] of_get_named_gpiod_flags: can't parse 'cd-gpios' property of node '/soc/sdhci@07864900[0]'
<7>[    0.649250] of_get_named_gpiod_flags: can't parse 'pwren-gpio' property of node '/soc/sdhci@07864900[0]'
<6>[    0.649262] [sdhci_msm_populate_pdata] en_gpio: -2
<3>[    0.649633] sdhci_msm 7864900.sdhci: sdhci_msm_pm_qos_parse_irq: error -22 reading irq cpu
<5>[    0.649677] sdhci_msm 7864900.sdhci: sdhci_msm_pm_qos_parse: PM QoS voting for IRQ will be disabled
<5>[    0.649719] sdhci_msm 7864900.sdhci: sdhci_msm_pm_qos_parse: PM QoS voting for cpu group will be disabled
<6>[    0.656992] sdhci_msm 7864900.sdhci: No vmmc regulator found
<6>[    0.657036] sdhci_msm 7864900.sdhci: No vqmmc regulator found
<6>[    0.657558] mmc1: SDHCI controller on 7864900.sdhci [7864900.sdhci] using 32-bit ADMA in legacy mode
<6>[    0.687737] usbcore: registered new interface driver usbhid
<6>[    0.687775] usbhid: USB HID core driver
<6>[    0.690121] logger: created 1024K log 'autolink_log/tsp'
<6>[    0.692380] logger: created 1024K log 'autolink_log/mpu'
<4>[    0.694341] www===usb-dbg --ulpi_init,line=755,entry
<4>[    0.694382] www===usb-dbg --ulpi_init,line=767,use pdata->phy_init_seq
<4>[    0.694445] www===usb-dbg --ulpi_init,line=772,default usb phy para: 0x80 = 0x33,0x81 = 0x33,0x82 = 0x7,0x83 = 0x13
<4>[    0.694482] www===usb-dbg --ulpi_init,line=779,no phy init data,will return
<6>[    0.699821] logger: created 1024K log 'autolink_log/mcu'
<6>[    0.702295] logger: created 1024K log 'autolink_log/system'
<6>[    0.704793] sps:BAM 0x078c4000 is registered.
<3>[    0.704895] IPA HW is not supported on this target
<6>[    0.705933] bimc-bwmon 408000.qcom,cpu-bwmon: BW HWmon governor registered.
<3>[    0.707731] devfreq soc:qcom,cpubw: Couldn't update frequency transition information.
<6>[    0.709271] coresight-fuse a601c.fuse: QPDI fuse not specified
<6>[    0.709667] coresight-fuse a601c.fuse: Fuse initialized
<6>[    0.715238] coresight-csr 6001000.csr: CSR initialized
<6>[    0.715990] coresight-tmc 6026000.tmc: Byte Counter feature enabled
<6>[    0.716788] sps:BAM 0x06084000 is registered.
<6>[    0.717288] coresight-tmc 6026000.tmc: TMC initialized
<6>[    0.717837] coresight-tmc 6025000.tmc: TMC initialized
<6>[    0.720057] nidnt boot config: 0
<6>[    0.721316] coresight-tpiu 6020000.tpiu: NIDnT on SDCARD only mode
<6>[    0.721547] coresight-tpiu 6020000.tpiu: TPIU initialized
<6>[    0.723153] coresight-replicator 6024000.replicator: REPLICATOR initialized
<6>[    0.724080] coresight-stm 6002000.stm: STM initialized
<6>[    0.724760] coresight-hwevent 606c000.hwevent: Hardware Event driver initialized
<3>[    0.726454] i2c-msm-v2 78b8000.i2c: msm_bus_scale_register_client(mstr-id:86):0x7 (ok)
<3>[    0.726676] i2c-msm-v2 78b8000.i2c: NACK: slave not responding, ensure its powered: msgs(n:2 cur:0 tx) bc(rx:2 tx:2) mode:FIFO slv_addr:0xa MSTR_STS:0x0d1300c8 OPER:0x00000010
<4>[    0.726884] sgtl5000: probe of 4-000a failed with error -107
<7>[    0.727536] of_get_named_gpiod_flags: parsed 'gpio-reset' property of node '/soc/i2c@78b8000/tlv320aic3x@18[0]' - status (0)
<4>[    0.727604] 4-0018 supply IOVDD not found, using dummy regulator
<4>[    0.727714] 4-0018 supply DVDD not found, using dummy regulator
<4>[    0.727789] 4-0018 supply AVDD not found, using dummy regulator
<4>[    0.727860] 4-0018 supply DRVDD not found, using dummy regulator
<3>[    0.737276] mdm9607-pinctrl 1000000.pinctrl: invalid group "gpio20" for function "sec_mi2s"
<3>[    0.737348] mdm9607-pinctrl 1000000.pinctrl: invalid group "gpio23" for function "sec_mi2s"
<3>[    0.737401] mdm9607-pinctrl 1000000.pinctrl: invalid group "gpio21" for function "sec_mi2s"
<3>[    0.737451] mdm9607-pinctrl 1000000.pinctrl: invalid group "gpio22" for function "sec_mi2s"
<3>[    0.737502] mdm9607-pinctrl 1000000.pinctrl: invalid group "gpio20" for function "sec_mi2s"
<3>[    0.737551] mdm9607-pinctrl 1000000.pinctrl: invalid group "gpio23" for function "sec_mi2s"
<3>[    0.737601] mdm9607-pinctrl 1000000.pinctrl: invalid group "gpio21" for function "sec_mi2s"
<3>[    0.737650] mdm9607-pinctrl 1000000.pinctrl: invalid group "gpio22" for function "sec_mi2s"
<6>[    0.740995] msm-compr-dsp soc:qcom,msm-compr-dsp: msm_compr_probe: dev name soc:qcom,msm-compr-dsp
<6>[    0.743752] msm_pcm_probe: dev name soc:qcom,msm-voice-host-pcm
<3>[    0.752777] mdm9607-asoc-snd soc:sound: Defering mdm_asoc_machine_probe, q6_state 0
<6>[    0.753288] Netfilter messages via NETLINK v0.30.
<6>[    0.753403] nf_conntrack version 0.5.0 (2437 buckets, 9748 max)
<6>[    0.754529] ctnetlink v0.93: registering with nfnetlink.
<6>[    0.755537] ip_set: protocol 6
<6>[    0.756118] ip_tables: (C) 2000-2006 Netfilter Core Team
<6>[    0.756380] arp_tables: (C) 2002 David S. Miller
<6>[    0.756483] TCP: cubic registered
<6>[    0.757431] NET: Registered protocol family 10
<6>[    0.758777] ip6_tables: (C) 2000-2006 Netfilter Core Team
<6>[    0.759110] sit: IPv6 over IPv4 tunneling driver
<6>[    0.760019] NET: Registered protocol family 17
<6>[    0.760152] bridge: automatic filtering via arp/ip/ip6tables has been deprecated. Update your scripts to load br_netfilter if you need this.
<5>[    0.760235] Bridge firewalling registered
<6>[    0.760269] Ebtables v2.0 registered
<6>[    0.760494] lib80211: common routines for IEEE802.11 drivers
<7>[    0.760526] lib80211_crypt: registered algorithm 'NULL'
<7>[    0.760548] lib80211_crypt: registered algorithm 'WEP'
<7>[    0.760570] lib80211_crypt: registered algorithm 'CCMP'
<7>[    0.760591] lib80211_crypt: registered algorithm 'TKIP'
<6>[    0.761649] NET: Registered protocol family 27
<7>[    0.765643] gpiochip_find_base: found new base at 852
<7>[    0.765804] gpiochip_add: registered GPIOs 852 to 883 on device: slave-kernel
<7>[    0.766148] gpiochip_find_base: found new base at 820
<7>[    0.766340] gpiochip_add: registered GPIOs 820 to 851 on device: master-kernel
<7>[    0.766971] of_get_named_gpiod_flags: parsed 'qcom,gpio-proxy-unvote' property of node '/soc/qcom,mss@4080000[0]' - status (0)
<7>[    0.767920] of_get_named_gpiod_flags: parsed 'qcom,gpio-err-fatal' property of node '/soc/qcom,mss@4080000[0]' - status (0)
<7>[    0.767947] of_get_named_gpiod_flags: parsed 'qcom,gpio-err-ready' property of node '/soc/qcom,mss@4080000[0]' - status (0)
<7>[    0.767969] of_get_named_gpiod_flags: parsed 'qcom,gpio-stop-ack' property of node '/soc/qcom,mss@4080000[0]' - status (0)
<7>[    0.767990] of_get_named_gpiod_flags: parsed 'qcom,gpio-force-stop' property of node '/soc/qcom,mss@4080000[0]' - status (0)
<7>[    0.768013] of_get_named_gpiod_flags: parsed 'qcom,gpio-shutdown-ack' property of node '/soc/qcom,mss@4080000[0]' - status (0)
<7>[    0.768614] of_get_named_gpiod_flags: can't parse 'qcom,chg-valid-gpio' property of node '/soc/i2c@78b8000/smb358-charger@57[0]'
<3>[    0.770106] i2c-msm-v2 78b8000.i2c: NACK: slave not responding, ensure its powered: msgs(n:2 cur:0 tx) bc(rx:1 tx:1) mode:FIFO slv_addr:0x57 MSTR_STS:0x0d1300c8 OPER:0x00000010
<3>[    0.770235] smb358-charger 4-0057: i2c read fail: can't read from 01: -107
<3>[    0.770266] SMB358 smb358_charger_probe: Failed to detect SMB358, device absent, rc = -107
<4>[    0.770317] smb358-charger: probe of 4-0057 failed with error -107
<3>[    0.781801] mdm9607-asoc-snd soc:sound: Defering mdm_asoc_machine_probe, q6_state 0
<7>[    0.784963] of_get_named_gpiod_flags: parsed 'gpios' property of node '/soc/qcom,smp2pgpio_test_smp2p_15_in[0]' - status (0)
<7>[    0.785089] of_get_named_gpiod_flags: parsed 'gpios' property of node '/soc/qcom,smp2pgpio_test_smp2p_15_out[0]' - status (0)
<7>[    0.785177] of_get_named_gpiod_flags: parsed 'gpios' property of node '/soc/qcom,smp2pgpio_test_smp2p_1_in[0]' - status (0)
<7>[    0.785259] of_get_named_gpiod_flags: parsed 'gpios' property of node '/soc/qcom,smp2pgpio_test_smp2p_1_out[0]' - status (0)
<3>[    0.925895] mdm9607-asoc-snd soc:sound: Defering mdm_asoc_machine_probe, q6_state 0
<5>[    0.926281] ubi0: attaching mtd13
<5>[    1.405980] ubi0: scanning is finished
<5>[    1.414460] ubi0: attached mtd13 (name "system", size 100 MiB)
<5>[    1.414503] ubi0: PEB size: 131072 bytes (128 KiB), LEB size: 126976 bytes
<5>[    1.414531] ubi0: min./max. I/O unit sizes: 2048/2048, sub-page size 2048
<5>[    1.414559] ubi0: VID header offset: 2048 (aligned 2048), data offset: 4096
<5>[    1.414588] ubi0: good PEBs: 800, bad PEBs: 0, corrupted PEBs: 0
<5>[    1.414614] ubi0: user volume: 1, internal volumes: 1, max. volumes count: 128
<5>[    1.414647] ubi0: max/mean erase counter: 8/4, WL threshold: 4096, image sequence number: 35657280
<5>[    1.414682] ubi0: available PEBs: 0, total reserved PEBs: 800, PEBs reserved for bad PEB handling: 80
<6>[    1.414760] RNDIS_IPA module is loaded.
<6>[    1.415801] file system registered
<6>[    1.415957] mbim_init: initialize 1 instances
<6>[    1.416137] mbim_init: Initialized 1 ports
<5>[    1.416515] ubi0: background thread "ubi_bgt0d" started, PID 122
<6>[    1.419274] rndis_qc_init: initialize rndis QC instance
<6>[    1.419864] Number of LUNs=8
<6>[    1.419952] Mass Storage Function, version: 2009/09/11
<6>[    1.419985] LUN: removable file: (no medium)
<6>[    1.420107] Number of LUNs=1
<6>[    1.420241] LUN: removable file: (no medium)
<6>[    1.420267] Number of LUNs=1
<6>[    1.420748] android_usb gadget: android_usb ready
<6>[    1.420787] msm_hsusb msm_hsusb: [ci13xxx_start] hw_ep_max = 32
<6>[    1.420859] msm_hsusb msm_hsusb: CI13XXX_CONTROLLER_RESET_EVENT received
<6>[    1.420894] msm_hsusb msm_hsusb: CI13XXX_CONTROLLER_UDC_STARTED_EVENT received
<3>[    1.421406] mdm9607-asoc-snd soc:sound: Defering mdm_asoc_machine_probe, q6_state 0
<6>[    1.422007] qcom,qpnp-rtc qpnp-rtc-5: setting system clock to 1970-01-01 00:32:29 UTC (1949)
<3>[    1.423285] mdm9607-asoc-snd soc:sound: Defering mdm_asoc_machine_probe, q6_state 0
<6>[    1.425359] parse_legacy_cluster_params(): Ignoring cluster params
<6>[    1.425427] /soc/qcom,lpm-levels/qcom,pm-cluster@0: No CPU phandle, assuming single cluster
<3>[    1.426699] mdm9607-asoc-snd soc:sound: Defering mdm_asoc_machine_probe, q6_state 0
<6>[    1.428987] qcom,cc-debug-mdm9607 1800000.qcom,debug: Registered Debug Mux successfully
<3>[    1.429471] mdm9607-asoc-snd soc:sound: Defering mdm_asoc_machine_probe, q6_state 0
<6>[    1.429993] emac_lan_vreg: disabling
<6>[    1.430052] mem_acc_corner: disabling
<6>[    1.430085] clock_late_init: Removing enables held for handed-off clocks
<6>[    1.431741] ALSA device list:
<6>[    1.431774]   No soundcards found.
<5>[    1.466849] UBIFS (ubi0:0): recovery needed
<5>[    1.530708] UBIFS (ubi0:0): recovery deferred
<5>[    1.530865] UBIFS (ubi0:0): UBIFS: mounted UBI device 0, volume 0, name "rootfs", R/O mode
<5>[    1.530906] UBIFS (ubi0:0): LEB size: 126976 bytes (124 KiB), min./max. I/O unit sizes: 2048 bytes/2048 bytes
<5>[    1.530949] UBIFS (ubi0:0): FS size: 89518080 bytes (85 MiB, 705 LEBs), journal size 9023488 bytes (8 MiB, 72 LEBs)
<5>[    1.530986] UBIFS (ubi0:0): reserved for root: 0 bytes (0 KiB)
<5>[    1.531019] UBIFS (ubi0:0): media format: w4/r0 (latest is w4/r0), UUID BD8561F1-4FB4-4FE5-941C-5AA4F7BE90D7, small LPT model
<6>[    1.533216] VFS: Mounted root (ubifs filesystem) readonly on device 0:12.
<6>[    1.534296] Freeing unused kernel memory: 340K (c0c2d000 - c0c82000)
<5>[    2.299666] UBIFS (ubi0:0): completing deferred recovery
<5>[    2.339556] UBIFS (ubi0:0): background thread "ubifs_bgt0_0" started, PID 155
<5>[    2.339624] UBIFS (ubi0:0): deferred recovery completed
<3>[    2.512072] enable_store: android_usb: already disabled
<5>[    2.612936] ubi8: attaching mtd8
<6>[    2.721434] read descriptors
<6>[    2.721493] read strings
<6>[    2.721549] rndis_function_bind_config: rndis_function_bind_config MAC: 00:00:00:00:00:00
<4>[    2.721640] android_usb gadget: using random self ethernet address
<4>[    2.721679] android_usb gadget: using random host ethernet address
<6>[    2.724668] rndis0: MAC da:4a:c3:61:3a:1e
<6>[    2.724710] rndis0: HOST MAC 6a:7b:08:6a:36:76
<6>[    2.735935] msm_hsusb msm_hsusb: CI13XXX_CONTROLLER_CONNECT_EVENT received
<6>[    2.854468] msm_otg 78d9000.usb: Avail curr from USB = 100
<6>[    2.854761] android_work: android_work: did not send uevent (0 0   (null))
<6>[    2.945466] android_work: android_work: sent uevent USB_STATE=CONNECTED
<6>[    2.950202] android_work: android_work: sent uevent USB_STATE=DISCONNECTED
<6>[    3.055362] android_work: android_work: sent uevent USB_STATE=CONNECTED
<5>[    3.140471] ubi8: scanning is finished
<5>[    3.148600] ubi8: attached mtd8 (name "modem", size 55 MiB)
<5>[    3.148644] ubi8: PEB size: 131072 bytes (128 KiB), LEB size: 126976 bytes
<5>[    3.148672] ubi8: min./max. I/O unit sizes: 2048/2048, sub-page size 2048
<5>[    3.148700] ubi8: VID header offset: 2048 (aligned 2048), data offset: 4096
<5>[    3.148729] ubi8: good PEBs: 446, bad PEBs: 0, corrupted PEBs: 0
<5>[    3.148755] ubi8: user volume: 1, internal volumes: 1, max. volumes count: 128
<5>[    3.148788] ubi8: max/mean erase counter: 4/1, WL threshold: 4096, image sequence number: 1328192
<5>[    3.148824] ubi8: available PEBs: 0, total reserved PEBs: 446, PEBs reserved for bad PEB handling: 80
<5>[    3.152428] ubi8: background thread "ubi_bgt8d" started, PID 204
<6>[    3.200886] android_usb gadget: high-speed config #1: 86000c8.android_usb
<6>[    3.201120] msm_otg 78d9000.usb: Avail curr from USB = 500
<6>[    3.254121] android_work: android_work: sent uevent USB_STATE=CONFIGURED
<5>[    3.332617] UBIFS (ubi8:0): recovery needed
<5>[    3.385396] UBIFS (ubi8:0): recovery deferred
<5>[    3.385568] UBIFS (ubi8:0): UBIFS: mounted UBI device 8, volume 0, name "modem", R/O mode
<5>[    3.385609] UBIFS (ubi8:0): LEB size: 126976 bytes (124 KiB), min./max. I/O unit sizes: 2048 bytes/2048 bytes
<5>[    3.385651] UBIFS (ubi8:0): FS size: 44695552 bytes (42 MiB, 352 LEBs), journal size 7364608 bytes (7 MiB, 58 LEBs)
<5>[    3.385689] UBIFS (ubi8:0): reserved for root: 0 bytes (0 KiB)
<5>[    3.385722] UBIFS (ubi8:0): media format: w4/r0 (latest is w4/r0), UUID DC706597-D68C-4C98-8DE6-D9F88E5CCEAD, small LPT model
<5>[    3.420788] ubi14: attaching mtd14
<5>[    3.521127] ubi14: scanning is finished
<4>[    3.527798] ubi14 warning: print_rsvd_warning: cannot reserve enough PEBs for bad PEB handling, reserved 73, need 80
<5>[    3.528869] ubi14: attached mtd14 (name "oeminfo", size 20 MiB)
<5>[    3.528911] ubi14: PEB size: 131072 bytes (128 KiB), LEB size: 126976 bytes
<5>[    3.528940] ubi14: min./max. I/O unit sizes: 2048/2048, sub-page size 2048
<5>[    3.528969] ubi14: VID header offset: 2048 (aligned 2048), data offset: 4096
<5>[    3.528997] ubi14: good PEBs: 160, bad PEBs: 0, corrupted PEBs: 0
<5>[    3.529024] ubi14: user volume: 1, internal volumes: 1, max. volumes count: 128
<5>[    3.529059] ubi14: max/mean erase counter: 6/2, WL threshold: 4096, image sequence number: 34870392
<5>[    3.529165] ubi14: available PEBs: 0, total reserved PEBs: 160, PEBs reserved for bad PEB handling: 73
<5>[    3.531302] ubi14: background thread "ubi_bgt14d" started, PID 220
<5>[    3.664180] UBIFS (ubi14:0): background thread "ubifs_bgt14_0" started, PID 225
<5>[    3.693853] UBIFS (ubi14:0): recovery needed
<5>[    3.771312] UBIFS (ubi14:0): recovery completed
<5>[    3.771484] UBIFS (ubi14:0): UBIFS: mounted UBI device 14, volume 0, name "conf"
<5>[    3.771523] UBIFS (ubi14:0): LEB size: 126976 bytes (124 KiB), min./max. I/O unit sizes: 2048 bytes/2048 bytes
<5>[    3.771566] UBIFS (ubi14:0): FS size: 9142272 bytes (8 MiB, 72 LEBs), journal size 9023488 bytes (8 MiB, 72 LEBs)
<5>[    3.771603] UBIFS (ubi14:0): reserved for root: 0 bytes (0 KiB)
<5>[    3.771637] UBIFS (ubi14:0): media format: w4/r0 (latest is w4/r0), UUID 9EDC4307-C802-4BF9-A37C-6C5FD1DD214E, small LPT model
<5>[    3.816084] ubi15: attaching mtd15
<5>[    4.313677] ubi15: scanning is finished
<5>[    4.322521] ubi15: attached mtd15 (name "system_b", size 100 MiB)
<5>[    4.322567] ubi15: PEB size: 131072 bytes (128 KiB), LEB size: 126976 bytes
<5>[    4.322596] ubi15: min./max. I/O unit sizes: 2048/2048, sub-page size 2048
<5>[    4.322625] ubi15: VID header offset: 2048 (aligned 2048), data offset: 4096
<5>[    4.322654] ubi15: good PEBs: 800, bad PEBs: 0, corrupted PEBs: 0
<5>[    4.322681] ubi15: user volume: 1, internal volumes: 1, max. volumes count: 128
<5>[    4.322715] ubi15: max/mean erase counter: 1/0, WL threshold: 4096, image sequence number: 303301672
<5>[    4.322750] ubi15: available PEBs: 0, total reserved PEBs: 800, PEBs reserved for bad PEB handling: 80
<5>[    4.324155] ubi15: background thread "ubi_bgt15d" started, PID 234
<5>[    4.494171] UBIFS (ubi15:0): recovery needed
<5>[    4.513487] UBIFS (ubi15:0): recovery deferred
<5>[    4.513656] UBIFS (ubi15:0): UBIFS: mounted UBI device 15, volume 0, name "backup", R/O mode
<5>[    4.513697] UBIFS (ubi15:0): LEB size: 126976 bytes (124 KiB), min./max. I/O unit sizes: 2048 bytes/2048 bytes
<5>[    4.513738] UBIFS (ubi15:0): FS size: 89518080 bytes (85 MiB, 705 LEBs), journal size 9023488 bytes (8 MiB, 72 LEBs)
<5>[    4.513776] UBIFS (ubi15:0): reserved for root: 0 bytes (0 KiB)
<5>[    4.513809] UBIFS (ubi15:0): media format: w4/r0 (latest is w4/r0), UUID 95551405-A4F2-4FBD-9143-5732B9D92211, small LPT model
<5>[    4.548948] ubi16: attaching mtd16
<5>[    5.402555] ubi16: scanning is finished
<5>[    5.412261] ubi16: attached mtd16 (name "vendor", size 170 MiB)
<5>[    5.412308] ubi16: PEB size: 131072 bytes (128 KiB), LEB size: 126976 bytes
<5>[    5.412336] ubi16: min./max. I/O unit sizes: 2048/2048, sub-page size 2048
<5>[    5.412365] ubi16: VID header offset: 2048 (aligned 2048), data offset: 4096
<5>[    5.412394] ubi16: good PEBs: 1360, bad PEBs: 0, corrupted PEBs: 0
<5>[    5.412422] ubi16: user volume: 1, internal volumes: 1, max. volumes count: 128
<5>[    5.412455] ubi16: max/mean erase counter: 6/3, WL threshold: 4096, image sequence number: 2381328
<5>[    5.412491] ubi16: available PEBs: 0, total reserved PEBs: 1360, PEBs reserved for bad PEB handling: 80
<5>[    5.414145] ubi16: background thread "ubi_bgt16d" started, PID 247
<5>[    5.554179] UBIFS (ubi16:0): background thread "ubifs_bgt16_0" started, PID 252
<5>[    5.584792] UBIFS (ubi16:0): recovery needed
<5>[    5.699846] UBIFS (ubi16:0): recovery completed
<5>[    5.700017] UBIFS (ubi16:0): UBIFS: mounted UBI device 16, volume 0, name "data"
<5>[    5.700057] UBIFS (ubi16:0): LEB size: 126976 bytes (124 KiB), min./max. I/O unit sizes: 2048 bytes/2048 bytes
<5>[    5.700099] UBIFS (ubi16:0): FS size: 160624640 bytes (153 MiB, 1265 LEBs), journal size 9023488 bytes (8 MiB, 72 LEBs)
<5>[    5.700138] UBIFS (ubi16:0): reserved for root: 0 bytes (0 KiB)
<5>[    5.700172] UBIFS (ubi16:0): media format: w4/r0 (latest is w4/r0), UUID 667710EE-9595-4DB4-A5A8-4BC0AAFBF445, small LPT model
<6>[    6.022416] subsys-restart: __subsystem_get(): Changing subsys fw_name to modem
<6>[    6.030268] pil-q6v5-mss 4080000.qcom,mss: modem: loading from 0x82a00000 to 0x87a00000
<4>[    6.083386] pil-q6v5-mss 4080000.qcom,mss: Debug policy not present - msadp. Continue.
<6>[    6.086585] pil-q6v5-mss 4080000.qcom,mss: Loading MBA and DP (if present) from 0x8f900000 to 0x8fa00000
<6>[    6.134418] pil-q6v5-mss 4080000.qcom,mss: MBA boot done
<12>[    7.408830] QCMAP:start
<12>[    7.464290] QTI:start
<12>[    7.938778] USB QCMAP NL IOCTL Snd GETNEIGH Succ
<4>[    8.167916] ------------[ cut here ]------------
<4>[    8.167990] WARNING: CPU: 0 PID: 423 at /home/exdisk2/userhome/dfsk516L-19/.dfsk516L-19/oe-core/build/tmp-glibc/work-shared/mdm9607/kernel-source/net/netfilter/nf_queue.c:35 nf_register_queue_handler+0x28/0x38()
<4>[    8.168046] Modules linked in:
<4>[    8.168076] CPU: 0 PID: 423 Comm: sh Not tainted 3.18.20 #1
<4>[    8.168127] [<c0013e48>] (unwind_backtrace) from [<c0011e38>] (show_stack+0x10/0x14)
<4>[    8.168174] [<c0011e38>] (show_stack) from [<c001d554>] (warn_slowpath_common+0x68/0x88)
<4>[    8.168217] [<c001d554>] (warn_slowpath_common) from [<c001d604>] (warn_slowpath_null+0x18/0x20)
<4>[    8.168262] [<c001d604>] (warn_slowpath_null) from [<c06b3578>] (nf_register_queue_handler+0x28/0x38)
<4>[    8.168310] [<c06b3578>] (nf_register_queue_handler) from [<c06cf150>] (proc_sip_segment+0x58/0x9c)
<4>[    8.168360] [<c06cf150>] (proc_sip_segment) from [<c0136510>] (proc_sys_call_handler+0x98/0xb4)
<4>[    8.168408] [<c0136510>] (proc_sys_call_handler) from [<c013653c>] (proc_sys_write+0x10/0x18)
<4>[    8.168452] [<c013653c>] (proc_sys_write) from [<c00e3fd0>] (vfs_write+0xb8/0x170)
<4>[    8.168492] [<c00e3fd0>] (vfs_write) from [<c00e4440>] (SyS_write+0x40/0x80)
<4>[    8.168529] [<c00e4440>] (SyS_write) from [<c000e680>] (ret_fast_syscall+0x0/0x38)
<4>[    8.168563] ---[ end trace 33645b8747d522e5 ]---
<6>[   13.133154] pil-q6v5-mss 4080000.qcom,mss: modem: Brought out of reset
<6>[   13.220230] pil-q6v5-mss 4080000.qcom,mss: Subsystem error monitoring/handling services are up
<6>[   13.220328] pil-q6v5-mss 4080000.qcom,mss: modem: Power/Clock ready interrupt received
<3>[   13.220533] M-Notify: General: 7
<4>[   13.281416] msm-pcm-routing soc:qcom,msm-pcm-routing: ASoC: no dapm match for VOICEMMODE1_DL --> VoiceMMode1 --> SEC_MI2S_RX_Voice Mixer
<3>[   13.281491] msm-pcm-routing soc:qcom,msm-pcm-routing: ASoC: Failed to add route VOICEMMODE1_DL -> VoiceMMode1 -> SEC_MI2S_RX_Voice Mixer
<4>[   13.281573] msm-pcm-routing soc:qcom,msm-pcm-routing: ASoC: no dapm match for VOICEMMODE2_DL --> VoiceMMode2 --> SEC_MI2S_RX_Voice Mixer
<3>[   13.281620] msm-pcm-routing soc:qcom,msm-pcm-routing: ASoC: Failed to add route VOICEMMODE2_DL -> VoiceMMode2 -> SEC_MI2S_RX_Voice Mixer
<3>[   13.295754] diag: In diag_send_feature_mask_update, control channel is not open, p: 0, c0e0ab58
<6>[   13.308852] apr_tal:Modem Is Up
<4>[   13.329354] msm-pcm-routing soc:qcom,msm-pcm-routing: ASoC: no dapm match for VOICE2_STUB_DL --> Voice2 Stub --> INTERNAL_BT_SCO_RX_Voice Mixer
<3>[   13.329423] msm-pcm-routing soc:qcom,msm-pcm-routing: ASoC: Failed to add route VOICE2_STUB_DL -> Voice2 Stub -> INTERNAL_BT_SCO_RX_Voice Mixer
<3>[   13.330973] msm-pcm-routing soc:qcom,msm-pcm-routing: ASoC: no sink widget found for SENARY_MI2S_TX
<3>[   13.331018] msm-pcm-routing soc:qcom,msm-pcm-routing: ASoC: Failed to add route BE_IN -> direct -> SENARY_MI2S_TX
<3>[   13.620669] msm-pcm-routing soc:qcom,msm-pcm-routing: ASoC: mux SLIM_0_RX AANC MUX has no paths
<4>[   13.749492] aic3x init success
<3>[   13.755390] msm-dai-stub-dev soc:qcom,msm-dai-stub:qcom,msm-dai-stub-dtmf-tx: ASoC: no sink widget found for STUB_DTMF_TX
<3>[   13.755451] msm-dai-stub-dev soc:qcom,msm-dai-stub:qcom,msm-dai-stub-dtmf-tx: ASoC: Failed to add route DTMF TX -> direct -> STUB_DTMF_TX
<3>[   13.755568] msm-dai-stub-dev soc:qcom,msm-dai-stub:qcom,msm-dai-stub-host-rx-capture-tx: ASoC: no sink widget found for STUB_HOST_RX_CAPTURE_TX
<3>[   13.755618] msm-dai-stub-dev soc:qcom,msm-dai-stub:qcom,msm-dai-stub-host-rx-capture-tx: ASoC: Failed to add route CS-VOICE HOST RX CAPTURE -> direct -> STUB_HOST_RX_CAPTURE_TX
<3>[   13.755730] msm-dai-stub-dev soc:qcom,msm-dai-stub:qcom,msm-dai-stub-host-rx-playback-rx: ASoC: no source widget found for STUB_HOST_RX_PLAYBACK_RX
<3>[   13.755780] msm-dai-stub-dev soc:qcom,msm-dai-stub:qcom,msm-dai-stub-host-rx-playback-rx: ASoC: Failed to add route STUB_HOST_RX_PLAYBACK_RX -> direct -> CS-VOICE HOST RX PLAYBACK
<3>[   13.755890] msm-dai-stub-dev soc:qcom,msm-dai-stub:qcom,msm-dai-stub-host-tx-capture-tx: ASoC: no sink widget found for STUB_HOST_TX_CAPTURE_TX
<3>[   13.755940] msm-dai-stub-dev soc:qcom,msm-dai-stub:qcom,msm-dai-stub-host-tx-capture-tx: ASoC: Failed to add route CS-VOICE HOST TX CAPTURE -> direct -> STUB_HOST_TX_CAPTURE_TX
<3>[   13.756049] msm-dai-stub-dev soc:qcom,msm-dai-stub:qcom,msm-dai-stub-host-tx-playback-rx: ASoC: no source widget found for STUB_HOST_TX_PLAYBACK_RX
<3>[   13.756098] msm-dai-stub-dev soc:qcom,msm-dai-stub:qcom,msm-dai-stub-host-tx-playback-rx: ASoC: Failed to add route STUB_HOST_TX_PLAYBACK_RX -> direct -> CS-VOICE HOST TX PLAYBACK
<3>[   13.768960] mdm9607-asoc-snd soc:sound: ASoC: no sink widget found for MIC_IN
<3>[   13.769014] mdm9607-asoc-snd soc:sound: ASoC: Failed to add route Mic Bias -> direct -> MIC_IN
<12>[   14.328979] embms:start/load
<6>[   15.445175] msm_thermal:set_enabled enabled = 0
<5>[   15.647268] random: lighttpd urandom read with 64 bits of entropy available
<12>[   15.728121] USB QCMAP NL IOCTL Snd GETNEIGH Succ
<6>[   15.754744] sps:BAM 0x04044000 is registered.
<6>[   15.755026] sps:BAM 0x04044000 (va:0xd1f60000) enabled: ver:0x27, number of pipes:6
<12>[   16.848634] eMBMs Tunneling Module:start
<6>[   17.382867] device rndis0 entered promiscuous mode
<6>[   17.497033] bridge0: port 1(rndis0) entered forwarding state
<6>[   17.497133] bridge0: port 1(rndis0) entered forwarding state
<12>[   17.508771] USB QCMAP NL IOCTL Snd GETNEIGH Succ
<12>[   17.607977] USB QCMAP NL IOCTL Snd GETNEIGH Succ
<12>[   17.745650] Shortcut_FE_IPV4:start/load
<12>[   17.760503] USB QCMAP NL IOCTL Snd GETNEIGH Succ
<12>[   17.793478] QCMAP:Start DHCP server
<12>[   17.821016] QTI:RNDIS mode
<12>[   17.833041] QTI:LINK_UP message posted
<12>[   17.858733] Shortcut_FE_IPV6:start/load
<12>[   17.945188] Shortcut_FE_CM:start/load
<12>[   18.428403] QCMAP:DHCP server started
<12>[   18.438364] QCMAP:DHCP server started
<12>[   18.831780] QCMAP:Init Complete
<12>[   19.123158] USB QCMAP NL IOCTL Snd GETNEIGH Succ
<12>[   19.161733] QTI:Processing LINK_UP
<12>[   19.178764] QTI:Enable mobileap
<12>[   19.189746] QCMAP:Enable mobileap
<12>[   19.744374] QTI_PPP:start
<12>[   20.607795] QCMAP:Enable mobileap done
<12>[   20.658252] QTI:Setup TETHERED link
<12>[   21.185132] mbimd: Proc start
<6>[   21.228170] mbim_open: Open mbim driver
<6>[   21.228214] mbim_open: Lock mbim_dev->open_excl for open
<3>[   21.228238] mbim_open: USB cable not connected
<6>[   21.228259] mbim_open: Exit, mbim file opened
<12>[   22.330713] QTI:LINK_UP Processed
<6>[   23.285073] msm_hsl_set_baud_rate: setting uartclk rate 7372800
<6>[   23.285229] msm_hsl_set_baud_rate: setting uartclk rate 7372800
<6>[   23.285302] msm_hsl_set_baud_rate: setting uartclk rate 7372800
<5>[   28.127546] random: nonblocking pool is initialized
[1980-01-06 08:00:16]<6>[    0.000000] Booting Linux on physical CPU 0x0
<6>[    0.000000] Initializing cgroup subsys cpu
<6>[    0.000000] Initializing cgroup subsys cpuacct
<5>[    0.000000] Linux version 3.18.20 (dfsk516L-19@server) (gcc version 4.9.2 (GCC) ) #1 PREEMPT Thu Oct 31 14:35:40 CST 2019
<6>[    0.000000] CPU: ARMv7 Processor [410fc075] revision 5 (ARMv7), cr=10c53c7d
<6>[    0.000000] CPU: PIPT / VIPT nonaliasing data cache, VIPT aliasing instruction cache
<6>[    0.000000] Machine model: Qualcomm Technologies, Inc. MDM 9607 MTP
<6>[    0.000000] Early serial console at I/O port 0x0 (options '')
<6>[    0.000000] bootconsole [uart0] enabled
<6>[    0.000000] Reserved memory: reserved region for node 'modem_adsp_region@0': base 0x82a00000, size 80 MiB
<6>[    0.000000] Reserved memory: reserved region for node 'cnss_debug_region@0': base 0x87a00000, size 2 MiB
<6>[    0.000000] Reserved memory: reserved region for node 'external_image_region@0': base 0x87c00000, size 4 MiB
<6>[    0.000000] Removed memory: created DMA memory pool at 0x82a00000, size 80 MiB
<6>[    0.000000] Reserved memory: initialized node modem_adsp_region@0, compatible id removed-dma-pool
<6>[    0.000000] Removed memory: created DMA memory pool at 0x87a00000, size 2 MiB
<6>[    0.000000] Reserved memory: initialized node cnss_debug_region@0, compatible id removed-dma-pool
<6>[    0.000000] Removed memory: created DMA memory pool at 0x87c00000, size 4 MiB
<6>[    0.000000] Reserved memory: initialized node external_image_region@0, compatible id removed-dma-pool
<6>[    0.000000] Reserved memory: allocated memory for 'audio_region@0' node: base 0x8fc00000, size 4 MiB
<6>[    0.000000] Reserved memory: created CMA memory pool at 0x8fc00000, size 4 MiB
<6>[    0.000000] Reserved memory: initialized node audio_region@0, compatible id shared-dma-pool
<6>[    0.000000] cma: Reserved 4 MiB at 0x8f800000
<6>[    0.000000] Memory policy: Data cache writeback
<7>[    0.000000] On node 0 totalpages: 64000
<7>[    0.000000] free_area_init_node: node 0, pgdat c0d0c84c, node_mem_map cf58e000
<7>[    0.000000]   Normal zone: 576 pages used for memmap
<7>[    0.000000]   Normal zone: 0 pages reserved
<7>[    0.000000]   Normal zone: 64000 pages, LIFO batch:15
<6>[    0.000000] CPU: All CPU(s) started in SVC mode.
<7>[    0.000000] pcpu-alloc: s0 r0 d32768 u32768 alloc=1*32768
<7>[    0.000000] pcpu-alloc: [0] 0 
<4>[    0.000000] Built 1 zonelists in Zone order, mobility grouping on.  Total pages: 63424
<5>[    0.000000] Kernel command line: noinitrd ro androidboot.hardware=qcom ehci-hcd.park=3 msm_rtb.filter=0x37 lpm_levels.sleep_disabled=1  earlycon=msm_hsl_uart,0x78b3000  androidboot.serialno=5b47b7c1 androidboot.authorized_kernel=true androidboot.baseband=msm rootfstype=ubifs rootflags=bulk_read root=ubi0:rootfs ubi.mtd=13
<6>[    0.000000] PID hash table entries: 1024 (order: 0, 4096 bytes)
<6>[    0.000000] Dentry cache hash table entries: 32768 (order: 5, 131072 bytes)
<6>[    0.000000] Inode-cache hash table entries: 16384 (order: 4, 65536 bytes)
<4>[    0.000000] Memory: 147776K/256000K available (8577K kernel code, 842K rwdata, 3856K rodata, 340K init, 1406K bss, 108224K reserved)
<5>[    0.000000] Virtual kernel memory layout:
<5>[    0.000000]     vector  : 0xffff0000 - 0xffff1000   (   4 kB)
<5>[    0.000000]     fixmap  : 0xffc00000 - 0xfff00000   (3072 kB)
<5>[    0.000000]     vmalloc : 0xd0800000 - 0xff000000   ( 744 MB)
<5>[    0.000000]     lowmem  : 0xc0000000 - 0xd0000000   ( 256 MB)
<5>[    0.000000]     modules : 0xbf000000 - 0xc0000000   (  16 MB)
<5>[    0.000000]       .text : 0xc0008000 - 0xc0c2c91c   (12435 kB)
<5>[    0.000000]       .init : 0xc0c2d000 - 0xc0c82000   ( 340 kB)
<5>[    0.000000]       .data : 0xc0c82000 - 0xc0d54ba0   ( 843 kB)
<5>[    0.000000]        .bss : 0xc0d54c64 - 0xc0eb45c0   (1407 kB)
<6>[    0.000000] SLUB: HWalign=64, Order=0-3, MinObjects=0, CPUs=1, Nodes=1
<6>[    0.000000] Preemptible hierarchical RCU implementation.
<6>[    0.000000] NR_IRQS:16 nr_irqs:16 16
<2>[    0.000000] GIC CPU mask not found - kernel will fail to boot.
<2>[    0.000000] GIC CPU mask not found - kernel will fail to boot.
<4>[    0.000000] mpm_init_irq_domain(): Cannot find irq controller for qcom,gpio-parent
<3>[    0.000000] MPM 1 irq mapping errored -517
<6>[    0.000000] Architected mmio timer(s) running at 19.20MHz (virt).
<6>[    0.000010] sched_clock: 56 bits at 19MHz, resolution 52ns, wraps every 3579139424256ns
<6>[    0.007976] Switching to timer-based delay loop, resolution 52ns
<6>[    0.013969] Switched to clocksource arch_mem_counter
<6>[    0.019726] Console: colour dummy device 80x30
<6>[    0.023339] console [tty0] enabled
<6>[    0.026764] bootconsole [uart0] disabled
<6>[    0.030637] Calibrating delay loop (skipped), value calculated using timer frequency.. 38.40 BogoMIPS (lpj=192000)
<6>[    0.030675] pid_max: default: 32768 minimum: 301
<6>[    0.030897] Mount-cache hash table entries: 1024 (order: 0, 4096 bytes)
<6>[    0.030935] Mountpoint-cache hash table entries: 1024 (order: 0, 4096 bytes)
<6>[    0.031813] Initializing cgroup subsys freezer
<6>[    0.031881] CPU: Testing write buffer coherency: ok
<6>[    0.032423] Setting up static identity map for 0x8082d370 - 0x8082d3c8
<4>[    0.033699] 
<4>[    0.033699] **********************************************************
<4>[    0.033740] **   NOTICE NOTICE NOTICE NOTICE NOTICE NOTICE NOTICE   **
<4>[    0.033763] **                                                      **
<4>[    0.033784] ** trace_printk() being used. Allocating extra memory.  **
<4>[    0.033805] **                                                      **
<4>[    0.033826] ** This means that this is a DEBUG kernel and it is     **
<4>[    0.033848] ** unsafe for produciton use.                           **
<4>[    0.033869] **                                                      **
<4>[    0.033889] ** If you see this message and you are not debugging    **
<4>[    0.033910] ** the kernel, report this immediately to your vendor!  **
<4>[    0.033931] **                                                      **
<4>[    0.033952] **   NOTICE NOTICE NOTICE NOTICE NOTICE NOTICE NOTICE   **
<4>[    0.034054] **********************************************************
<6>[    0.061044] MSM Memory Dump base table set up
<6>[    0.061140] MSM Memory Dump apps data table set up
<6>[    0.071804] VFP support v0.3: implementor 41 architecture 2 part 30 variant 7 rev 5
<6>[    0.079260] pinctrl core: initialized pinctrl subsystem
<6>[    0.079824] regulator-dummy: no parameters
<6>[    0.111639] NET: Registered protocol family 16
<6>[    0.123504] DMA: preallocated 256 KiB pool for atomic coherent allocations
<6>[    0.184035] cpuidle: using governor ladder
<6>[    0.214026] cpuidle: using governor menu
<6>[    0.244024] cpuidle: using governor qcom
<6>[    0.253437] msm_watchdog b017000.qcom,wdt: wdog absent resource not present
<6>[    0.253874] msm_watchdog b017000.qcom,wdt: MSM Watchdog Initialized
<3>[    0.263415] spmi_pmic_arb 200f000.qcom,spmi: PMIC Arb Version-2 0x20010000
<6>[    0.266474] platform 4080000.qcom,mss: assigned reserved memory node modem_adsp_region@0
<4>[    0.267286] irq: no irq domain found for /soc/pinctrl@1000000 !
<6>[    0.267859] mem_acc_corner: 0 <--> 0 mV 
<6>[    0.268959] hw-breakpoint: found 5 (+1 reserved) breakpoint and 4 watchpoint registers.
<6>[    0.269001] hw-breakpoint: maximum watchpoint size is 8 bytes.
<7>[    0.269981] gpiochip_add: registered GPIOs 0 to 79 on device: 1000000.pinctrl
<7>[    0.270005] GPIO chip 1000000.pinctrl: created GPIO range 0->79 ==> 1000000.pinctrl PIN 0->79
<4>[    0.270633] __of_mpm_init(): MPM driver mapping exists
<4>[    0.271255] msm_rpm_glink_dt_parse: qcom,rpm-glink compatible not matches
<6>[    0.271295] msm_rpm_dev_probe: APSS-RPM communication over SMD
<3>[    0.271986] msm_mpm_dev_probe(): Cannot get clk resource for XO: -517
<3>[    0.274706] smd_channel_probe_now: allocation table not initialized
<6>[    0.277148] mdm9607_s1: 1050 <--> 1350 mV at 1225 mV normal idle 
<6>[    0.277398] spm_regulator_probe: name=mdm9607_s1, range=LV, voltage=1225000 uV, mode=AUTO, step rate=4800 uV/us
<6>[    0.277991] cpr_efuse_init: apc_corner: efuse_addr = 0x000a4000 (len=0x1000)
<6>[    0.278064] cpr_read_fuse_revision: apc_corner: fuse revision = 2
<6>[    0.278099] cpr_parse_speed_bin_fuse: apc_corner: [row: 37]: 0x41d15d325b47b7c1, speed_bits = 4
<6>[    0.278207] cpr_pvs_init: apc_corner: pvs voltage: [1050000 1100000 1250000] uV
<6>[    0.278243] cpr_pvs_init: apc_corner: ceiling voltage: [1050000 1225000 1350000] uV
<6>[    0.278277] cpr_pvs_init: apc_corner: floor voltage: [1050000 1050000 1150000] uV
<6>[    0.279008] i2c-msm-v2 78b8000.i2c: probing driver i2c-msm-v2
<3>[    0.279107] i2c-msm-v2 78b8000.i2c: error on clk_get(core_clk):-517
<3>[    0.279143] i2c-msm-v2 78b8000.i2c: error probe() failed with err:-517
<6>[    0.282202] msm-thermal soc:qcom,msm-thermal: msm_thermal:Failed reading node=/soc/qcom,msm-thermal, key=qcom,core-limit-temp. err=-22. KTM continues
<6>[    0.282278] msm-thermal soc:qcom,msm-thermal: probe_therm_reset:Failed reading node=/soc/qcom,msm-thermal, key=qcom,therm-reset-temp err=-22. KTM continues
<3>[    0.282327] msm_thermal:get_kernel_cluster_info CPU0 topology not initialized.
<6>[    0.282407] msm_thermal:vdd_restriction_reg_init Defer regulator vdd-dig probe
<3>[    0.282440] msm_thermal:probe_vdd_rstr Err regulator init. err:-517. KTM continues.
<6>[    0.282477] msm-thermal soc:qcom,msm-thermal: probe_vdd_rstr:Failed reading node=/soc/qcom,msm-thermal, key=qcom,max-freq-level. err=-517. KTM continues
<3>[    0.282523] msm_thermal:msm_thermal_dev_probe Failed reading node=/soc/qcom,msm-thermal, key=qcom,online-hotplug-core. err:-517
<6>[    0.284386] sps:sps is ready.
<4>[    0.286692] msm_rpm_glink_dt_parse: qcom,rpm-glink compatible not matches
<6>[    0.286737] msm_rpm_dev_probe: APSS-RPM communication over SMD
<6>[    0.287795] mdm9607_s2: 750 <--> 1275 mV at 750 mV normal idle 
<6>[    0.288745] mdm9607_s3_level: 0 <--> 0 mV at 0 mV normal idle 
<6>[    0.289381] mdm9607_s3_level_ao: 0 <--> 0 mV at 0 mV normal idle 
<6>[    0.290031] mdm9607_s3_floor_level: 0 <--> 0 mV at 0 mV normal idle 
<6>[    0.290641] mdm9607_s3_level_so: 0 <--> 0 mV at 0 mV normal idle 
<6>[    0.291472] mdm9607_s4: 1800 <--> 1950 mV at 1800 mV normal idle 
<6>[    0.292331] mdm9607_l1: 1250 mV normal idle 
<6>[    0.293199] mdm9607_l2: 1800 mV normal idle 
<6>[    0.294316] mdm9607_l3: 1800 mV normal idle 
<6>[    0.295232] mdm9607_l4: 3075 mV normal idle 
<6>[    0.296120] mdm9607_l5: 1700 <--> 3050 mV at 1700 mV normal idle 
<6>[    0.296988] mdm9607_l6: 1700 <--> 3050 mV at 1700 mV normal idle 
<6>[    0.297797] mdm9607_l7: 1700 <--> 1900 mV at 1700 mV normal idle 
<6>[    0.298605] mdm9607_l8: 1800 mV normal idle 
<6>[    0.299407] mdm9607_l9: 1200 <--> 1250 mV at 1200 mV normal idle 
<6>[    0.300237] mdm9607_l10: 1050 mV normal idle 
<6>[    0.301065] mdm9607_l11: 1800 mV normal idle 
<6>[    0.301867] mdm9607_l12_level: 0 <--> 0 mV at 0 mV normal idle 
<6>[    0.302514] mdm9607_l12_level_ao: 0 <--> 0 mV at 0 mV normal idle 
<6>[    0.303092] mdm9607_l12_level_so: 0 <--> 0 mV at 0 mV normal idle 
<6>[    0.303726] mdm9607_l12_floor_lebel: 0 <--> 0 mV at 0 mV normal idle 
<6>[    0.304776] mdm9607_l13: 1800 <--> 2850 mV at 2850 mV normal idle 
<6>[    0.305624] mdm9607_l14: 2650 <--> 3000 mV at 2650 mV normal idle 
<3>[    0.305929] msm_mpm_dev_probe(): Cannot get clk resource for XO: -517
<6>[    0.306255] cpr_efuse_init: apc_corner: efuse_addr = 0x000a4000 (len=0x1000)
<6>[    0.306325] cpr_read_fuse_revision: apc_corner: fuse revision = 2
<6>[    0.306360] cpr_parse_speed_bin_fuse: apc_corner: [row: 37]: 0x41d15d325b47b7c1, speed_bits = 4
<6>[    0.306468] cpr_pvs_init: apc_corner: pvs voltage: [1050000 1100000 1250000] uV
<6>[    0.306504] cpr_pvs_init: apc_corner: ceiling voltage: [1050000 1225000 1350000] uV
<6>[    0.306538] cpr_pvs_init: apc_corner: floor voltage: [1050000 1050000 1150000] uV
<6>[    0.306809] cpr_init_cpr_parameters: apc_corner: up threshold = 0, down threshold = 2
<6>[    0.306865] cpr_init_cpr_parameters: apc_corner: CPR is disabled by default.
<6>[    0.306916] cpr_init_cpr_efuse: apc_corner: [row:65] = 0x15400291291389
<6>[    0.306954] cpr_init_cpr_efuse: apc_corner: CPR disable fuse = 0
<6>[    0.306983] cpr_init_cpr_efuse: apc_corner: Corner[1]: ro_sel = 0, target quot = 657
<6>[    0.307017] cpr_init_cpr_efuse: apc_corner: Corner[2]: ro_sel = 0, target quot = 657
<6>[    0.307050] cpr_init_cpr_efuse: apc_corner: Corner[3]: ro_sel = 0, target quot = 905
<6>[    0.307253] cpr_config: apc_corner: Timer count: 0x17700 (for 5000 us)
<6>[    0.307838] apc_corner: 0 <--> 0 mV 
<6>[    0.308420] i2c-msm-v2 78b8000.i2c: probing driver i2c-msm-v2
<3>[    0.308525] i2c-msm-v2 78b8000.i2c: error on clk_get(core_clk):-517
<3>[    0.308561] i2c-msm-v2 78b8000.i2c: error probe() failed with err:-517
<6>[    0.309108] msm-thermal soc:qcom,msm-thermal: msm_thermal:Failed reading node=/soc/qcom,msm-thermal, key=qcom,core-limit-temp. err=-22. KTM continues
<6>[    0.309175] msm-thermal soc:qcom,msm-thermal: probe_therm_reset:Failed reading node=/soc/qcom,msm-thermal, key=qcom,therm-reset-temp err=-22. KTM continues
<3>[    0.309224] msm_thermal:get_kernel_cluster_info CPU0 topology not initialized.
<3>[    0.309702] cpu cpu0: dev_pm_opp_get_opp_count: device OPP not found (-19)
<3>[    0.309741] msm_thermal:get_cpu_freq_plan_len Error reading CPU0 freq table len. error:-19
<6>[    0.309772] msm_thermal:vdd_restriction_reg_init Defer vdd rstr freq init.
<3>[    0.310154] cpu cpu0: dev_pm_opp_get_opp_count: device OPP not found (-19)
<3>[    0.310189] msm_thermal:get_cpu_freq_plan_len Error reading CPU0 freq table len. error:-19
<3>[    0.310224] cpu cpu0: dev_pm_opp_get_opp_count: device OPP not found (-19)
<3>[    0.310250] msm_thermal:get_cpu_freq_plan_len Error reading CPU0 freq table len. error:-19
<6>[    0.320556] qcom,gcc-mdm9607 1800000.qcom,gcc: Registered GCC clocks
<6>[    0.321031] clock-a7 b010008.qcom,clock-a7: Speed bin: 4 PVS Version: 0
<6>[    0.321142] a7ssmux: set OPP pair(806400000 Hz: 2 uV) on cpu0
<6>[    0.321195] a7ssmux: set OPP pair(1305600000 Hz: 7 uV) on cpu0
<6>[    0.322830] i2c-msm-v2 78b8000.i2c: probing driver i2c-msm-v2
<3>[    0.322946] AXI: msm_bus_scale_register_client(): msm_bus_scale_register_client: Bus driver not ready.
<6>[    0.322988] i2c-msm-v2 78b8000.i2c: msm_bus_scale_register_client(mstr-id:86):0 (not a problem)
<7>[    0.385959] gpiochip_find_base: found new base at 1018
<7>[    0.386130] gpiochip_add: registered GPIOs 1018 to 1023 on device: pm8019-gpio
<7>[    0.386426] qcom,qpnp-pin qpnp-pin-6: qpnp_pin_probe: gpio_chip registered between 1018-1023
<7>[    0.386607] gpiochip_find_base: found new base at 1012
<7>[    0.386750] gpiochip_add: registered GPIOs 1012 to 1017 on device: pm8019-mpp
<7>[    0.387184] qcom,qpnp-pin qpnp-pin-7: qpnp_pin_probe: gpio_chip registered between 1012-1017
<6>[    0.387497] KPI: Bootloader start count = 21053
<6>[    0.387533] KPI: Bootloader end count = 61105
<6>[    0.387555] KPI: Bootloader display count = 8313039
<6>[    0.387578] KPI: Bootloader load kernel count = 29217
<6>[    0.387601] KPI: Kernel MPM timestamp = 101557
<6>[    0.387622] KPI: Kernel MPM Clock frequency = 32768
<6>[    0.387669] socinfo_print: v0.10, id=290, ver=1.0, raw_id=74, raw_ver=0, hw_plat=8, hw_plat_ver=65536
<6>[    0.387669]  accessory_chip=0, hw_plat_subtype=0, pmic_model=65539, pmic_die_revision=131074 foundry_id=0 serial_number=1531426753
<7>[    0.388164] of_get_named_gpiod_flags: parsed 'gpio' property of node '/soc/sdcard_ext_vreg[0]' - status (0)
<6>[    0.388403] sdcard_ext_vreg: no parameters
<7>[    0.388661] of_get_named_gpiod_flags: parsed 'gpio' property of node '/soc/rome_vreg[0]' - status (0)
<6>[    0.388863] rome_vreg: no parameters
<7>[    0.389084] of_get_named_gpiod_flags: parsed 'gpio' property of node '/soc/emac_lan_vreg[0]' - status (0)
<6>[    0.389294] emac_lan_vreg: no parameters
<5>[    0.390605] SCSI subsystem initialized
<6>[    0.390859] usbcore: registered new interface driver usbfs
<6>[    0.390994] usbcore: registered new interface driver hub
<6>[    0.391243] usbcore: registered new device driver usb
<6>[    0.392655] cpufreq: driver msm up and running
<6>[    0.393378] platform soc:qcom,ion:qcom,ion-heap@28: assigned reserved memory node audio_region@0
<6>[    0.393875] ION heap system created
<6>[    0.394233] ION heap audio created at 0x8fc00000 with size 400000
<3>[    0.394745] msm_bus_fabric_init_driver
<6>[    0.406470] qcom,qpnp-power-on qpnp-power-on-1: PMIC@SID0 Power-on reason: Triggered from Hard Reset and 'cold' boot
<6>[    0.406543] qcom,qpnp-power-on qpnp-power-on-1: PMIC@SID0: Power-off reason: Triggered from PS_HOLD (PS_HOLD/MSM controlled shutdown)
<6>[    0.406958] input: qpnp_pon as /devices/virtual/input/input0
<6>[    0.408002] PMIC@SID0: PM8019 v2.2 options: 3, 2, 2, 2
<6>[    0.409672] Advanced Linux Sound Architecture Driver Initialized.
<6>[    0.410689] Bluetooth: Core ver 2.19
<6>[    0.410776] NET: Registered protocol family 31
<6>[    0.410802] Bluetooth: HCI device and connection manager initialized
<6>[    0.410837] Bluetooth: HCI socket layer initialized
<6>[    0.410868] Bluetooth: L2CAP socket layer initialized
<6>[    0.410923] Bluetooth: SCO socket layer initialized
<6>[    0.411349] cfg80211: Calling CRDA to update world regulatory domain
<6>[    0.411412] cfg80211: World regulatory domain updated:
<6>[    0.411439] cfg80211:  DFS Master region: unset
<6>[    0.411459] cfg80211:   (start_freq - end_freq @ bandwidth), (max_antenna_gain, max_eirp), (dfs_cac_time)
<6>[    0.411502] cfg80211:   (2402000 KHz - 2472000 KHz @ 40000 KHz), (N/A, 2000 mBm), (N/A)
<6>[    0.411538] cfg80211:   (2457000 KHz - 2482000 KHz @ 40000 KHz), (N/A, 2000 mBm), (N/A)
<6>[    0.411573] cfg80211:   (2474000 KHz - 2494000 KHz @ 20000 KHz), (N/A, 2000 mBm), (N/A)
<6>[    0.411607] cfg80211:   (5170000 KHz - 5250000 KHz @ 80000 KHz), (N/A, 2000 mBm), (N/A)
<6>[    0.411642] cfg80211:   (5250000 KHz - 5330000 KHz @ 80000 KHz), (N/A, 2000 mBm), (N/A)
<6>[    0.411677] cfg80211:   (5490000 KHz - 5710000 KHz @ 80000 KHz), (N/A, 2000 mBm), (N/A)
<6>[    0.411712] cfg80211:   (5735000 KHz - 5835000 KHz @ 80000 KHz), (N/A, 2000 mBm), (N/A)
<6>[    0.411747] cfg80211:   (57240000 KHz - 63720000 KHz @ 2160000 KHz), (N/A, 0 mBm), (N/A)
<6>[    0.413134] Switched to clocksource arch_mem_counter
<6>[    0.455703] NET: Registered protocol family 2
<6>[    0.456681] TCP established hash table entries: 2048 (order: 1, 8192 bytes)
<6>[    0.456761] TCP bind hash table entries: 2048 (order: 1, 8192 bytes)
<6>[    0.456811] TCP: Hash tables configured (established 2048 bind 2048)
<6>[    0.456961] TCP: reno registered
<6>[    0.457001] UDP hash table entries: 256 (order: 0, 4096 bytes)
<6>[    0.457046] UDP-Lite hash table entries: 256 (order: 0, 4096 bytes)
<6>[    0.457309] NET: Registered protocol family 1
<6>[    0.460277] futex hash table entries: 256 (order: -1, 3072 bytes)
<6>[    0.473687] msgmni has been set to 304
<6>[    0.477034] Block layer SCSI generic (bsg) driver version 0.4 loaded (major 251)
<6>[    0.477094] io scheduler noop registered
<6>[    0.477124] io scheduler deadline registered
<6>[    0.477394] io scheduler cfq registered (default)
<7>[    0.477547] gpiochip_find_base: found new base at 980
<7>[    0.477712] gpiochip_add: registered GPIOs 980 to 1011 on device: smp2p
<7>[    0.477956] gpiochip_find_base: found new base at 948
<7>[    0.478100] gpiochip_add: registered GPIOs 948 to 979 on device: smp2p
<7>[    0.478156] gpiochip_find_base: found new base at 916
<7>[    0.478311] gpiochip_add: registered GPIOs 916 to 947 on device: smp2p
<7>[    0.478525] gpiochip_find_base: found new base at 884
<7>[    0.478685] gpiochip_add: registered GPIOs 884 to 915 on device: smp2p
<7>[    0.478743] gpiochip_find_base: found new base at 852
<7>[    0.478885] gpiochip_add: registered GPIOs 852 to 883 on device: slave-kernel
<7>[    0.479038] gpiochip_find_base: found new base at 852
<7>[    0.479180] gpiochip_add: registered GPIOs 852 to 883 on device: master-kernel
<5>[    0.486085] msm_rpm_log_probe: OK
<7>[    0.487414] of_get_named_gpiod_flags: parsed 'qcom,gpio-proxy-unvote' property of node '/soc/qcom,mss@4080000[0]' - status (-517)
<4>[    0.488119] gsm_init: loaded as 250,0.
<6>[    0.488945] msm_serial_hs module loaded
<6>[    0.489378] msm_hsl_dt_to_pdata: read config-gpio ret=-22
<6>[    0.489413] msm_hsl_dt_to_pdata: read config-gpio =0 start.
<6>[    0.489440] msm_serial_hsl_probe: detected port #0 (ttyHSL0)
<6>[    0.489493] msm_serial_hsl_probe: two_wire   func_mode:0
<3>[    0.489524] AXI: get_pdata(): Error: Client name not found
<3>[    0.489550] AXI: msm_bus_cl_get_pdata(): client has to provide missing entry for successful registration
<3>[    0.489584] msm_serial_hsl_probe: Bus scaling is disabled
<6>[    0.489770] 78b3000.serial: ttyHSL0 at MMIO 0x78b3000 (irq = 153, base_baud = 460800) is a MSM
<6>[    0.490338] msm_hsl_dt_to_pdata: read config-gpio ret=0
<6>[    0.490371] msm_hsl_dt_to_pdata: read config-gpio =4 start.
<7>[    0.490421] of_get_named_gpiod_flags: parsed 'qcom,tx-gpio' property of node '/soc/serial@78b1000[0]' - status (0)
<7>[    0.490448] of_get_named_gpiod_flags: parsed 'qcom,rx-gpio' property of node '/soc/serial@78b1000[0]' - status (0)
<6>[    0.490459] msm_hsl_dt_to_pdata: read config-gpio= ok
<7>[    0.490499] of_get_named_gpiod_flags: parsed 'qcom,cts-gpio' property of node '/soc/serial@78b1000[0]' - status (0)
<7>[    0.490524] of_get_named_gpiod_flags: parsed 'qcom,rfr-gpio' property of node '/soc/serial@78b1000[0]' - status (0)
<6>[    0.490538] msm_serial_hsl_probe: detected port #1 (ttyHSL1)
<6>[    0.490582] msm_serial_hsl_probe: four_wire   func_mode:1
<6>[    0.490973] 78b1000.serial: ttyHSL1 at MMIO 0x78b1000 (irq = 151, base_baud = 460800) is a MSM
<6>[    0.494561] msm_serial_hsl_init: driver initialized
<4>[    0.496065] [LS_RI]ri_init!
<4>[    0.496096] [LS_RI]gpio_uart_ri_probe!
<4>[    0.496131] frist request gpio ok LS_UART_RI_GPIO
<4>[    0.496156] allocate data to r_pme strcut
<4>[    0.496178] [LS_RI]:ls_ri_init    finish!!! 
<6>[    0.510498] tbox:+power_dev_init
<6>[    0.510574] tbox:gpio mpu_wake_mcu init start
<6>[    0.510762] tbox:gpio mpu_wake_mcu init success
<6>[    0.510789] tbox:gpio mcu_wake_mpu init start
<6>[    0.511427] tbox:gpio mcu_wake_mpu init success
<6>[    0.511462] tbox:gpio mcu_notify_mpu1 init start
<6>[    0.511645] tbox:gpio mcu_notify_mpu1 init success
<6>[    0.511672] tbox:gpio mcu_notify_mpu2 init start
<6>[    0.511825] tbox:gpio mcu_notify_mpu2 init success
<6>[    0.511851] tbox:gpio bt_host_wake init start
<6>[    0.512324] tbox:gpio bt_host_wake init success
<6>[    0.512359] tbox:gpio bt_dev_wake init start
<6>[    0.512563] tbox:gpio bt_dev_wake init success
<6>[    0.512589] tbox:gpio mpu_update init start
<6>[    0.512739] tbox:gpio mpu_update init success
<6>[    0.512763] tbox:gpio wlan_en init start
<6>[    0.512908] tbox:gpio wlan_en init success
<6>[    0.512932] tbox:-power_dev_init
<6>[    0.522429] brd: module loaded
<6>[    0.526774] loop: module loaded
<4>[    0.529764] ls_netlink_init.
<7>[    0.530617] lct_gpio_utility soc:lct,gpio-utility: lct_gpios_test_probe: OK
<4>[    0.531004] i2c-core: driver [tabla-i2c-core] using legacy suspend method
<4>[    0.531041] i2c-core: driver [tabla-i2c-core] using legacy resume method
<4>[    0.531282] i2c-core: driver [wcd9xxx-i2c-core] using legacy suspend method
<4>[    0.531313] i2c-core: driver [wcd9xxx-i2c-core] using legacy resume method
<4>[    0.531513] i2c-core: driver [tasha-i2c-core] using legacy suspend method
<4>[    0.531542] i2c-core: driver [tasha-i2c-core] using legacy resume method
<6>[    0.531818] SCSI Media Changer driver v0.25 
<3>[    0.536711] sps: BAM device 0x07984000 is not registered yet.
<6>[    0.537589] sps:BAM 0x07984000 is registered.
<6>[    0.537632] msm_nand_bam_init: msm_nand_bam_init: BAM device registered: bam_handle 0xceaa0000
<6>[    0.537999] sps:BAM 0x07984000 (va:0xd09a0000) enabled: ver:0x18, number of pipes:7
<6>[    0.540211] msm_nand_parse_smem_ptable: Parsing partition table info from SMEM
<6>[    0.540297] msm_nand_parse_smem_ptable: SMEM partition table found: ver: 4 len: 17
<6>[    0.540355] msm_nand_version_check: nand_major:1, nand_minor:5, qpic_major:1, qpic_minor:5
<3>[    0.540428] msm_nand_scan: missing page size info - extract from NAND ID
<6>[    0.540459] msm_nand_scan: NAND Id: 0x1590acad Buswidth: 8Bits Density: 512 MByte
<6>[    0.540492] msm_nand_scan: pagesize: 2048 Erasesize: 131072 oobsize: 64 (in Bytes)
<6>[    0.540523] msm_nand_scan: BCH ECC: 4 Bit
<6>[    0.540555] msm_nand_scan: CFG0: 0x2a0408c0,           CFG1: 0x0804745c
<6>[    0.540555]             RAWCFG0: 0x2c8400c0,        RAWCFG1: 0x0005055d
<6>[    0.540555]           ECCBUFCFG: 0x00000203,      ECCBCHCFG: 0x42040700
<6>[    0.540555]           RAWECCCFG: 0x42000701, BAD BLOCK BYTE: 0x000001d1
<5>[    0.540650] Creating 17 MTD partitions on "7980000.nand":
<5>[    0.540683] 0x000000000000-0x000000140000 : "sbl"
<5>[    0.541976] 0x000000140000-0x000000280000 : "mibib"
<5>[    0.543054] 0x000000280000-0x000000e80000 : "efs2"
<5>[    0.544129] 0x000000e80000-0x000001000000 : "tz"
<5>[    0.545160] 0x000001000000-0x000001140000 : "rpm"
<5>[    0.546190] 0x000001140000-0x000001280000 : "aboot"
<5>[    0.547230] 0x000001280000-0x000001a60000 : "boot"
<5>[    0.548304] 0x000001a60000-0x000001aa0000 : "scrub"
<5>[    0.549397] 0x000001aa0000-0x000005260000 : "modem"
<5>[    0.550480] 0x000005260000-0x0000053a0000 : "misc"
<5>[    0.551585] 0x0000053a0000-0x000005a80000 : "recovery"
<5>[    0.552595] 0x000005a80000-0x000005c00000 : "fota"
<5>[    0.553574] 0x000005c00000-0x000007a00000 : "recoveryfs"
<5>[    0.555042] 0x000007a00000-0x00000de00000 : "system"
<5>[    0.556160] 0x00000de00000-0x00000f200000 : "oeminfo"
<5>[    0.557230] 0x00000f200000-0x000015600000 : "system_b"
<5>[    0.558289] 0x000015600000-0x000020000000 : "vendor"
<6>[    0.559439] msm_nand_probe: NANDc phys addr 0x7980000, BAM phys addr 0x7984000, BAM IRQ 164
<6>[    0.559484] msm_nand_probe: Allocated DMA buffer at virt_addr 0xcf840000, phys_addr 0x8f840000
<6>[    0.563117] PPP generic driver version 2.4.2
<6>[    0.563410] PPP BSD Compression module registered
<6>[    0.563446] PPP Deflate Compression module registered
<6>[    0.563489] PPP MPPE Compression module registered
<6>[    0.563527] NET: Registered protocol family 24
<6>[    0.569728] cnss_configure_ramdump: ramdump addr: d2c00000, phys: 0x87a00000 subsys:'AR6320'
<6>[    0.570393] cnss_sdio 87a00000.qcom,cnss-sdio: CNSS SDIO Driver registered
<6>[    0.573713] msm_otg 78d9000.usb: msm_otg probe
<7>[    0.574242] of_get_named_gpiod_flags: can't parse 'qcom,hub-reset-gpio' property of node '/soc/usb@78d9000[0]'
<7>[    0.574265] of_get_named_gpiod_flags: can't parse 'qcom,sw-sel-gpio' property of node '/soc/usb@78d9000[0]'
<7>[    0.574317] of_get_named_gpiod_flags: parsed 'qcom,usbid-gpio' property of node '/soc/usb@78d9000[0]' - status (0)
<7>[    0.574346] of_get_named_gpiod_flags: can't parse 'qcom,hsusb-otg-vddmin-gpio' property of node '/soc/usb@78d9000[0]'
<6>[    0.576053] msm_otg 78d9000.usb: OTG regs = d08ee000
<6>[    0.582106] ehci_hcd: USB 2.0 'Enhanced' Host Controller (EHCI) Driver
<6>[    0.582514] ehci-msm: Qualcomm On-Chip EHCI Host Controller
<6>[    0.582984] usbcore: registered new interface driver cdc_acm
<6>[    0.583017] cdc_acm: USB Abstract Control Model driver for USB modems and ISDN adapters
<6>[    0.583154] usbcore: registered new interface driver usb-storage
<6>[    0.583245] usbcore: registered new interface driver ums-alauda
<6>[    0.583332] usbcore: registered new interface driver ums-cypress
<6>[    0.583417] usbcore: registered new interface driver ums-datafab
<6>[    0.583504] usbcore: registered new interface driver ums-freecom
<6>[    0.583589] usbcore: registered new interface driver ums-isd200
<6>[    0.583678] usbcore: registered new interface driver ums-jumpshot
<6>[    0.583783] usbcore: registered new interface driver ums-karma
<6>[    0.583874] usbcore: registered new interface driver ums-onetouch
<6>[    0.584064] usbcore: registered new interface driver ums-sddr09
<6>[    0.584168] usbcore: registered new interface driver ums-sddr55
<6>[    0.584256] usbcore: registered new interface driver ums-usbat
<6>[    0.586023] gbridge_init: gbridge_init successs.
<6>[    0.588151] qcom,qpnp-rtc qpnp-rtc-5: rtc core: registered qpnp_rtc as rtc0
<6>[    0.588542] msm_otg 78d9000.usb: phy_reset: success
<6>[    0.588711] i2c /dev entries driver
<3>[    0.589842] unable to find DT imem DLOAD mode node
<3>[    0.590227] unable to find DT imem EDLOAD mode node
<3>[    0.590567] unable to find DT imem dload-type node
<6>[    0.614052] Bluetooth: HCI UART driver ver 2.2
<6>[    0.614093] Bluetooth: HCI H4 protocol initialized
<6>[    0.614117] Bluetooth: HCI_IBS protocol initialized
<7>[    0.614312] of_get_named_gpiod_flags: parsed 'qca,bt-reset-gpio' property of node '/bt_qca6174[0]' - status (0)
<6>[    0.614331] bt_dt_parse_vreg_info: qca,bt-vdd-core: is not provided in device tree
<4>[    0.614421] bt_power bt_qca6174: no qca,bt-vdd-pa-voltage-level property
<6>[    0.614453] bt_dt_parse_vreg_info: qca,bt-vdd-ldo: is not provided in device tree
<6>[    0.614486] bt_dt_parse_vreg_info: qca,bt-chip-pwd: is not provided in device tree
<6>[    0.615458] sdhci: Secure Digital Host Controller Interface driver
<6>[    0.615495] sdhci: Copyright(c) Pierre Ossman
<6>[    0.615528] sdhci-pltfm: SDHCI platform and OF driver helper
<4>[    0.616155] sdhci_msm 7824900.sdhci: sdhci_msm_probe: ICE device is not enabled
<7>[    0.616219] of_get_named_gpiod_flags: can't parse 'cd-gpios' property of node '/soc/sdhci@7824900[0]'
<7>[    0.616236] of_get_named_gpiod_flags: can't parse 'pwren-gpio' property of node '/soc/sdhci@7824900[0]'
<6>[    0.616248] [sdhci_msm_populate_pdata] en_gpio: -2
<6>[    0.616290] sdhci_msm 7824900.sdhci: No vreg data found for vdd
<3>[    0.616620] sdhci_msm 7824900.sdhci: sdhci_msm_pm_qos_parse_irq: error -22 reading irq cpu
<5>[    0.616664] sdhci_msm 7824900.sdhci: sdhci_msm_pm_qos_parse: PM QoS voting for IRQ will be disabled
<5>[    0.616706] sdhci_msm 7824900.sdhci: sdhci_msm_pm_qos_parse: PM QoS voting for cpu group will be disabled
<6>[    0.619640] sdhci_msm 7824900.sdhci: No vmmc regulator found
<6>[    0.619686] sdhci_msm 7824900.sdhci: No vqmmc regulator found
<6>[    0.620104] mmc0: SDHCI controller on 7824900.sdhci [7824900.sdhci] using 32-bit ADMA in legacy mode
<4>[    0.649171] sdhci_msm 7864900.sdhci: sdhci_msm_probe: ICE device is not enabled
<7>[    0.649233] of_get_named_gpiod_flags: can't parse 'cd-gpios' property of node '/soc/sdhci@07864900[0]'
<7>[    0.649250] of_get_named_gpiod_flags: can't parse 'pwren-gpio' property of node '/soc/sdhci@07864900[0]'
<6>[    0.649262] [sdhci_msm_populate_pdata] en_gpio: -2
<3>[    0.649633] sdhci_msm 7864900.sdhci: sdhci_msm_pm_qos_parse_irq: error -22 reading irq cpu
<5>[    0.649677] sdhci_msm 7864900.sdhci: sdhci_msm_pm_qos_parse: PM QoS voting for IRQ will be disabled
<5>[    0.649719] sdhci_msm 7864900.sdhci: sdhci_msm_pm_qos_parse: PM QoS voting for cpu group will be disabled
<6>[    0.656992] sdhci_msm 7864900.sdhci: No vmmc regulator found
<6>[    0.657036] sdhci_msm 7864900.sdhci: No vqmmc regulator found
<6>[    0.657558] mmc1: SDHCI controller on 7864900.sdhci [7864900.sdhci] using 32-bit ADMA in legacy mode
<6>[    0.687737] usbcore: registered new interface driver usbhid
<6>[    0.687775] usbhid: USB HID core driver
<6>[    0.690121] logger: created 1024K log 'autolink_log/tsp'
<6>[    0.692380] logger: created 1024K log 'autolink_log/mpu'
<4>[    0.694341] www===usb-dbg --ulpi_init,line=755,entry
<4>[    0.694382] www===usb-dbg --ulpi_init,line=767,use pdata->phy_init_seq
<4>[    0.694445] www===usb-dbg --ulpi_init,line=772,default usb phy para: 0x80 = 0x33,0x81 = 0x33,0x82 = 0x7,0x83 = 0x13
<4>[    0.694482] www===usb-dbg --ulpi_init,line=779,no phy init data,will return
<6>[    0.699821] logger: created 1024K log 'autolink_log/mcu'
<6>[    0.702295] logger: created 1024K log 'autolink_log/system'
<6>[    0.704793] sps:BAM 0x078c4000 is registered.
<3>[    0.704895] IPA HW is not supported on this target
<6>[    0.705933] bimc-bwmon 408000.qcom,cpu-bwmon: BW HWmon governor registered.
<3>[    0.707731] devfreq soc:qcom,cpubw: Couldn't update frequency transition information.
<6>[    0.709271] coresight-fuse a601c.fuse: QPDI fuse not specified
<6>[    0.709667] coresight-fuse a601c.fuse: Fuse initialized
<6>[    0.715238] coresight-csr 6001000.csr: CSR initialized
<6>[    0.715990] coresight-tmc 6026000.tmc: Byte Counter feature enabled
<6>[    0.716788] sps:BAM 0x06084000 is registered.
<6>[    0.717288] coresight-tmc 6026000.tmc: TMC initialized
<6>[    0.717837] coresight-tmc 6025000.tmc: TMC initialized
<6>[    0.720057] nidnt boot config: 0
<6>[    0.721316] coresight-tpiu 6020000.tpiu: NIDnT on SDCARD only mode
<6>[    0.721547] coresight-tpiu 6020000.tpiu: TPIU initialized
<6>[    0.723153] coresight-replicator 6024000.replicator: REPLICATOR initialized
<6>[    0.724080] coresight-stm 6002000.stm: STM initialized
<6>[    0.724760] coresight-hwevent 606c000.hwevent: Hardware Event driver initialized
<3>[    0.726454] i2c-msm-v2 78b8000.i2c: msm_bus_scale_register_client(mstr-id:86):0x7 (ok)
<3>[    0.726676] i2c-msm-v2 78b8000.i2c: NACK: slave not responding, ensure its powered: msgs(n:2 cur:0 tx) bc(rx:2 tx:2) mode:FIFO slv_addr:0xa MSTR_STS:0x0d1300c8 OPER:0x00000010
<4>[    0.726884] sgtl5000: probe of 4-000a failed with error -107
<7>[    0.727536] of_get_named_gpiod_flags: parsed 'gpio-reset' property of node '/soc/i2c@78b8000/tlv320aic3x@18[0]' - status (0)
<4>[    0.727604] 4-0018 supply IOVDD not found, using dummy regulator
<4>[    0.727714] 4-0018 supply DVDD not found, using dummy regulator
<4>[    0.727789] 4-0018 supply AVDD not found, using dummy regulator
<4>[    0.727860] 4-0018 supply DRVDD not found, using dummy regulator
<3>[    0.737276] mdm9607-pinctrl 1000000.pinctrl: invalid group "gpio20" for function "sec_mi2s"
<3>[    0.737348] mdm9607-pinctrl 1000000.pinctrl: invalid group "gpio23" for function "sec_mi2s"
<3>[    0.737401] mdm9607-pinctrl 1000000.pinctrl: invalid group "gpio21" for function "sec_mi2s"
<3>[    0.737451] mdm9607-pinctrl 1000000.pinctrl: invalid group "gpio22" for function "sec_mi2s"
<3>[    0.737502] mdm9607-pinctrl 1000000.pinctrl: invalid group "gpio20" for function "sec_mi2s"
<3>[    0.737551] mdm9607-pinctrl 1000000.pinctrl: invalid group "gpio23" for function "sec_mi2s"
<3>[    0.737601] mdm9607-pinctrl 1000000.pinctrl: invalid group "gpio21" for function "sec_mi2s"
<3>[    0.737650] mdm9607-pinctrl 1000000.pinctrl: invalid group "gpio22" for function "sec_mi2s"
<6>[    0.740995] msm-compr-dsp soc:qcom,msm-compr-dsp: msm_compr_probe: dev name soc:qcom,msm-compr-dsp
<6>[    0.743752] msm_pcm_probe: dev name soc:qcom,msm-voice-host-pcm
<3>[    0.752777] mdm9607-asoc-snd soc:sound: Defering mdm_asoc_machine_probe, q6_state 0
<6>[    0.753288] Netfilter messages via NETLINK v0.30.
<6>[    0.753403] nf_conntrack version 0.5.0 (2437 buckets, 9748 max)
<6>[    0.754529] ctnetlink v0.93: registering with nfnetlink.
<6>[    0.755537] ip_set: protocol 6
<6>[    0.756118] ip_tables: (C) 2000-2006 Netfilter Core Team
<6>[    0.756380] arp_tables: (C) 2002 David S. Miller
<6>[    0.756483] TCP: cubic registered
<6>[    0.757431] NET: Registered protocol family 10
<6>[    0.758777] ip6_tables: (C) 2000-2006 Netfilter Core Team
<6>[    0.759110] sit: IPv6 over IPv4 tunneling driver
<6>[    0.760019] NET: Registered protocol family 17
<6>[    0.760152] bridge: automatic filtering via arp/ip/ip6tables has been deprecated. Update your scripts to load br_netfilter if you need this.
<5>[    0.760235] Bridge firewalling registered
<6>[    0.760269] Ebtables v2.0 registered
<6>[    0.760494] lib80211: common routines for IEEE802.11 drivers
<7>[    0.760526] lib80211_crypt: registered algorithm 'NULL'
<7>[    0.760548] lib80211_crypt: registered algorithm 'WEP'
<7>[    0.760570] lib80211_crypt: registered algorithm 'CCMP'
<7>[    0.760591] lib80211_crypt: registered algorithm 'TKIP'
<6>[    0.761649] NET: Registered protocol family 27
<7>[    0.765643] gpiochip_find_base: found new base at 852
<7>[    0.765804] gpiochip_add: registered GPIOs 852 to 883 on device: slave-kernel
<7>[    0.766148] gpiochip_find_base: found new base at 820
<7>[    0.766340] gpiochip_add: registered GPIOs 820 to 851 on device: master-kernel
<7>[    0.766971] of_get_named_gpiod_flags: parsed 'qcom,gpio-proxy-unvote' property of node '/soc/qcom,mss@4080000[0]' - status (0)
<7>[    0.767920] of_get_named_gpiod_flags: parsed 'qcom,gpio-err-fatal' property of node '/soc/qcom,mss@4080000[0]' - status (0)
<7>[    0.767947] of_get_named_gpiod_flags: parsed 'qcom,gpio-err-ready' property of node '/soc/qcom,mss@4080000[0]' - status (0)
<7>[    0.767969] of_get_named_gpiod_flags: parsed 'qcom,gpio-stop-ack' property of node '/soc/qcom,mss@4080000[0]' - status (0)
<7>[    0.767990] of_get_named_gpiod_flags: parsed 'qcom,gpio-force-stop' property of node '/soc/qcom,mss@4080000[0]' - status (0)
<7>[    0.768013] of_get_named_gpiod_flags: parsed 'qcom,gpio-shutdown-ack' property of node '/soc/qcom,mss@4080000[0]' - status (0)
<7>[    0.768614] of_get_named_gpiod_flags: can't parse 'qcom,chg-valid-gpio' property of node '/soc/i2c@78b8000/smb358-charger@57[0]'
<3>[    0.770106] i2c-msm-v2 78b8000.i2c: NACK: slave not responding, ensure its powered: msgs(n:2 cur:0 tx) bc(rx:1 tx:1) mode:FIFO slv_addr:0x57 MSTR_STS:0x0d1300c8 OPER:0x00000010
<3>[    0.770235] smb358-charger 4-0057: i2c read fail: can't read from 01: -107
<3>[    0.770266] SMB358 smb358_charger_probe: Failed to detect SMB358, device absent, rc = -107
<4>[    0.770317] smb358-charger: probe of 4-0057 failed with error -107
<3>[    0.781801] mdm9607-asoc-snd soc:sound: Defering mdm_asoc_machine_probe, q6_state 0
<7>[    0.784963] of_get_named_gpiod_flags: parsed 'gpios' property of node '/soc/qcom,smp2pgpio_test_smp2p_15_in[0]' - status (0)
<7>[    0.785089] of_get_named_gpiod_flags: parsed 'gpios' property of node '/soc/qcom,smp2pgpio_test_smp2p_15_out[0]' - status (0)
<7>[    0.785177] of_get_named_gpiod_flags: parsed 'gpios' property of node '/soc/qcom,smp2pgpio_test_smp2p_1_in[0]' - status (0)
<7>[    0.785259] of_get_named_gpiod_flags: parsed 'gpios' property of node '/soc/qcom,smp2pgpio_test_smp2p_1_out[0]' - status (0)
<3>[    0.925895] mdm9607-asoc-snd soc:sound: Defering mdm_asoc_machine_probe, q6_state 0
<5>[    0.926281] ubi0: attaching mtd13
<5>[    1.405980] ubi0: scanning is finished
<5>[    1.414460] ubi0: attached mtd13 (name "system", size 100 MiB)
<5>[    1.414503] ubi0: PEB size: 131072 bytes (128 KiB), LEB size: 126976 bytes
<5>[    1.414531] ubi0: min./max. I/O unit sizes: 2048/2048, sub-page size 2048
<5>[    1.414559] ubi0: VID header offset: 2048 (aligned 2048), data offset: 4096
<5>[    1.414588] ubi0: good PEBs: 800, bad PEBs: 0, corrupted PEBs: 0
<5>[    1.414614] ubi0: user volume: 1, internal volumes: 1, max. volumes count: 128
<5>[    1.414647] ubi0: max/mean erase counter: 8/4, WL threshold: 4096, image sequence number: 35657280
<5>[    1.414682] ubi0: available PEBs: 0, total reserved PEBs: 800, PEBs reserved for bad PEB handling: 80
<6>[    1.414760] RNDIS_IPA module is loaded.
<6>[    1.415801] file system registered
<6>[    1.415957] mbim_init: initialize 1 instances
<6>[    1.416137] mbim_init: Initialized 1 ports
<5>[    1.416515] ubi0: background thread "ubi_bgt0d" started, PID 122
<6>[    1.419274] rndis_qc_init: initialize rndis QC instance
<6>[    1.419864] Number of LUNs=8
<6>[    1.419952] Mass Storage Function, version: 2009/09/11
<6>[    1.419985] LUN: removable file: (no medium)
<6>[    1.420107] Number of LUNs=1
<6>[    1.420241] LUN: removable file: (no medium)
<6>[    1.420267] Number of LUNs=1
<6>[    1.420748] android_usb gadget: android_usb ready
<6>[    1.420787] msm_hsusb msm_hsusb: [ci13xxx_start] hw_ep_max = 32
<6>[    1.420859] msm_hsusb msm_hsusb: CI13XXX_CONTROLLER_RESET_EVENT received
<6>[    1.420894] msm_hsusb msm_hsusb: CI13XXX_CONTROLLER_UDC_STARTED_EVENT received
<3>[    1.421406] mdm9607-asoc-snd soc:sound: Defering mdm_asoc_machine_probe, q6_state 0
<6>[    1.422007] qcom,qpnp-rtc qpnp-rtc-5: setting system clock to 1970-01-01 00:32:29 UTC (1949)
<3>[    1.423285] mdm9607-asoc-snd soc:sound: Defering mdm_asoc_machine_probe, q6_state 0
<6>[    1.425359] parse_legacy_cluster_params(): Ignoring cluster params
<6>[    1.425427] /soc/qcom,lpm-levels/qcom,pm-cluster@0: No CPU phandle, assuming single cluster
<3>[    1.426699] mdm9607-asoc-snd soc:sound: Defering mdm_asoc_machine_probe, q6_state 0
<6>[    1.428987] qcom,cc-debug-mdm9607 1800000.qcom,debug: Registered Debug Mux successfully
<3>[    1.429471] mdm9607-asoc-snd soc:sound: Defering mdm_asoc_machine_probe, q6_state 0
<6>[    1.429993] emac_lan_vreg: disabling
<6>[    1.430052] mem_acc_corner: disabling
<6>[    1.430085] clock_late_init: Removing enables held for handed-off clocks
<6>[    1.431741] ALSA device list:
<6>[    1.431774]   No soundcards found.
<5>[    1.466849] UBIFS (ubi0:0): recovery needed
<5>[    1.530708] UBIFS (ubi0:0): recovery deferred
<5>[    1.530865] UBIFS (ubi0:0): UBIFS: mounted UBI device 0, volume 0, name "rootfs", R/O mode
<5>[    1.530906] UBIFS (ubi0:0): LEB size: 126976 bytes (124 KiB), min./max. I/O unit sizes: 2048 bytes/2048 bytes
<5>[    1.530949] UBIFS (ubi0:0): FS size: 89518080 bytes (85 MiB, 705 LEBs), journal size 9023488 bytes (8 MiB, 72 LEBs)
<5>[    1.530986] UBIFS (ubi0:0): reserved for root: 0 bytes (0 KiB)
<5>[    1.531019] UBIFS (ubi0:0): media format: w4/r0 (latest is w4/r0), UUID BD8561F1-4FB4-4FE5-941C-5AA4F7BE90D7, small LPT model
